Boul.
Boulevard
Dr.
Drive
Ave.
Avenue
St.
Street
Rd.
Road
City
County
Afghanistan
Albania
Algeria
American Samoa
Andorra
Angola
Anguilla
Antarctic Lands
Antarctica
Antigua
Antigua and Barbuda
Argentina
Armenia
Aruba
Ashmore Islands
Ashmore and Cartier Islands
Australia
Austria
Azerbaijan
Bahamas
Bahrain
Baker Island
Bangladesh
Barbados
Barbuda
Bassas da India
Belarus
Belgium
Belize
Benin
Bermuda
Bhutan
Bolivia
Borneo
Bosnia
Bosnia Herzegovina
Bosnia and Herzegovina
Botswana
Bouvet Island
Brazil
Britain
British Indian Ocean Territory
British Virgin Islands
Brunei
Bulgaria
Burkina Faso
Burma
Burundi
Caicos Islands
Cambodia
Cameroon
Canada
Cape Verde
Cartier Islands
Cayman Islands
Central African Republic
Chad
Chile
China
Christmas Island
Clipperton
Clipperton Island
Cocos
Colombia
Comoros
Congo
Congo , Democratic Republic of the
Congo , Republic of the
Cook Islands
Coral Sea Islands
Costa Rica
Cote D 'Ivoire
Cote d 'Ivoire
Croatia
Cuba
Cyprus
Czech Republic
Czechoslovakia
Democratic Republic of the Congo
Denmark
Djibouti
Dominica
Dominican Republic
East Timor
Ecuador
Egypt
El Salvador
England
Equatorial Guinea
Eritrea
Estonia
Ethiopia
Europa Island
European Union
Falkland Islands
Faroe Islands
Federated States of Micronesia
Fiji
Finland
Former Yugoslav Republic of Macedonia
France
French Guiana
French Polynesia
French Southern
French Southern and Antarctic Lands
FRG
Gabon
Gambia
Georgia
Germany
Ghana
Gibraltar
Glorioso
Glorioso Islands
Greece
Greenland
Grenadan
Guadeloupe
Guam
Guatemala
Guernsey
Guinea
Guinea-Bissau
Guyana
Haiti
Heard Island
Heard Island and McDonald Islands
Herzegovina
Holland
Holy See
Honduras
Hong Kong
Howland Island
Hungary
Iceland
India
Indonesia
Iran
Iraq
Ireland
Islas Malvinas
Isle of Man
Israel
Italy
Ivory Coast
Jamaica
Jan Mayen
Japan
Jarvis Island
Jersey
Johnston Atoll
Jordan
Juan de Nova Island
Kazakhstan
Keeling Islands
Kenya
Kingman Reef
Kiribati
Korea
Kuwait
Kyrgyzstan
Laos
Latvia
Lebanon
Lesotho
Liberia
Libya
Liechtenstein
Lithuania
Luxembourg
Macau
Macedonia
Madagascar
Malawi
Malaysia
Maldives
Mali
Malta
Man , Isle of
Marshall Islands
Martinique
Mauritania
Mauritius
Mayotte
McDonald Islands
Mexico
Micronesia
Midway Islands
Moldova
Monaco
Mongolia
Montenegro
Montserrat
Morocco
Mozambique
Myanmar
Namibia
Nauru
Navassa Island
Nepal
Netherlands
Netherlands Antilles
Nevis
New Caledonia
New Guinea
New Zealand
Nicaragua
Niger
Nigeria
Niue
Norfolk Island
North Korea
North Vietnam
Northern Mariana Islands
Norway
Oman
PRC
Pakistan
Palau
Palestine
Palmyra Atoll
Panama
Papua
Papua New Guinea
Paracel Islands
Paraguay
People Republic of China
Persia
Peru
Philippines
Pitcairn Islands
Poland
Portugal
Puerto Rico
Qatar
Republic of the Congo
Republic of Chile
Reunion
Romania
Russia
Rwanda
Saint Helena
Saint Kitts
Saint Kitts and Nevis
Saint Lucia
Saint Pierre and Miquelon
Saint Vincent and the Grenadines
Samoa
San Marino
Sao Tome and Principe
Saudi Arabia
Senegal
Serbia
Serbia and Montenegro
Seychelles
Sierra Leone
Singapore
Slovakia
Slovenia
Solomon Islands
Somalia
South Africa
South Georgia
South Georgia and the South Sandwich Islands
South Korea
South Sandwich Isklands
South Sandwich Islands
South Vietnam
Soviet
soviet
Soviet Union
Spain
Spratly Islands
Sri Lanka
Sudan
Suriname
Svalbard
Swaziland
Sweden
Switzerland
Syria
Taiwan
Tajikistan
Tanzania
Thailand
Tibet
Tobago
Togo
Tokelau
Tonga
Trinidad
Trinidad and Tobago
Tromelin Island
Tunisia
Turkey
Turkmenistan
Turks
Turks and Caicos Islands
Tuvalu
U.K.
U.K
U.S.
U.S
U.k.
UK
US
USA
U.S.A.
USSR
Uganda
Ukraine
United Arab Emirates
United Kingdom
United States
United States of America
Uruguay
Uzbekistan
Vanuatu
Vatican City
Vatican
Venezuela
Vietnam
Virgin Islands
Wake Island
Wallis and Futuna
Western Sahara
Yemen
Yugoslav Republic of Macedonia
Yugoslavia
Zaire
Zambia
Zimbabwe
Wales
ALABAMA
ALASKA
ARIZONA
ARKANSAS
CALIFORNIA
COLORADO
CONNECTICUT
DELAWARE
DISTRICT OF COLUMBIA
District of Columbia
FLORIDA
GEORGIA
HAWAII
IDAHO
ILLINOIS
INDIANA
IOWA
KANSAS
KENTUCKY
LOUISIANA
MAINE
MARYLAND
MASSACHUSETTS
MICHIGAN
MINNESOTA
MISSISSIPPI
MISSOURI
MONTANA
NEBRASKA
NEVADA
NEW HAMPSHIRE
NEW JERSEY
NEW MEXICO
NEW YORK
NORTH CAROLINA
NORTH DAKOTA
OHIO
OKLAHOMA
OREGON
PENNSYLVANIA
RHODE ISLAND
SOUTH CAROLINA
SOUTH DAKOTA
TENNESSEE
TEXAS
UTAH
VERMONT
VIRGINIA
WASHINGTON
WEST VIRGINIA
WISCONSIN
WYOMING
Alabama
Alaska
Arizona
Arkansas
California
Colorado
Connecticut
Conn.
Delaware
Florida
Georgia
Hawaii
Idaho
Illinois
Indiana
Iowa
Kansas
Kentucky
Louisiana
Maine
Maryland
Massachusetts
Michigan
Minnesota
Mississippi
Missouri
Montana
Nebraska
Nevada
New Hampshire
New Jersey
New Mexico
New York
North Carolina
North Dakota
Ohio
Oklahoma
Oregon
Ore.
Pennsylvania
Rhode Island
South Carolina
South Dakota
Tennessee
Texas
US Territories
Utah
Vermont
Virginia
Washington
Washington DC
West Virginia
Wisconsin
Wyoming
Puerto Rico
FEDERATED STATES OF MICRONESIA
Federated States of Micronesia
AL
AK
AZ
AR
CA
CO
CT
DE
DC
FL
GA
HI
ID
IL
IN
IA
KS
KY
LA
ME
MD
MA
MI
MN
MS
MO
MT
NE
NV
NH
NJ
NM
NY
NC
ND
OH
OK
OR
PA
PR
RI
SC
SD
TN
TX
UT
VT
VA
WA
WV
WI
WY
Al
Ak
Az
Ar
Ca
Co
Ct
De
Dc
Fl
Ga
Hi
Id
Il
In
Ia
Ks
Ky
La
Me
Md
Ma
Mi
Mn
Ms
Mo
Mt
Ne
Nv
Nh
Nj
Nm
Ny
Nc
Nd
Oh
Ok
Or
Pa
Pr
Ri
Sc
Sd
Tn
Tx
Ut
Vt
Va
Wa
Wv
Wi
Wy
Al.
Ak.
Az.
Ar.
Ca.
Co.
Ct.
De.
Dc.
Fl.
Ga.
Hi.
Id.
Il.
In.
Ia.
Ks.
Ky.
La.
Me.
Md.
Ma.
Mi.
Mn.
Ms.
Mo.
Mt.
Ne.
Nv.
Nh.
Nj.
Nm.
Ny.
Nc.
Nd.
Oh.
Ok.
Or.
Pa.
Pr.
Ri.
Sc.
Sd.
Tn.
Tx.
Ut.
Vt.
Va.
Wa.
Wv.
Wi.
Wy.
AB
Alberta
NF
Newfoundland
PE
Prince Edward
BC
British Columbia
NS
Nova Scotia
QB
Quebec
MB
Manitoba
NT
Northwest Terr.
SK
Sasketchewan
NB
New Brunswick
NU
Nunavut
YK
Yukon
ON
Ontario
Ariz.
Del.
I.Terr.
I. Terr.
Md.
Mont.
N.Y.
N. Y.
Vt.
Va.
Neb.
Ark.
Geo.
Kan.
Mich.
N.Dak.
S.Dak.
N. Dak.
S. Dak.
Wash.
Calif.
Ky.
Minn.
N.H.
N. H.
O.
Tenn.
D.C.
D. C.
Col.
Ill.
Miss.
N.J.
N. J.
Tex.
W.V.
W. V.
W.Vir.
W. Vir.
Wisc.
U. Terr.
Penna.
N.Mex.
N. Mex.
Me.
Ind.
Abaeteluba
Abilene
Acampo
Acton
Addis Ababa
Adelaide
Adelanto
Adin
Agoura Hills
Agua Dulce
Aguanga
Ahmedabad
Ahwahnee
Akron
Aksu
Alagoinhas
Alameda
Alamo
Albany
Albany
Albion
Albuquerque
Alderpoint
Alexandria
Alger
Alhambra
Aliso Viejo
Alleghany
Allentown
Almaden
Almaden Valley
Alpaugh
Alpine
Alta
Alta Loma
Altadena
Altamira
Altaville
Altay
Alturas
Alviso
Alvorada
Amador City
Amarillo
Amboy
American Canyon
Americana
Anaheim
Anaheim
Anaheim Hills
Anchorage
Anda
Anderson
Andorra La Vella
Angels Camp
Angelus Oaks
Angwin
Ankang
Ankara
Anlu
Ann Arbor
Annaba
Annapolis
Anqing
Anshan
Anshun
Antelope
Antioch
Antofagasta
Antwerpen
Anyang
Anza
Anaolis
Aparecida de Goiania
Apple Valley
Applegate
Aptos
Aracaju
Araguaina
Arapiraca
Araraquara
Aractuba
Arbuckle
Arcadia
Arcata
Arica
Arleta
Arlington
Armona
Arnold
Aromas
Arroyo Grande
Artesia
Artois
Artux
Arvin
Atascadero
Atherton
Atlanta
Atwater
Atwood
Auberry
Auburn
Aurora
Austin
Avalon
Avellaneda
Avenal
Avery
Avila Beach
Azusa
BRUSSEL
Badger
Bage
Baghdad
Bahia Blanca
Baicheng
Baihua
Baise
Baiyin
Baker
Bakersfield
Bakersfield
Baku
Baldwin Park
Ballico
Baltimore
Bandar Seri Begawan
Bangiao
Bangkok
Bangor
Bangui
Banja Luka
Banning
Baoding
Baoji
Baranovichi
Barbacena
Bard
Barisal
Barra Mansa
Barstow
Barstow MCLB
Barueri
Bass Lake
Bassett Bay Point
Batna
Baton Rouge
Bauru
Bay Area
Bayside
Baywood Park
Beach
Beale AFB
Bear Valley
Bear Valley Springs
Beaumont
Beaumont
Beckwourth
Beian
Beidong
Beihai
Beijing
Beijing
Bel Air
Belden
Belford Roxo
Belgrade
Bell
Bell Canyon
Bell Gardens
Bella Vista
Bellflower
Belmont
Belmont Shore
Belmopan
Belo Horizonte
Belvedere
Belem
Ben Lomond
Bengbu
Bentonville
Benicia
Benton
Benxi
Berkeley
Berkeley
Berlin
Bermuda Dunes
Berry Creek
Bethel Island
Betim
Beverly Hills
Bieber
Big Bar
Big Bear City
Big Bear Lake
Big Bend
Big Creek
Big Oak Flat
Big Pine
Big River
Big Sur
Biggs
Billings
Biola
Birds Landing
Birmingham
Bishop
Blairsden
Blida
Blocksburg
Bloomington
Blue Jay
Blue Lake
Blumenau
Blythe
Boa Vista
Bobo Dioulasso
Bobruisk
Bodega
Bodega Bay
Bodfish
Bodong
Bogot
Bohemia
Boise City
Bolinas
Bombay
Bonita
Bonny Doon
Bonsall
Boonville
Borisov
Boron
Borrego Springs
Boshan
Boston
Botou
Boulder Creek
Boulevard
Bourgas
Boutou
Bowman
Boyes Hot Springs
Bradbury
Braganca Paulista
Brampton
Branscomb
Brasilia
Brawley
Brea
Brentwood
Brest
Bridgeport
Bridgeport
Bridgetown
Bridgeville
Brisbane
Brisbane
Brockway
Broderick
Brookdale
Brooks
Browns Valley
Brownsville
Brownsville
Brugge
Brussel
Brussels
Bruxelles
Bryn Mawr
Bryte
Buellton
Buena Park
Buenos Aires
Buffalo
Buizhou
Bujumbura
Burbank
Burlingame
Burlington
Burnaby
Burney
Burnt Ranch
Burrel
Burson
Butte City
Butte Meadows
Butte Valley
Buttonwillow
Byron
Cabazon
Cabo
Cachoeiro de Itapemirim
Cadiz
Cairo
Calabasas
Calcutta
Calexico
Calgary
Caliente
California City
California Hot Springs
Calimesa
Calipatria
Calistoga
Callahan
Calpella
Calpine
Camacari
Camaragibe
Camarillo
Cambria
Cambria
Cameron Park
Camino
Camp Meeker
Camp Nelson
Camp Pendleton
Campbell
Campina Grande
Campinas
Campo
Campo Grande
Campo Seco
Campos dos Goytacazes
Camptonville
Canberra
Canby
Cangzhou
Canoas
Canoga Park
Cantil
Cantua
Canyon Country
Canyon Lake
Canyondam
Capistrano Beach
Capitola
Caracas
Carapicuíba
Caratinga
Cardiff by the Sea
Cariacica
Carlotta
Carlsbad
Carmel
Carmichael
Carnelian Bay
Carpinteria
Carson
Carson
Caruaru
Caruthers
Cascavel
Casmalia
Caspar
Casper
Cassel
Castaic
Castanhal
Castella
Castro Valley
Castroville
Catamarca
Cathedral City
Catheys Valley
Catilina Island
Caucaia
Caxias
Caxias do Sul
Cayucos
Cazadero
Cedar Glen
Cedar Rapids
Cedar Ridge
Cedarpines Park
Cedarville
Central Coast
Century City
Ceres
Cerritos
Champaign
Chandler
Changchun
Changde
Changji
Changsha
Changzhi
Changzhou
Chaohu
Chaoyang
Chaozhou
Chapeco
Charleroi
Charleston
Charlotte
Chatsworth
Chattanooga
Chengde
Chengdu
Chenghwa
Chenzhou
Chesapeake
Chester
Cheyenne
Chicago
Chicago Park
Chico
Chicoutimi-Jonquiere
Chilcoot
Chillan
China Lake
Chino
Chino Hills
Chiriaco Summit
Chittagong
Chongli
Chongqing
Choumen
Chowchilla
Chualar
Chula Vista
Chula Vista
Chuxiong
Chuzhou
Cima
Cincinnati
Citrus Heights
Claremont
Clarksburg
Clayton
Clearlake
Clearlake Oaks
Clearlake Park
Clearwater
Clements
Cleveland
Clio
Clipper Mills
Cloverdale
Clovis
Coachella
Coarsegold
Cobb
Cochabamba
Codó
Colatina
Cold Springs
Cole
Coleville
Colfax
Colinga
College City
Colma
Coloma
Colombo
Colorado Springs
Colton
Columbia
Columbus
Colusa
Comilla
Commerce
Comodoro Rivadavia
Comptche
Compton
Compton
Concepcion
Concord
Concord
Conejo Valley
Constantine
Contagem
Contra Costa County
Copenhagen
Copperopolis
Coral Springs
Corcoran
Corning
Corona
Corona
Corona del Mar
Coronado
Corpus Christi
Corralitos
Corrientes
Corte Madera
Costa Mesa
Costa Mesa
Cotati
Cotia
Coto de Caza
Cotonou
Cottonwood
Coulterville
Courtland
Covelo
Covina
Creek Canyon
Crescent City
Crescent Mills
Cressey
Crest Park
Crestline
Creston Crockett
Criciuma
Cromberg
Crowley Lake
Crows Landing
Cudahy
Cuiabá
Culver City
Cupertino
Curitiba
Cutler
Cutten
Cypress
Cordoba
Da 'an
Daggett
Dali
Dalian
Dallas
Daly City
Dana Point
Dandong
Dangyang
Danjiangkou
Danville
Daqing
Dardanelle
Darwin
Datong
Davenport
Davis
Davis Creek
Daxian
Dayton
Dayuan
Death Valley
Deer Park
Del Mar
Del Rey
Delano
Delhi
Delhi
Delkern
Denair
Dengzhou
Denver
Des Moines
Descanso
Desert Hot Springs
Detroit
Devore Heights
Deyang
Dezhou
Dhaka
Diablo
Diadema
Diamond Bar
Diamond Springs
Dillon Beach
Dinajpur
Dingzhou
Dinuba
Discovery Bay
Divinopolis
Dixon
Djougou
Dobbins
Doboj
Dobritch
Dong chuan
Donglin
Dongsen
Dongshan
Dongwan
Dongying
Dorris
Dos Palos
Dos Rios
Douala
Douglas City
Douglas Flat
Dourados
Downieville
Doyle
Drytown
Duarte
Dublin
Ducor
Dulzura
Duncans
Dunhua
Dunhuang
Dunlap
Dunnigan
Dunsmuir
Duque de Caxias
Durham
Durham
Dutch Flat
Duyan
Eagleville
Earp
East Palo Alto
East York
Easton
Edison
Edmonton
Edwards AFB
El Alto
El Cajon
El Centro
El Cerrito
El Dorado
El Dorado Hills
El Granada
El Macero
El Monte
El Monte
El Nido
El Paso
El Portal
El Segundo
El Sobrante
El Toro
El Verano
Eldridge
Elizabeth
Elizabeth Lake
Elk
Elk Creak
Elk Grove
Elmira Elverta
Embu
Emeryville
Emigrant Gap
Encinitas
Encino
Enshi
Erie
Escalon
Escondido
Escondido
Esparto
Essex
Etiwanda
Etna
Etobicoke
Eugene
Eureka
Evansville
Exeter
Ezhou
Fair Oaks
Fairfax
Fairfield
Fall River Mills
Fallbrook
Fallen Leaf
Fargo
Farmersville
Farmington
Fawnskin
Feather Falls
Feira de Santana
Felicity
Fellows
Felton
Fengcheng
Fengshan
Ferndale
Ferraz de Vasconcelos
Fiddletown
Fields Landing
Fig Garden Village
Fillmore
Finley
Firebaugh
Five Points
Flint
Florianopolis
Floriston
Flournoy
Folsom
Fontana
Fontana
Foothill Ranch
Forbestown
Forest Falls
Forest Knolls
Forest Ranch
Foresthill
Forestville
Formosa
Fort Bidwell
Fort Bragg
Fort Collins
Fort Dick
Fort Irwin
Fort Jones
Fort Lauderdale
Fort Wayne
Fort Worth
Fortaleza
Fortuna
Foshan
Foster City
Fountain Valley
Fowler
Foz do Iguacu
Franca
Frankfurt
Frazier Park
Freestone
Fremont
Fremont
Fremont
French Gulch
Fresno
Friant
Fuan
Fujian Sheng
Fujin
Fulin
Fullerton
Fullerton
Fulton
Fushun
Fuxin
Fuyang
Fuyu
Fuzhou
GABORONE
Galt
Gand
Ganzhou
Gaocheng
Gaoxiong
Garanhuns
Garberville
Garden
Garden Grove
Garden Valley
Gardena
Garland
Gary
Gasquet
Gazelle
Geelong
Gejiu
General San Martin
Genk
Gent
George Town
Georgetown
Gerber
Geyserville
Gilroy
Giyandja
Glen Ellen
Glencoe
Glendale
Glendale
Glendora
Glenhaven
Glenn
Glennville
Gloucester
Goiania
Gold Coast
Gold River
Gold Run
Goleta Valley
Gomel
Gonzales
Goodyears Bar
Gorman
Goshen
Governador Valadares
Graeagle
Granada Hills
Grand Prairie
Grand Rapids
Grand Terrace
Granite Bay
Grass Valley
Graton
Gravatai
Graz
Greater Wollongong
Green Bay
Green Valley Lake
Greenacres
Greenbrae
Greenfield
Greensboro
Greenview
Greenville
Greenwood
Grenada
Gridley
Grimes
Grizzly Flats
Grodno
Grove
Groveland
Grover Beach
Guadalupe
Gualala
Guangshui
Guangyuan
Guangzhou
Guarapuava
Guaratinguita
Guaruja
Guarulhos
Guasti
Guerneville
Guichi
Guikong
Guilin
Guinda
Guiyang
Gustine
Hacienda
Haerbin
Haikou
Hailer
Hailun
Half Moon Bay
Halifax
Hami
Hamilton
Hamilton City
Hampton
Hancheng
Handan
Hanford
Hangzhou
Hanzhong
Haozhou
Happy Camp
Harbin
Harbor City
Harmony
Harare
Hartford
Hasselt
Hat Creek
Hathaway Pines
Hawaiian Gardens
Hawthorne
Hayfork
Hayward
Hayward
Hazard
Healdsburg
Hebei Sheng
Heber
Hebi
Hechi
Hefei
Hegang
Heights
Heihe
Heilongjiang Sheng
Helendale
Helm
Hemet
Henderson
Hengshui
Hengyang
Herald
Herat
Hercules
Herlong
Hermosa
Hesperia
Hetian
Heyuan
Heze
Hialeah
Hickman
Hidden
Highland
Hills
Hillsborough
Hilmar
Hinkley
Hiroshima
Ho Chi Minh City
Hobart
Hohhoit
Hollister
Hollywood
Hollywood
Holt
Holtville
Homa
Homeland
Homewood
Honcut
Honeydew
Hong Kong
Honghu
Honolulu
Hood
Hoopa
Hopland
Hornbrook
Hornitos
Houston
Houzhou
Hua
Huaibei
Huainan
Huaiyin
Huangshan
Huangshi
Huangyan
Hughson
Huizhou
Hume
Hunan
Hunanghua
Hunjiang
Huntington
Huntington Beach
Huntington Beach
Huntington Lake
Huntington Park
Huntsville
Huron
Huzhou
Hyampom
Hyderabad
Hydesville
Idyllwild
Igo
Ilheus
Imperatriz
Imperial
Imperial Beach
Indaiatuba
Independence
Independence
Indian Wells
Indianapolis
Indio
Inglewood
Inglewood
Innsbruck
Inverness
Inyokern
Ione
Iowa Hill
Ipatinga
Iquique
Irvine
Irvine
Irving
Irwindale
Isla
Isleton
Istanbul
Itaborai
Itabuna
Itaguai
Itaituba
Itajai
Itapetininga
Itapevi
Itaquaquecetuba
Itu
Ivanhoe
Jaboatao
Jacarei
Jackson
Jackson
Jacksonville
Jacumba
Jakarta
Jamalpur
Jamestown
Jamul
Janesville
Jenner
Jequie
Jersey City
Jerusalem
Jessore
Ji 'an
Ji-Parana
Jiamusi
Jiangmen
Jiangsu Sheng
Jiangxi Sheng
Jiaojing
Jiaozuo
Jiaxing
Jiayi
Jiayuguan
Jieshou
Jilin
Jilon
Jinan
Jinchang
Jingdezhen
Jingmen
Jinhua
Jining
Jinxi
Jinzhou
Jisou
Jiujiang
Jiuquan
Jixi
Joao Pessoa
Johannesburg
Johnsville
Johnson City
Joinville
Jolon
Joshua Tree
Juazeiro
Juazeiro do Norte
Juiz de Fora
Julian
Junction City
Jundiai
June Lake
Kabul
Kaifeng
Kaili
Kaiyuan
Kandahar
Kansas City
Karamay
Kashi
Kaweah
Keeler
Keene
Kelowna
Kelseyville
Kensington
Kentfield
Kenwood
Kerman
Kernville
Kettleman City
Keyes
Khulna
King City
Kings Beach
Kingsburg
Kingston
Kirkwood
Kirovakan
Kit
Kitchener
Klamath
Klamath River
Kneeland
Knights Ferry
Knights Landing
Knightsen
Knoxville
Korbel
Korla
Kortrijk
Kunming
Kyburz
La Canada-Flintridge
La Crescenta
La Grange
La Habra
La Honda
La Jolla
La Louviere
La Matanza
La Mesa
La Mirada
La Palma
La Paz
La Plata
La Porte
La Puente
La Quinta
La Selva Beach
La Serena
La Verne
Lafayette
Lafayette
Lages
Laguna Beach
Laguna Hills
Laguna Niguel
Lagunitas
Lake
Lake Arrowhead
Lake City
Lake Elsinore
Lake Forest
Lake Hughes
Lake Isabella
Lakehead
Lakeport
Lakeshore
Lakeside
Lakewood
Lakewood
Lamont
Lancaster
Lancaster
Landers
Langfang
Lansing
Lanus
Lanzhou
Laredo
Larkspur
Las Vegas
Lathrop
Laton
Laval
Lawndale
Laytonville
Le Grand
Lebec
Lee Vining
Leggett
Lemon Cove
Lemon Grove
Lemoore
Lemoore NAS
Lengshuijiang
Lengshuitan
Leninakan
Lennox
Leona Valley
Leucadia
Lewiston
Lexington-Fayette
Lhasa
Lianyuan
Lianyungang
Liaocheng
Liaoyang
Liaoyuan
Lichuan
Likely
Lima
Limeira
Linchuan
Lincoln
Lincoln
Lincoln Acres
Linda
Linda
Linden
Lindsay
Linfen
Linhai
Linhares
Linhe
Linqing
Linxia
Linyi
Linz
Lishui
Litchfield
Little River
Little Rock
Littlerock
Liupanshui
Liuzhou
Live Oak
Livermore
Livingston
Livonia
Liege
Llano
Lockeford
Lockwood
Lodi
Loleta
Loma
Loma Mar
Lomas de Zamora
Lomita
Lompoc
London
Londrina
Lone Pine
Long Barn
Long Beach
Long Beach
Longueuil
Longyan
Longzing
Lookout
Loomis
Los Alamitos
Los Alamos
Los Alto
Los Altos
Los Altos Hills
Los Angeles
Los Angeles
Los Angeles
Los Angeles AFB
Los Angeles County
Los Banos
Los Gatos
Los Molinos
Los Nietos
Los Olivos
Los Osos
Lost Hills
Lotus
Loudi
Louisville
Lowell
Lower
Loyalton
Lu 'an
Luanda
Lubbock
Lucerne
Lucerne Valley
Luik
Luohe
Luoyang
Luzhou
Luziania
Lynwood
Lytle Creek
MCAS
Ma 'anshan
Macae
Macapa
Macdoel
Maceio
Macheng
Macon
Mad River
Madeline
Madera
Madison
Madison
Madras
Madrid
Magalia
Mage
Malibu
Mammoth Lakes
Manama
Manaus
Manchester
Manchester
Manhattan Beach
Manteca
Manton
Manzhouli
Maoming
Mar Vista
Mar del Plata
Maraba
Maracanau
Maricopa
Marina
Marina del Rey
Maringa
Mariposa
Markham
Markleeville
Maroua
Marshall
Martell
Martinez
Marysville
Marilia
Mather
Matsqui
Maua
Maxwell
Maywood
Mazar-i-Sharif
Mc Farland
Mc Kittrick
McAllen
McArthur
McClellan AFB
McCloud
McKinleyville
Meadow Valley
Meadow Vista
Mecca
Meizhou
Melbourne
Memphis
Mendocino
Mendota
Mendoza
Menifee
Menlo Park
Mentone
Merced
Meridian
Mesa
Mesa
Mesquite
Mettler
Mexico City
Mi Wuk Village
Miami
Mianyang
Middletown
Midpines
Midway City
Milford
Mill Creek
Mill Valley
Millbrae
Mills
Millville
Milpitas
Milwaukee
Mineral
Minneapolis
Minsk
Mira Loma
Miramar
Miramonte
Miranda
Mishan
Mission Hills
Mission Viejo
Mississauga
Mobile
Moccasin
Modesto
Modesto
Mogilev
Mojave
Moji das Cruzes
Moji-Guacu
Mokelumne Hill
Monarch Beach
Moncton
Mono Hot Springs
Monrovia
Mons
Montague
Montara
Montclair
Monte Rio
Monte Sereno
Montebello
Montecito
Monterey
Monterey Park
Montes Claros
Montgomery
Montgomery Creek
Montrose
Montreal
Moorhead
Moorpark
Moraga
Moreno Valley
Moreno Valley
Morgan Hill
Moron
Morongo Valley
Morro Bay
Moscow
Moss Beach
Moss Landing
Mossoro
Mostar
Mount Aukum
Mount Baldy
Mount Eden
Mount Hamilton
Mount Hermon
Mount Laguna
Mount Shasta
Mount Wilson
Mountain
Mountain Center
Mountain Pass
Mountain Ranch
Mountain View
Mozir
Mudangiang
Muir Beach
Mumbai
Murphys
Murrieta
Myers Flat
Mymensingh
N 'Djamena
NAS
Nagasaki
Namur
Nanchang
Nanchong
Nangong
Nanjiang
Nanning
Nanping
Nantong
Nanyang
Naogaon
Napa
Naperville
Narayanganj
Nashville-Davidson
Nassau
Natal
National City
Navarro
Nawabganj
Needles
Neijiang
Nelson
Nepean
Neuquen
Nevada City
New Almaden
New Cuyama
New Haven
New Orleans
New York
New York City
Newark
Newark
Newberry Springs
Newbury Park
Newcastle
Newcastle
Newhall
Newman
Newport Beach
Newport News
Nicasio
Nice
Nicolaus
Niland
Nilopolis
Ninde
Ningbo
Nipomo
Niteroi
Nkongsamba
Norco
Norden
Norfolk
North Edwards
North Fork
North Highlands
North Hills
North Hollywood
North Island
North Palm Springs
North San Juan
North York
Northridge
Norwalk
Norwalk
Nova Friburgo
Nova Iguacu
NovatoNubieber
Novo Hamburgo
Nuevo
Nut Tree
O 'Brien
O 'Neals
Oak Glen
Oak Hills
Oak Park
Oak Run
Oak View
Oakdale
Oakhurst
Oakland
Oakland
Oakley
Oakville
Oakville
Occidental
Oceano
Oceanside
Oceanside
Ocotillo
Ojai
Oklahoma City
Olancha
Old Station
Olema
Olinda
Olivehurst
Olympic Valley
Omaha
Onizuka AFS
Ontario
Ontario
Onyx
Oran
Orange
Orange
Orange Cove
Orangevale
Orcutt
Oregon House
Orick
Orinda
Orland
Orlando
Orleans
Oro Grande
Orosi
Oroville
Orsha
Oruro
Osasco
Oshawa
Osorno
Ottawa
Ouagadougou
Overland Park
Oxnard
Oxnard
Pabna
Pacheco
Pacific Beach
Pacific Grove
Pacifica
Pacoima
Pago Pago
Paicines
Pala
Palermo
Palisades
Palm Desert
Palm Springs 29
Palmdale
Palmdale
Palms MCAGCC
Palo Alto
Palo Cedro
Palo Verde
Palomar Mountain
Palos Verdes Estates
Panjin
Panorama City
Panzhihua
Paradise
Parakou
Paramount
Paranagua
Parana
Paris
Parker Dam
Parlier
Parnaiba
Pasadena
Pasadena
Paskenta
Paso Robles
Rome
Florence
Venice
Siena
Verona
Milan
Naples
Bologna
Padua
Parma
Ferrara
Mantua
Ravenna
Passo Fundo
Paterson
Patos de Minas
Patterson
Patton
Paulista
Pauma Valley
Paynes Creek
Pearblossom
Pebble Beach
Peking
Pelotas
Pembroke Pines
Peninsula Village
Penn Valley
Penngrove
Penryn
Peoria
Perris
Perth
Pescadero
Petaluma
Petrolia
Petrolina
Petropolis
Phelan
Philadelphia
Phillipsville
Philo
Phnom Penh
Phoenix
Pico Rivera
Piedmont
Piedra
Piercy
Pilot Hill
Pindamonhangaba
Pine Cove
Pine Grove
Pine Valley
Pinecrest
Pinedale
Pines
Pingdingshan
Pingdong
Pingliang
Pinole
Pinon Hills
Pinsk
Pinxiang
Pioneer
Pioneertown
Piracicaba
Piraquara
Piru
Pismo Beach
Pittsburg
Pittsburgh
Pixley
Placentia
Placer County
Placerville
Planada
Plano
Platina
Playa del Rey
Pleasant Grove
Pleasant Hill
Pleasanton
Plovdiv
Plymouth
Plevene
Pocos de Caldas
Point Arena
Point Mugu NAS
Point Reyes
Point Richmond
Pollock
Pomona
Pomona
Pond
Ponta Grossa
Pope Valley
Port Costa
Port of Hueneme
Porter Ranch
Porterville
Portland
Porto-Novo
Portola
Portola Valley
Portsmouth
Posadas
Posey
Potosi
Potrero
Potter Valley
Poway
Praia
Praia Grande
Prather
Presidente Prudente
Presidio of Monterey
Prijedor
Princeton
Proberta
Project City
Providence
Prunedale
Pueblo
Puente Alto
Puerto Montt
Pulga
Pumpkin Center
Punta Arenas
Puqi
Pusan
Putian
Puyang
Pyongyang
Pórto Alegre
Pórto Velho
Qianjiang
Qingdo
Qingtongxia
Qingyuan
Qinhuangdo
Qinzhou
Qiqihar
Qitaihe
Quandahar
Quanzhou
Quebec city
Queimados
Quilmes
Quilpué
Qujing
Quzhou
Québec
Rajshahi
Raleigh
Rancagua
Rancho Cucamonga
Rangpur
Recife
Redwod City
Regina
Reno
Resistencia
Ribeirao Preto
Ribeirao das Neves
Richmond
Rio Branco
Rio Claro
Rio Cuarto
Rio Grande
Rio de Janeiro
Riverside
Rizhao
Road Town
Rochester
Rockford
Rondonópolis
Rosario
Roussé
Sacramento
Sacramento
Sandusky
Saidpur
Saigon
Saint Helena
Saint John
Saint Louis
Saint Paul
Saint Petersburg
Salem
Salida
Salinas
Salinas
Salt Lake City
Salta
Salton City
Salvador
Salyer
Salzburg
Samoa
San Andreas
San Anselmo
San Antonio
San Ardo
San Bernardino
San Bernardino
San Bernardo
San Bruno
San Carlos
San Clemente
San Diego
San Diego
San Diego MCRD
San Dimas
San Fernando
San Fernando
San Francisco
San Francisco
San Gabriel
San Geronimo
San Gregorio
San Isidro
San Jacinto
San Joaquin
San Jose
San Jose
San Juan
San Juan Bautista
San Juan Capistrano
San Leandro
San Lorenzo
San Lucas
San Luis Obispo
San Luis Rey
San Marcos
San Marino
San Martin
San Mateo
San Miguel
San Miguel de Tucumán
San Nicolas
San Onofre
San Pablo
San Pedro
San Quentin
San Rafael
San Ramon
San Salvador de Jujuy
San Simeon
San Ysidro
Sand City
Sanger
Sanmenxia
Sanming
Santa Ana
Santa Ana
Santa Ana Heights
Santa Barbara
Santa Barbara D 'Oeste
Santa Braba
Santa Clara
Santa Clara
Santa Clarita
Santa Clarita
Santa Cruz
Santa Cruz
Santa Cruz do Sul
Santa Fe
Santa Fé
Santa Luzia
Santa Margarita
Santa Maria
Santa Maria
Santa Monica
Santa Paula
Santa Rita Park
Santa Rosa
Santa Rosa
Santa Ynez
Santarém
Santee
Santiago
Santo André
Santos
Sanya
Sao Bernardo do Campo
Sao Caetano do Sul
Sao Carlo
Sao Gonçalo
Sao Joao de Meriti
Sao José
Sao José do Rio Prêto
Sao José dos Campos
Sao José dos Pinhais
Sao Leopoldo
Sao Luís
Sao Paolo
Sao Vicente
Sapucaia
Sarajevo
Saratoga
Saskatoon
Sattley
Saugus
Sausalito
Savannah
Sawyers Bar
Scarborough
Scotia
Scott Bar
Scotts Valley
Scottsdale
Seal Beach
Seaside
Seattle
Sebastopol
Seeley
Seiad Valley
Selma
Seoul
Sepulveda
Serra
Sete Lagoas
Setif
Shadow Hills
Shafter
Shahe
Shandon
Shandong Sheng
Shanghai
Shangqiu
Shangrao
Shangzhi
Shangzhou
Shantou
Shanwei
Shanxi
Shanxi Sheng
Shanzhong
Shaoguan
Shaown
Shaoxing
Shaoyang
Shashi
Shasta
Shasta Lake
Shaver Lake
Sheep Ranch
Shell Beach
Shenyang
Shenzhen
Sherbrooke
Sheridan
Sherman Oaks
Shihezi
Shijianzhuang
Shingle
Shingletown
Shishou
Shiyan
Shizuishan
Shoshone
Shouzhou
Shreveport
Shuangcheng
Shuangyashan
Sidi-bel-Abbès
Sierra City
Sierra Madre
Sierraville
Sifen
Signal Hill
Silicon Valley
Silverado
Simi Valley
Simi Valley
Singapore
Sioux City
Sioux Falls
Siping
Skyforest
Slivène
Sloughhouse
Smartville
Smith River
Snelling
So Paulo
Sobral
Soda
Sofia
Solana Beach
Soledad
Solegorsk
Solvang
Somerset
Somes Bar
Somis
Sonoma
Sonoma County
Sonora
Soquel
Sorocaba
Soulsbyville
South Bend
South Dos Palos
South El Monte
South Gate
South Laguna
South Lake Tahoe
South Pasadena
South San Francisco
Spanish Flat
Spokane
Spreckels
Spring Valley
Spring Valley Lake
Springfield
Springs
Springs
Springs
Springville
Squaw Valley
St. Augustine
St. Catharines
St. Helier
St. John 's
St. Louis
St. Paul
St. Petersburg
Stamford
Standard
Standish
Stanton
Stara Zagora
Station
Sterling Heights
Stevinson
Stewarts Point
Stinson Beach
Stirling City
Stockton
Stockton
Stonyford
Storrie
Stratford
Strathmore
Strawberry
Strawberry Valley
Studio City
Sucre
Sudbury
Sugarloaf
Suihua
Suinin
Suisun City
Sultana
Sumaré
Sumgait
Summerland
Summit City
Sun City
Sun Valley
Sunland
Sunnyvale
Sunnyvale
Sunol
Sunset Beach
Sunshine Coast
Surfside
Surrey
Susano
Susanville
Sutter
Sutter Creek
Suzhou
Sydney
Sydney Glace Bay
Sylmar
Syracuse
THIMPHU
Taboao da Serra
Tacoma
Tai 'an
Tainan
Taipei
Taiyan
Taizhong
Talca
Talcahuano
Tallahassee
Tampa
Tanchun
Tangail
Tangshan
Tansyuan
Taonan
Taubaté
Teheran
Tempe
Temuco
Teresina
Teresópolis
Teófilo Otoni
Thimphu
Thousand Oaks
Thunder Bay
Tianjin
Tianmen
Tianshui
Tieli
Tieling
Timon
Tirana
Tokyo
Toledo
Tongchuan
Tonghua
Tongi
Tongliao
Tongling
Tongren
Topeka
Toronto
Torrance
Townsville
Trois-Rivières
Tucson
Tulsa
Tumen
Turpan
Tuskegee
Tuzla
Uberaba
Uberlandia
Ulaanbaatar
Ulan Hot
Umuarama
Urbana
Uruguaiana
Urumqi
Uthan
Valdivia
Vallejo
Valparaiso
Vancouver
Varna
Vaughan
Viamao
Vicente Lopez
Victoria
Vienna
Vila Velha
Virginia Beach
Vista
Vitebsk
Vitoria
Vitoria da Conquista
Vitoria de Santo Antao
Viña del Mar
Volta Redonda
Várzea Grande
Waco
Wanxian
Warren
Warsaw
Washington
Waterbury
Weifang
Weihai
Weinan
Wenzhou
West Covina
Wichita
Wichita Falls
Wien
Wilmington
Windsor
Winnipeg
Winston-Salem
Woodbury
Worcester
Wuchuang
Wuhan
Wuhu
Wuwei
Wuxi
Wuxue
Wuyishan
Wuzhou
Xi 'an
Xiamen
Xian
Xiangfan
Xiangtan
Xiannin
Xiantao
Xianyang
Xiaocan
Xichang
Xifeng
Xining
Xinji
Xinxiang
Xinyang
Xinyi
Xinyu
Xinzhu
Xuanzhou
Xuchang
Xuzhou
Xuzhou
YEREVAN
Ya 'an
Yakumshi
Yan 'an
Yangjiang
Yangquan
Yangzhou
Yanji
Yantai
Yaounde
Yerevan
Yibin
Yichang
Yichun
Yichun
Yinchuan
Yingcheng
Yingkow
Yining
Yintan
Yiyang
Yokohama
Yongzhou
Yonkers
York
Yuanjiang
Yuci
Yueyang
Yulin
Yulin
Yumen
Yuncheng
Yuxi
Zalantun
Zaozhuang
Zenica
Zhangjiakou
Zhangshu
Zhangye
Zhangzhou
Zhanjiang
Zhaoqing
Zhaotang
Zhenchu
Zhengzhou
Zhenjiang
Zhoukou
Zhoushan
Zhuhai
Zhumadian
Zhuzhou
Zibo
Zicheng
Zigong
Zixing
Zunyi
Zuozhou
Seoul
Bombay
Marathi Mumbai
Sao Paulo
Jakarta
Batavia
Djakarta
Moscow
Moskva
Mexico City
Tenochtitlán
Shanghai
Tokyo
Edo
Istanbul
Constantinople
Beijing
Peking
Pei-Ching
New York City
Manhattan
Brooklyn
Queens
Bronx
Staten Island
Richmond
Delhi
Hong Kong
Hsiang Kang
Cairo
Al-Qahirah
Teheran
Tehran
Lima
El Pulpo
Bangkok
Krung Thep
Krakow
Thon Buri
Tianjin
T'ien-Ching
Tientsin
Pinyin
Rio de Janeiro
Brasília
Shenyang
Shen-yang
Calcutta
Kolkata
Kalikata
St. Petersburg
Petrograd
Leningrad
Santiago
Santiago del Nuevo Extremo
Santafé de Bogotá D.C.
Bogota
Guangzhou
Madras
Tamil Chennai
Baghdad
Bagdad
Wuhan
Han-k'ou
Han-yang
Wu-ch'ang
Pusan
Busan
Sydney
Caracas
Harbin
Los Angeles
Chengdu
Ch'eng-tu
Berlin
Cölln
Yokohama
Alexandria
Al Iskandariyah
Melbourne
Singapore
Wuxi
Wu-hsi
Chongqing
Chungking
Ho Chi Minh City
Saigon
Thanh Pho Ho Chi Minh
Hyderabad
Madrid
Buenos Aires
Santa María del Buen Aire
Ahmedabad
Ankara
Angora
Chicago
Pyongyang
P'yongyang
Boul..
Boulevard.
Dr..
Drive.
Ave..
Avenue.
St..
Street.
Rd..
Road.
City.
County.
Afghanistan.
Albania.
Algeria.
American Samoa.
Andorra.
Angola.
Anguilla.
Antarctic Lands.
Antarctica.
Antigua.
Antigua and Barbuda.
Argentina.
Armenia.
Aruba.
Ashmore Islands.
Ashmore and Cartier Islands.
Australia.
Austria.
Azerbaijan.
Bahamas.
Bahrain.
Baker Island.
Bangladesh.
Barbados.
Barbuda.
Bassas da India.
Belarus.
Belgium.
Belize.
Benin.
Bermuda.
Bhutan.
Bolivia.
Borneo.
Bosnia.
Bosnia Herzegovina.
Bosnia and Herzegovina.
Botswana.
Bouvet Island.
Brazil.
Britain.
British Indian Ocean Territory.
British Virgin Islands.
Brunei.
Bulgaria.
Burkina Faso.
Burma.
Burundi.
Caicos Islands.
Cambodia.
Cameroon.
Canada.
Cape Verde.
Cartier Islands.
Cayman Islands.
Central African Republic.
Chad.
Chile.
China.
Christmas Island.
Clipperton.
Clipperton Island.
Cocos.
Colombia.
Comoros.
Congo.
Congo , Democratic Republic of the.
Congo , Republic of the.
Cook Islands.
Coral Sea Islands.
Costa Rica.
Cote D 'Ivoire.
Cote d 'Ivoire.
Croatia.
Cuba.
Cyprus.
Czech Republic.
Czechoslovakia.
Democratic Republic of the Congo.
Denmark.
Djibouti.
Dominica.
Dominican Republic.
East Timor.
Ecuador.
Egypt.
El Salvador.
England.
Equatorial Guinea.
Eritrea.
Estonia.
Ethiopia.
Europa Island.
European Union.
Falkland Islands.
Faroe Islands.
Federated States of Micronesia.
Fiji.
Finland.
Former Yugoslav Republic of Macedonia.
France.
French Guiana.
French Polynesia.
French Southern.
French Southern and Antarctic Lands.
FRG.
Gabon.
Gambia.
Georgia.
Germany.
Ghana.
Gibraltar.
Glorioso.
Glorioso Islands.
Greece.
Greenland.
Grenadan.
Guadeloupe.
Guam.
Guatemala.
Guernsey.
Guinea.
Guinea-Bissau.
Guyana.
Haiti.
Heard Island.
Heard Island and McDonald Islands.
Herzegovina.
Holland.
Holy See.
Honduras.
Hong Kong.
Howland Island.
Hungary.
Iceland.
India.
Indonesia.
Iran.
Iraq.
Ireland.
Islas Malvinas.
Isle of Man.
Israel.
Italy.
Ivory Coast.
Jamaica.
Jan Mayen.
Japan.
Jarvis Island.
Jersey.
Johnston Atoll.
Jordan.
Juan de Nova Island.
Kazakhstan.
Keeling Islands.
Kenya.
Kingman Reef.
Kiribati.
Korea.
Kuwait.
Kyrgyzstan.
Laos.
Latvia.
Lebanon.
Lesotho.
Liberia.
Libya.
Liechtenstein.
Lithuania.
Luxembourg.
Macau.
Macedonia.
Madagascar.
Malawi.
Malaysia.
Maldives.
Mali.
Malta.
Man , Isle of.
Marshall Islands.
Martinique.
Mauritania.
Mauritius.
Mayotte.
McDonald Islands.
Mexico.
Micronesia.
Midway Islands.
Moldova.
Monaco.
Mongolia.
Montenegro.
Montserrat.
Morocco.
Mozambique.
Myanmar.
Namibia.
Nauru.
Navassa Island.
Nepal.
Netherlands.
Netherlands Antilles.
Nevis.
New Caledonia.
New Guinea.
New Zealand.
Nicaragua.
Niger.
Nigeria.
Niue.
Norfolk Island.
North Korea.
North Vietnam.
Northern Mariana Islands.
Norway.
Oman.
PRC.
Pakistan.
Palau.
Palestine.
Palmyra Atoll.
Panama.
Papua.
Papua New Guinea.
Paracel Islands.
Paraguay.
People Republic of China.
Persia.
Peru.
Philippines.
Pitcairn Islands.
Poland.
Portugal.
Puerto Rico.
Qatar.
Republic of the Congo.
Republic of Chile.
Reunion.
Romania.
Russia.
Rwanda.
Saint Helena.
Saint Kitts.
Saint Kitts and Nevis.
Saint Lucia.
Saint Pierre and Miquelon.
Saint Vincent and the Grenadines.
Samoa.
San Marino.
Sao Tome and Principe.
Saudi Arabia.
Senegal.
Serbia.
Serbia and Montenegro.
Seychelles.
Sierra Leone.
Singapore.
Slovakia.
Slovenia.
Solomon Islands.
Somalia.
South Africa.
South Georgia.
South Georgia and the South Sandwich Islands.
South Korea.
South Sandwich Isklands.
South Sandwich Islands.
South Vietnam.
Soviet.
soviet.
Soviet Union.
Spain.
Spratly Islands.
Sri Lanka.
Sudan.
Suriname.
Svalbard.
Swaziland.
Sweden.
Switzerland.
Syria.
Taiwan.
Tajikistan.
Tanzania.
Thailand.
Tibet.
Tobago.
Togo.
Tokelau.
Tonga.
Trinidad.
Trinidad and Tobago.
Tromelin Island.
Tunisia.
Turkey.
Turkmenistan.
Turks.
Turks and Caicos Islands.
Tuvalu.
U.K..
U.S..
U.k..
UK.
US.
USA.
U.S.A..
USSR.
Uganda.
Ukraine.
United Arab Emirates.
United Kingdom.
United States.
United States of America.
Uruguay.
Uzbekistan.
Vanuatu.
Vatican City.
Vatican.
Venezuela.
Vietnam.
Virgin Islands.
Wake Island.
Wallis and Futuna.
Western Sahara.
Yemen.
Yugoslav Republic of Macedonia.
Yugoslavia.
Zaire.
Zambia.
Zimbabwe.
Wales.
ALABAMA.
ALASKA.
ARIZONA.
ARKANSAS.
CALIFORNIA.
COLORADO.
CONNECTICUT.
DELAWARE.
DISTRICT OF COLUMBIA.
District of Columbia.
FLORIDA.
GEORGIA.
HAWAII.
IDAHO.
ILLINOIS.
INDIANA.
IOWA.
KANSAS.
KENTUCKY.
LOUISIANA.
MAINE.
MARYLAND.
MASSACHUSETTS.
MICHIGAN.
MINNESOTA.
MISSISSIPPI.
MISSOURI.
MONTANA.
NEBRASKA.
NEVADA.
NEW HAMPSHIRE.
NEW JERSEY.
NEW MEXICO.
NEW YORK.
NORTH CAROLINA.
NORTH DAKOTA.
OHIO.
OKLAHOMA.
OREGON.
PENNSYLVANIA.
RHODE ISLAND.
SOUTH CAROLINA.
SOUTH DAKOTA.
TENNESSEE.
TEXAS.
UTAH.
VERMONT.
VIRGINIA.
WASHINGTON.
WEST VIRGINIA.
WISCONSIN.
WYOMING.
Alabama.
Alaska.
Arizona.
Arkansas.
California.
Colorado.
Connecticut.
Delaware.
Florida.
Georgia.
Hawaii.
Idaho.
Illinois.
Indiana.
Iowa.
Kansas.
Kentucky.
Louisiana.
Maine.
Maryland.
Massachusetts.
Michigan.
Minnesota.
Mississippi.
Missouri.
Montana.
Nebraska.
Nevada.
New Hampshire.
New Jersey.
New Mexico.
New York.
North Carolina.
North Dakota.
Ohio.
Oklahoma.
Oregon.
Pennsylvania.
Rhode Island.
South Carolina.
South Dakota.
Tennessee.
Texas.
US Territories.
Utah.
Vermont.
Virginia.
Washington.
Washington DC.
West Virginia.
Wisconsin.
Wyoming.
Puerto Rico.
FEDERATED STATES OF MICRONESIA.
Federated States of Micronesia.
AL.
AK.
AZ.
AR.
CA.
CO.
CT.
DE.
DC.
FL.
GA.
HI.
ID.
IL.
IN.
IA.
KS.
KY.
LA.
ME.
MD.
MA.
MI.
MN.
MS.
MO.
MT.
NE.
NV.
NH.
NJ.
NM.
NY.
NC.
ND.
OH.
OK.
OR.
PA.
PR.
RI.
SC.
SD.
TN.
TX.
UT.
VT.
VA.
WA.
WV.
WI.
WY.
AB.
Alberta.
NF.
Newfoundland.
PE.
Prince Edward.
BC.
British Columbia.
NS.
Nova Scotia.
QB.
Quebec.
MB.
Manitoba.
NT.
Northwest Terr..
SK.
Sasketchewan.
NB.
New Brunswick.
NU.
Nunavut.
YK.
Yukon.
ON.
Ontario.
Ariz..
Del..
I.Terr..
I. Terr..
Md..
Mont..
N.Y..
N. Y..
Vt..
Va..
Neb..
Ark..
Geo..
Kan..
Mich..
N.Dak..
S.Dak..
N. Dak..
S. Dak..
Wash..
Calif..
Ky..
Minn..
N.H..
N. H..
O..
Tenn..
D.C..
D. C..
Col..
Ill..
Miss..
N.J..
N. J..
Tex..
W.V..
W. V..
W.Vir..
W. Vir..
Wisc..
U. Terr..
Penna..
N.Mex..
N. Mex..
Me..
Ind..
Abaeteluba.
Abilene.
Acampo.
Acton.
Addis Ababa.
Adelaide.
Adelanto.
Adin.
Agoura Hills.
Agua Dulce.
Aguanga.
Ahmedabad.
Ahwahnee.
Akron.
Aksu.
Alagoinhas.
Alameda.
Alamo.
Albany.
Albany.
Albion.
Albuquerque.
Alderpoint.
Alexandria.
Alger.
Alhambra.
Aliso Viejo.
Alleghany.
Allentown.
Almaden.
Almaden Valley.
Alpaugh.
Alpine.
Alta.
Alta Loma.
Altadena.
Altamira.
Altaville.
Altay.
Alturas.
Alviso.
Alvorada.
Amador City.
Amarillo.
Amboy.
American Canyon.
Americana.
Anaheim.
Anaheim.
Anaheim Hills.
Anchorage.
Anda.
Anderson.
Andorra La Vella.
Angels Camp.
Angelus Oaks.
Angwin.
Ankang.
Ankara.
Anlu.
Ann Arbor.
Annaba.
Annapolis.
Anqing.
Anshan.
Anshun.
Antelope.
Antioch.
Antofagasta.
Antwerpen.
Anyang.
Anza.
Anaolis.
Aparecida de Goiania.
Apple Valley.
Applegate.
Aptos.
Aracaju.
Araguaina.
Arapiraca.
Araraquara.
Aractuba.
Arbuckle.
Arcadia.
Arcata.
Arica.
Arleta.
Arlington.
Armona.
Arnold.
Aromas.
Arroyo Grande.
Artesia.
Artois.
Artux.
Arvin.
Atascadero.
Atherton.
Atlanta.
Atwater.
Atwood.
Auberry.
Auburn.
Aurora.
Austin.
Avalon.
Avellaneda.
Avenal.
Avery.
Avila Beach.
Azusa.
BRUSSEL.
Badger.
Bage.
Baghdad.
Bahia Blanca.
Baicheng.
Baihua.
Baise.
Baiyin.
Baker.
Bakersfield.
Bakersfield.
Baku.
Baldwin Park.
Ballico.
Baltimore.
Bandar Seri Begawan.
Bangiao.
Bangkok.
Bangor.
Bangui.
Banja Luka.
Banning.
Baoding.
Baoji.
Baranovichi.
Barbacena.
Bard.
Barisal.
Barra Mansa.
Barstow.
Barstow MCLB.
Barueri.
Bass Lake.
Bassett Bay Point.
Batna.
Baton Rouge.
Bauru.
Bay Area.
Bayside.
Baywood Park.
Beach.
Beale AFB.
Bear Valley.
Bear Valley Springs.
Beaumont.
Beaumont.
Beckwourth.
Beian.
Beidong.
Beihai.
Beijing.
Beijing.
Bel Air.
Belden.
Belford Roxo.
Belgrade.
Bell.
Bell Canyon.
Bell Gardens.
Bella Vista.
Bellflower.
Belmont.
Belmont Shore.
Belmopan.
Belo Horizonte.
Belvedere.
Belem.
Ben Lomond.
Bengbu.
Bentonville.
Benicia.
Benton.
Benxi.
Berkeley.
Berkeley.
Berlin.
Bermuda Dunes.
Berry Creek.
Bethel Island.
Betim.
Beverly Hills.
Bieber.
Big Bar.
Big Bear City.
Big Bear Lake.
Big Bend.
Big Creek.
Big Oak Flat.
Big Pine.
Big River.
Big Sur.
Biggs.
Billings.
Biola.
Birds Landing.
Birmingham.
Bishop.
Blairsden.
Blida.
Blocksburg.
Bloomington.
Blue Jay.
Blue Lake.
Blumenau.
Blythe.
Boa Vista.
Bobo Dioulasso.
Bobruisk.
Bodega.
Bodega Bay.
Bodfish.
Bodong.
Bogot.
Bohemia.
Boise City.
Bolinas.
Bombay.
Bonita.
Bonny Doon.
Bonsall.
Boonville.
Borisov.
Boron.
Borrego Springs.
Boshan.
Boston.
Botou.
Boulder Creek.
Boulevard.
Bourgas.
Boutou.
Bowman.
Boyes Hot Springs.
Bradbury.
Braganca Paulista.
Brampton.
Branscomb.
Brasilia.
Brawley.
Brea.
Brentwood.
Brest.
Bridgeport.
Bridgeport.
Bridgetown.
Bridgeville.
Brisbane.
Brisbane.
Brockway.
Broderick.
Brookdale.
Brooks.
Browns Valley.
Brownsville.
Brownsville.
Brugge.
Brussel.
Brussels.
Bruxelles.
Bryn Mawr.
Bryte.
Buellton.
Buena Park.
Buenos Aires.
Buffalo.
Buizhou.
Bujumbura.
Burbank.
Burlingame.
Burlington.
Burnaby.
Burney.
Burnt Ranch.
Burrel.
Burson.
Butte City.
Butte Meadows.
Butte Valley.
Buttonwillow.
Byron.
Cabazon.
Cabo.
Cachoeiro de Itapemirim.
Cadiz.
Cairo.
Calabasas.
Calcutta.
Calexico.
Calgary.
Caliente.
California City.
California Hot Springs.
Calimesa.
Calipatria.
Calistoga.
Callahan.
Calpella.
Calpine.
Camacari.
Camaragibe.
Camarillo.
Cambria.
Cambria.
Cameron Park.
Camino.
Camp Meeker.
Camp Nelson.
Camp Pendleton.
Campbell.
Campina Grande.
Campinas.
Campo.
Campo Grande.
Campo Seco.
Campos dos Goytacazes.
Camptonville.
Canberra.
Canby.
Cangzhou.
Canoas.
Canoga Park.
Cantil.
Cantua.
Canyon Country.
Canyon Lake.
Canyondam.
Capistrano Beach.
Capitola.
Caracas.
Carapicuíba.
Caratinga.
Cardiff by the Sea.
Cariacica.
Carlotta.
Carlsbad.
Carmel.
Carmichael.
Carnelian Bay.
Carpinteria.
Carson.
Carson.
Caruaru.
Caruthers.
Cascavel.
Casmalia.
Caspar.
Casper.
Cassel.
Castaic.
Castanhal.
Castella.
Castro Valley.
Castroville.
Catamarca.
Cathedral City.
Catheys Valley.
Catilina Island.
Caucaia.
Caxias.
Caxias do Sul.
Cayucos.
Cazadero.
Cedar Glen.
Cedar Rapids.
Cedar Ridge.
Cedarpines Park.
Cedarville.
Central Coast.
Century City.
Ceres.
Cerritos.
Champaign.
Chandler.
Changchun.
Changde.
Changji.
Changsha.
Changzhi.
Changzhou.
Chaohu.
Chaoyang.
Chaozhou.
Chapeco.
Charleroi.
Charleston.
Charlotte.
Chatsworth.
Chattanooga.
Chengde.
Chengdu.
Chenghwa.
Chenzhou.
Chesapeake.
Chester.
Cheyenne.
Chicago.
Chicago Park.
Chico.
Chicoutimi-Jonquiere.
Chilcoot.
Chillan.
China Lake.
Chino.
Chino Hills.
Chiriaco Summit.
Chittagong.
Chongli.
Chongqing.
Choumen.
Chowchilla.
Chualar.
Chula Vista.
Chula Vista.
Chuxiong.
Chuzhou.
Cima.
Cincinnati.
Citrus Heights.
Claremont.
Clarksburg.
Clayton.
Clearlake.
Clearlake Oaks.
Clearlake Park.
Clearwater.
Clements.
Cleveland.
Clio.
Clipper Mills.
Cloverdale.
Clovis.
Coachella.
Coarsegold.
Cobb.
Cochabamba.
Codó.
Colatina.
Cold Springs.
Cole.
Coleville.
Colfax.
Colinga.
College City.
Colma.
Coloma.
Colombo.
Colorado Springs.
Colton.
Columbia.
Columbus.
Colusa.
Comilla.
Commerce.
Comodoro Rivadavia.
Comptche.
Compton.
Compton.
Concepcion.
Concord.
Concord.
Conejo Valley.
Constantine.
Contagem.
Contra Costa County.
Copenhagen.
Copperopolis.
Coral Springs.
Corcoran.
Corning.
Corona.
Corona.
Corona del Mar.
Coronado.
Corpus Christi.
Corralitos.
Corrientes.
Corte Madera.
Costa Mesa.
Costa Mesa.
Cotati.
Cotia.
Coto de Caza.
Cotonou.
Cottonwood.
Coulterville.
Courtland.
Covelo.
Covina.
Creek Canyon.
Crescent City.
Crescent Mills.
Cressey.
Crest Park.
Crestline.
Creston Crockett.
Criciuma.
Cromberg.
Crowley Lake.
Crows Landing.
Cudahy.
Cuiabá.
Culver City.
Cupertino.
Curitiba.
Cutler.
Cutten.
Cypress.
Cordoba.
Da 'an.
Daggett.
Dali.
Dalian.
Dallas.
Daly City.
Dana Point.
Dandong.
Dangyang.
Danjiangkou.
Danville.
Daqing.
Dardanelle.
Darwin.
Datong.
Davenport.
Davis.
Davis Creek.
Daxian.
Dayton.
Dayuan.
Death Valley.
Deer Park.
Del Mar.
Del Rey.
Delano.
Delhi.
Delhi.
Delkern.
Denair.
Dengzhou.
Denver.
Des Moines.
Descanso.
Desert Hot Springs.
Detroit.
Devore Heights.
Deyang.
Dezhou.
Dhaka.
Diablo.
Diadema.
Diamond Bar.
Diamond Springs.
Dillon Beach.
Dinajpur.
Dingzhou.
Dinuba.
Discovery Bay.
Divinopolis.
Dixon.
Djougou.
Dobbins.
Doboj.
Dobritch.
Dong chuan.
Donglin.
Dongsen.
Dongshan.
Dongwan.
Dongying.
Dorris.
Dos Palos.
Dos Rios.
Douala.
Douglas City.
Douglas Flat.
Dourados.
Downieville.
Doyle.
Drytown.
Duarte.
Dublin.
Ducor.
Dulzura.
Duncans.
Dunhua.
Dunhuang.
Dunlap.
Dunnigan.
Dunsmuir.
Duque de Caxias.
Durham.
Durham.
Dutch Flat.
Duyan.
Eagleville.
Earp.
East Palo Alto.
East York.
Easton.
Edison.
Edmonton.
Edwards AFB.
El Alto.
El Cajon.
El Centro.
El Cerrito.
El Dorado.
El Dorado Hills.
El Granada.
El Macero.
El Monte.
El Monte.
El Nido.
El Paso.
El Portal.
El Segundo.
El Sobrante.
El Toro.
El Verano.
Eldridge.
Elizabeth.
Elizabeth Lake.
Elk.
Elk Creak.
Elk Grove.
Elmira Elverta.
Embu.
Emeryville.
Emigrant Gap.
Encinitas.
Encino.
Enshi.
Erie.
Escalon.
Escondido.
Escondido.
Esparto.
Essex.
Etiwanda.
Etna.
Etobicoke.
Eugene.
Eureka.
Evansville.
Exeter.
Ezhou.
Fair Oaks.
Fairfax.
Fairfield.
Fall River Mills.
Fallbrook.
Fallen Leaf.
Fargo.
Farmersville.
Farmington.
Fawnskin.
Feather Falls.
Feira de Santana.
Felicity.
Fellows.
Felton.
Fengcheng.
Fengshan.
Ferndale.
Ferraz de Vasconcelos.
Fiddletown.
Fields Landing.
Fig Garden Village.
Fillmore.
Finley.
Firebaugh.
Five Points.
Flint.
Florianopolis.
Floriston.
Flournoy.
Folsom.
Fontana.
Fontana.
Foothill Ranch.
Forbestown.
Forest Falls.
Forest Knolls.
Forest Ranch.
Foresthill.
Forestville.
Formosa.
Fort Bidwell.
Fort Bragg.
Fort Collins.
Fort Dick.
Fort Irwin.
Fort Jones.
Fort Lauderdale.
Fort Wayne.
Fort Worth.
Fortaleza.
Fortuna.
Foshan.
Foster City.
Fountain Valley.
Fowler.
Foz do Iguacu.
Franca.
Frankfurt.
Frazier Park.
Freestone.
Fremont.
Fremont.
Fremont.
French Gulch.
Fresno.
Friant.
Fuan.
Fujian Sheng.
Fujin.
Fulin.
Fullerton.
Fullerton.
Fulton.
Fushun.
Fuxin.
Fuyang.
Fuyu.
Fuzhou.
GABORONE.
Galt.
Gand.
Ganzhou.
Gaocheng.
Gaoxiong.
Garanhuns.
Garberville.
Garden.
Garden Grove.
Garden Valley.
Gardena.
Garland.
Gary.
Gasquet.
Gazelle.
Geelong.
Gejiu.
General San Martin.
Genk.
Gent.
George Town.
Georgetown.
Gerber.
Geyserville.
Gilroy.
Giyandja.
Glen Ellen.
Glencoe.
Glendale.
Glendale.
Glendora.
Glenhaven.
Glenn.
Glennville.
Gloucester.
Goiania.
Gold Coast.
Gold River.
Gold Run.
Goleta Valley.
Gomel.
Gonzales.
Goodyears Bar.
Gorman.
Goshen.
Governador Valadares.
Graeagle.
Granada Hills.
Grand Prairie.
Grand Rapids.
Grand Terrace.
Granite Bay.
Grass Valley.
Graton.
Gravatai.
Graz.
Greater Wollongong.
Green Bay.
Green Valley Lake.
Greenacres.
Greenbrae.
Greenfield.
Greensboro.
Greenview.
Greenville.
Greenwood.
Grenada.
Gridley.
Grimes.
Grizzly Flats.
Grodno.
Grove.
Groveland.
Grover Beach.
Guadalupe.
Gualala.
Guangshui.
Guangyuan.
Guangzhou.
Guarapuava.
Guaratinguita.
Guaruja.
Guarulhos.
Guasti.
Guerneville.
Guichi.
Guikong.
Guilin.
Guinda.
Guiyang.
Gustine.
Hacienda.
Haerbin.
Haikou.
Hailer.
Hailun.
Half Moon Bay.
Halifax.
Hami.
Hamilton.
Hamilton City.
Hampton.
Hancheng.
Handan.
Hanford.
Hangzhou.
Hanzhong.
Haozhou.
Happy Camp.
Harbin.
Harbor City.
Harmony.
Harare.
Hartford.
Hasselt.
Hat Creek.
Hathaway Pines.
Hawaiian Gardens.
Hawthorne.
Hayfork.
Hayward.
Hayward.
Hazard.
Healdsburg.
Hebei Sheng.
Heber.
Hebi.
Hechi.
Hefei.
Hegang.
Heights.
Heihe.
Heilongjiang Sheng.
Helendale.
Helm.
Hemet.
Henderson.
Hengshui.
Hengyang.
Herald.
Herat.
Hercules.
Herlong.
Hermosa.
Hesperia.
Hetian.
Heyuan.
Heze.
Hialeah.
Hickman.
Hidden.
Highland.
Hills.
Hillsborough.
Hilmar.
Hinkley.
Hiroshima.
Ho Chi Minh City.
Hobart.
Hohhoit.
Hollister.
Hollywood.
Hollywood.
Holt.
Holtville.
Homa.
Homeland.
Homewood.
Honcut.
Honeydew.
Hong Kong.
Honghu.
Honolulu.
Hood.
Hoopa.
Hopland.
Hornbrook.
Hornitos.
Houston.
Houzhou.
Hua.
Huaibei.
Huainan.
Huaiyin.
Huangshan.
Huangshi.
Huangyan.
Hughson.
Huizhou.
Hume.
Hunan.
Hunanghua.
Hunjiang.
Huntington.
Huntington Beach.
Huntington Beach.
Huntington Lake.
Huntington Park.
Huntsville.
Huron.
Huzhou.
Hyampom.
Hyderabad.
Hydesville.
Idyllwild.
Igo.
Ilheus.
Imperatriz.
Imperial.
Imperial Beach.
Indaiatuba.
Independence.
Independence.
Indian Wells.
Indianapolis.
Indio.
Inglewood.
Inglewood.
Innsbruck.
Inverness.
Inyokern.
Ione.
Iowa Hill.
Ipatinga.
Iquique.
Irvine.
Irvine.
Irving.
Irwindale.
Isla.
Isleton.
Istanbul.
Itaborai.
Itabuna.
Itaguai.
Itaituba.
Itajai.
Itapetininga.
Itapevi.
Itaquaquecetuba.
Itu.
Ivanhoe.
Jaboatao.
Jacarei.
Jackson.
Jackson.
Jacksonville.
Jacumba.
Jakarta.
Jamalpur.
Jamestown.
Jamul.
Janesville.
Jenner.
Jequie.
Jersey City.
Jerusalem.
Jessore.
Ji 'an.
Ji-Parana.
Jiamusi.
Jiangmen.
Jiangsu Sheng.
Jiangxi Sheng.
Jiaojing.
Jiaozuo.
Jiaxing.
Jiayi.
Jiayuguan.
Jieshou.
Jilin.
Jilon.
Jinan.
Jinchang.
Jingdezhen.
Jingmen.
Jinhua.
Jining.
Jinxi.
Jinzhou.
Jisou.
Jiujiang.
Jiuquan.
Jixi.
Joao Pessoa.
Johannesburg.
Johnsville.
Johnson City.
Joinville.
Jolon.
Joshua Tree.
Juazeiro.
Juazeiro do Norte.
Juiz de Fora.
Julian.
Junction City.
Jundiai.
June Lake.
Kabul.
Kaifeng.
Kaili.
Kaiyuan.
Kandahar.
Kansas City.
Karamay.
Kashi.
Kaweah.
Keeler.
Keene.
Kelowna.
Kelseyville.
Kensington.
Kentfield.
Kenwood.
Kerman.
Kernville.
Kettleman City.
Keyes.
Khulna.
King City.
Kings Beach.
Kingsburg.
Kingston.
Kirkwood.
Kirovakan.
Kit.
Kitchener.
Klamath.
Klamath River.
Kneeland.
Knights Ferry.
Knights Landing.
Knightsen.
Knoxville.
Korbel.
Korla.
Kortrijk.
Kunming.
Kyburz.
La Canada-Flintridge.
La Crescenta.
La Grange.
La Habra.
La Honda.
La Jolla.
La Louviere.
La Matanza.
La Mesa.
La Mirada.
La Palma.
La Paz.
La Plata.
La Porte.
La Puente.
La Quinta.
La Selva Beach.
La Serena.
La Verne.
Lafayette.
Lafayette.
Lages.
Laguna Beach.
Laguna Hills.
Laguna Niguel.
Lagunitas.
Lake.
Lake Arrowhead.
Lake City.
Lake Elsinore.
Lake Forest.
Lake Hughes.
Lake Isabella.
Lakehead.
Lakeport.
Lakeshore.
Lakeside.
Lakewood.
Lakewood.
Lamont.
Lancaster.
Lancaster.
Landers.
Langfang.
Lansing.
Lanus.
Lanzhou.
Laredo.
Larkspur.
Las Vegas.
Lathrop.
Laton.
Laval.
Lawndale.
Laytonville.
Le Grand.
Lebec.
Lee Vining.
Leggett.
Lemon Cove.
Lemon Grove.
Lemoore.
Lemoore NAS.
Lengshuijiang.
Lengshuitan.
Leninakan.
Lennox.
Leona Valley.
Leucadia.
Lewiston.
Lexington-Fayette.
Lhasa.
Lianyuan.
Lianyungang.
Liaocheng.
Liaoyang.
Liaoyuan.
Lichuan.
Likely.
Lima.
Limeira.
Linchuan.
Lincoln.
Lincoln.
Lincoln Acres.
Linda.
Linda.
Linden.
Lindsay.
Linfen.
Linhai.
Linhares.
Linhe.
Linqing.
Linxia.
Linyi.
Linz.
Lishui.
Litchfield.
Little River.
Little Rock.
Littlerock.
Liupanshui.
Liuzhou.
Live Oak.
Livermore.
Livingston.
Livonia.
Liege.
Llano.
Lockeford.
Lockwood.
Lodi.
Loleta.
Loma.
Loma Mar.
Lomas de Zamora.
Lomita.
Lompoc.
London.
Londrina.
Lone Pine.
Long Barn.
Long Beach.
Long Beach.
Longueuil.
Longyan.
Longzing.
Lookout.
Loomis.
Los Alamitos.
Los Alamos.
Los Alto.
Los Altos.
Los Altos Hills.
Los Angeles.
Los Angeles.
Los Angeles.
Los Angeles AFB.
Los Angeles County.
Los Banos.
Los Gatos.
Los Molinos.
Los Nietos.
Los Olivos.
Los Osos.
Lost Hills.
Lotus.
Loudi.
Louisville.
Lowell.
Lower.
Loyalton.
Lu 'an.
Luanda.
Lubbock.
Lucerne.
Lucerne Valley.
Luik.
Luohe.
Luoyang.
Luzhou.
Luziania.
Lynwood.
Lytle Creek.
MCAS.
Ma 'anshan.
Macae.
Macapa.
Macdoel.
Maceio.
Macheng.
Macon.
Mad River.
Madeline.
Madera.
Madison.
Madison.
Madras.
Madrid.
Magalia.
Mage.
Malibu.
Mammoth Lakes.
Manama.
Manaus.
Manchester.
Manchester.
Manhattan Beach.
Manteca.
Manton.
Manzhouli.
Maoming.
Mar Vista.
Mar del Plata.
Maraba.
Maracanau.
Maricopa.
Marina.
Marina del Rey.
Maringa.
Mariposa.
Markham.
Markleeville.
Maroua.
Marshall.
Martell.
Martinez.
Marysville.
Marilia.
Mather.
Matsqui.
Maua.
Maxwell.
Maywood.
Mazar-i-Sharif.
Mc Farland.
Mc Kittrick.
McAllen.
McArthur.
McClellan AFB.
McCloud.
McKinleyville.
Meadow Valley.
Meadow Vista.
Mecca.
Meizhou.
Melbourne.
Memphis.
Mendocino.
Mendota.
Mendoza.
Menifee.
Menlo Park.
Mentone.
Merced.
Meridian.
Mesa.
Mesa.
Mesquite.
Mettler.
Mexico City.
Mi Wuk Village.
Miami.
Mianyang.
Middletown.
Midpines.
Midway City.
Milford.
Mill Creek.
Mill Valley.
Millbrae.
Mills.
Millville.
Milpitas.
Milwaukee.
Mineral.
Minneapolis.
Minsk.
Mira Loma.
Miramar.
Miramonte.
Miranda.
Mishan.
Mission Hills.
Mission Viejo.
Mississauga.
Mobile.
Moccasin.
Modesto.
Modesto.
Mogilev.
Mojave.
Moji das Cruzes.
Moji-Guacu.
Mokelumne Hill.
Monarch Beach.
Moncton.
Mono Hot Springs.
Monrovia.
Mons.
Montague.
Montara.
Montclair.
Monte Rio.
Monte Sereno.
Montebello.
Montecito.
Monterey.
Monterey Park.
Montes Claros.
Montgomery.
Montgomery Creek.
Montrose.
Montreal.
Moorhead.
Moorpark.
Moraga.
Moreno Valley.
Moreno Valley.
Morgan Hill.
Moron.
Morongo Valley.
Morro Bay.
Moscow.
Moss Beach.
Moss Landing.
Mossoro.
Mostar.
Mount Aukum.
Mount Baldy.
Mount Eden.
Mount Hamilton.
Mount Hermon.
Mount Laguna.
Mount Shasta.
Mount Wilson.
Mountain.
Mountain Center.
Mountain Pass.
Mountain Ranch.
Mountain View.
Mozir.
Mudangiang.
Muir Beach.
Mumbai.
Murphys.
Murrieta.
Myers Flat.
Mymensingh.
N 'Djamena.
NAS.
Nagasaki.
Namur.
Nanchang.
Nanchong.
Nangong.
Nanjiang.
Nanning.
Nanping.
Nantong.
Nanyang.
Naogaon.
Napa.
Naperville.
Narayanganj.
Nashville-Davidson.
Nassau.
Natal.
National City.
Navarro.
Nawabganj.
Needles.
Neijiang.
Nelson.
Nepean.
Neuquen.
Nevada City.
New Almaden.
New Cuyama.
New Haven.
New Orleans.
New York.
New York City.
Newark.
Newark.
Newberry Springs.
Newbury Park.
Newcastle.
Newcastle.
Newhall.
Newman.
Newport Beach.
Newport News.
Nicasio.
Nice.
Nicolaus.
Niland.
Nilopolis.
Ninde.
Ningbo.
Nipomo.
Niteroi.
Nkongsamba.
Norco.
Norden.
Norfolk.
North Edwards.
North Fork.
North Highlands.
North Hills.
North Hollywood.
North Island.
North Palm Springs.
North San Juan.
North York.
Northridge.
Norwalk.
Norwalk.
Nova Friburgo.
Nova Iguacu.
NovatoNubieber.
Novo Hamburgo.
Nuevo.
Nut Tree.
O 'Brien.
O 'Neals.
Oak Glen.
Oak Hills.
Oak Park.
Oak Run.
Oak View.
Oakdale.
Oakhurst.
Oakland.
Oakland.
Oakley.
Oakville.
Oakville.
Occidental.
Oceano.
Oceanside.
Oceanside.
Ocotillo.
Ojai.
Oklahoma City.
Olancha.
Old Station.
Olema.
Olinda.
Olivehurst.
Olympic Valley.
Omaha.
Onizuka AFS.
Ontario.
Ontario.
Onyx.
Oran.
Orange.
Orange.
Orange Cove.
Orangevale.
Orcutt.
Oregon House.
Orick.
Orinda.
Orland.
Orlando.
Orleans.
Oro Grande.
Orosi.
Oroville.
Orsha.
Oruro.
Osasco.
Oshawa.
Osorno.
Ottawa.
Ouagadougou.
Overland Park.
Oxnard.
Oxnard.
Pabna.
Pacheco.
Pacific Beach.
Pacific Grove.
Pacifica.
Pacoima.
Pago Pago.
Paicines.
Pala.
Palermo.
Palisades.
Palm Desert.
Palm Springs 29.
Palmdale.
Palmdale.
Palms MCAGCC.
Palo Alto.
Palo Cedro.
Palo Verde.
Palomar Mountain.
Palos Verdes Estates.
Panjin.
Panorama City.
Panzhihua.
Paradise.
Parakou.
Paramount.
Paranagua.
Parana.
Paris.
Parker Dam.
Parlier.
Parnaiba.
Pasadena.
Pasadena.
Paskenta.
Paso Robles.
Rome.
Florence.
Venice.
Siena.
Verona.
Milan.
Naples.
Bologna.
Padua.
Parma.
Ferrara.
Mantua.
Ravenna.
Passo Fundo.
Paterson.
Patos de Minas.
Patterson.
Patton.
Paulista.
Pauma Valley.
Paynes Creek.
Pearblossom.
Pebble Beach.
Peking.
Pelotas.
Pembroke Pines.
Peninsula Village.
Penn Valley.
Penngrove.
Penryn.
Peoria.
Perris.
Perth.
Pescadero.
Petaluma.
Petrolia.
Petrolina.
Petropolis.
Phelan.
Philadelphia.
Phillipsville.
Philo.
Phnom Penh.
Phoenix.
Pico Rivera.
Piedmont.
Piedra.
Piercy.
Pilot Hill.
Pindamonhangaba.
Pine Cove.
Pine Grove.
Pine Valley.
Pinecrest.
Pinedale.
Pines.
Pingdingshan.
Pingdong.
Pingliang.
Pinole.
Pinon Hills.
Pinsk.
Pinxiang.
Pioneer.
Pioneertown.
Piracicaba.
Piraquara.
Piru.
Pismo Beach.
Pittsburg.
Pittsburgh.
Pixley.
Placentia.
Placer County.
Placerville.
Planada.
Plano.
Platina.
Playa del Rey.
Pleasant Grove.
Pleasant Hill.
Pleasanton.
Plovdiv.
Plymouth.
Plevene.
Pocos de Caldas.
Point Arena.
Point Mugu NAS.
Point Reyes.
Point Richmond.
Pollock.
Pomona.
Pomona.
Pond.
Ponta Grossa.
Pope Valley.
Port Costa.
Port of Hueneme.
Porter Ranch.
Porterville.
Portland.
Porto-Novo.
Portola.
Portola Valley.
Portsmouth.
Posadas.
Posey.
Potosi.
Potrero.
Potter Valley.
Poway.
Praia.
Praia Grande.
Prather.
Presidente Prudente.
Presidio of Monterey.
Prijedor.
Princeton.
Proberta.
Project City.
Providence.
Prunedale.
Pueblo.
Puente Alto.
Puerto Montt.
Pulga.
Pumpkin Center.
Punta Arenas.
Puqi.
Pusan.
Putian.
Puyang.
Pyongyang.
Pórto Alegre.
Pórto Velho.
Qianjiang.
Qingdo.
Qingtongxia.
Qingyuan.
Qinhuangdo.
Qinzhou.
Qiqihar.
Qitaihe.
Quandahar.
Quanzhou.
Quebec city.
Queimados.
Quilmes.
Quilpué.
Qujing.
Quzhou.
Québec.
Rajshahi.
Raleigh.
Rancagua.
Rancho Cucamonga.
Rangpur.
Recife.
Redwod City.
Regina.
Reno.
Resistencia.
Ribeirao Preto.
Ribeirao das Neves.
Richmond.
Rio Branco.
Rio Claro.
Rio Cuarto.
Rio Grande.
Rio de Janeiro.
Riverside.
Rizhao.
Road Town.
Rochester.
Rockford.
Rondonópolis.
Rosario.
Roussé.
Sacramento.
Sacramento.
Sandusky.
Saidpur.
Saigon.
Saint Helena.
Saint John.
Saint Louis.
Saint Paul.
Saint Petersburg.
Salem.
Salida.
Salinas.
Salinas.
Salt Lake City.
Salta.
Salton City.
Salvador.
Salyer.
Salzburg.
Samoa.
San Andreas.
San Anselmo.
San Antonio.
San Ardo.
San Bernardino.
San Bernardino.
San Bernardo.
San Bruno.
San Carlos.
San Clemente.
San Diego.
San Diego.
San Diego MCRD.
San Dimas.
San Fernando.
San Fernando.
San Francisco.
San Francisco.
San Gabriel.
San Geronimo.
San Gregorio.
San Isidro.
San Jacinto.
San Joaquin.
San Jose.
San Jose.
San Juan.
San Juan Bautista.
San Juan Capistrano.
San Leandro.
San Lorenzo.
San Lucas.
San Luis Obispo.
San Luis Rey.
San Marcos.
San Marino.
San Martin.
San Mateo.
San Miguel.
San Miguel de Tucumán.
San Nicolas.
San Onofre.
San Pablo.
San Pedro.
San Quentin.
San Rafael.
San Ramon.
San Salvador de Jujuy.
San Simeon.
San Ysidro.
Sand City.
Sanger.
Sanmenxia.
Sanming.
Santa Ana.
Santa Ana.
Santa Ana Heights.
Santa Barbara.
Santa Barbara D 'Oeste.
Santa Braba.
Santa Clara.
Santa Clara.
Santa Clarita.
Santa Clarita.
Santa Cruz.
Santa Cruz.
Santa Cruz do Sul.
Santa Fe.
Santa Fé.
Santa Luzia.
Santa Margarita.
Santa Maria.
Santa Maria.
Santa Monica.
Santa Paula.
Santa Rita Park.
Santa Rosa.
Santa Rosa.
Santa Ynez.
Santarém.
Santee.
Santiago.
Santo André.
Santos.
Sanya.
Sao Bernardo do Campo.
Sao Caetano do Sul.
Sao Carlo.
Sao Gonçalo.
Sao Joao de Meriti.
Sao José.
Sao José do Rio Prêto.
Sao José dos Campos.
Sao José dos Pinhais.
Sao Leopoldo.
Sao Luís.
Sao Paolo.
Sao Vicente.
Sapucaia.
Sarajevo.
Saratoga.
Saskatoon.
Sattley.
Saugus.
Sausalito.
Savannah.
Sawyers Bar.
Scarborough.
Scotia.
Scott Bar.
Scotts Valley.
Scottsdale.
Seal Beach.
Seaside.
Seattle.
Sebastopol.
Seeley.
Seiad Valley.
Selma.
Seoul.
Sepulveda.
Serra.
Sete Lagoas.
Setif.
Shadow Hills.
Shafter.
Shahe.
Shandon.
Shandong Sheng.
Shanghai.
Shangqiu.
Shangrao.
Shangzhi.
Shangzhou.
Shantou.
Shanwei.
Shanxi.
Shanxi Sheng.
Shanzhong.
Shaoguan.
Shaown.
Shaoxing.
Shaoyang.
Shashi.
Shasta.
Shasta Lake.
Shaver Lake.
Sheep Ranch.
Shell Beach.
Shenyang.
Shenzhen.
Sherbrooke.
Sheridan.
Sherman Oaks.
Shihezi.
Shijianzhuang.
Shingle.
Shingletown.
Shishou.
Shiyan.
Shizuishan.
Shoshone.
Shouzhou.
Shreveport.
Shuangcheng.
Shuangyashan.
Sidi-bel-Abbès.
Sierra City.
Sierra Madre.
Sierraville.
Sifen.
Signal Hill.
Silicon Valley.
Silverado.
Simi Valley.
Simi Valley.
Singapore.
Sioux City.
Sioux Falls.
Siping.
Skyforest.
Slivène.
Sloughhouse.
Smartville.
Smith River.
Snelling.
So Paulo.
Sobral.
Soda.
Sofia.
Solana Beach.
Soledad.
Solegorsk.
Solvang.
Somerset.
Somes Bar.
Somis.
Sonoma.
Sonoma County.
Sonora.
Soquel.
Sorocaba.
Soulsbyville.
South Bend.
South Dos Palos.
South El Monte.
South Gate.
South Laguna.
South Lake Tahoe.
South Pasadena.
South San Francisco.
Spanish Flat.
Spokane.
Spreckels.
Spring Valley.
Spring Valley Lake.
Springfield.
Springs.
Springs.
Springs.
Springville.
Squaw Valley.
St. Augustine.
St. Catharines.
St. Helier.
St. John 's.
St. Louis.
St. Paul.
St. Petersburg.
Stamford.
Standard.
Standish.
Stanton.
Stara Zagora.
Station.
Sterling Heights.
Stevinson.
Stewarts Point.
Stinson Beach.
Stirling City.
Stockton.
Stockton.
Stonyford.
Storrie.
Stratford.
Strathmore.
Strawberry.
Strawberry Valley.
Studio City.
Sucre.
Sudbury.
Sugarloaf.
Suihua.
Suinin.
Suisun City.
Sultana.
Sumaré.
Sumgait.
Summerland.
Summit City.
Sun City.
Sun Valley.
Sunland.
Sunnyvale.
Sunnyvale.
Sunol.
Sunset Beach.
Sunshine Coast.
Surfside.
Surrey.
Susano.
Susanville.
Sutter.
Sutter Creek.
Suzhou.
Sydney.
Sydney Glace Bay.
Sylmar.
Syracuse.
THIMPHU.
Taboao da Serra.
Tacoma.
Tai 'an.
Tainan.
Taipei.
Taiyan.
Taizhong.
Talca.
Talcahuano.
Tallahassee.
Tampa.
Tanchun.
Tangail.
Tangshan.
Tansyuan.
Taonan.
Taubaté.
Teheran.
Tempe.
Temuco.
Teresina.
Teresópolis.
Teófilo Otoni.
Thimphu.
Thousand Oaks.
Thunder Bay.
Tianjin.
Tianmen.
Tianshui.
Tieli.
Tieling.
Timon.
Tirana.
Tokyo.
Toledo.
Tongchuan.
Tonghua.
Tongi.
Tongliao.
Tongling.
Tongren.
Topeka.
Toronto.
Torrance.
Townsville.
Trois-Rivières.
Tucson.
Tulsa.
Tumen.
Turpan.
Tuskegee.
Tuzla.
Uberaba.
Uberlandia.
Ulaanbaatar.
Ulan Hot.
Umuarama.
Urbana.
Uruguaiana.
Urumqi.
Uthan.
Valdivia.
Vallejo.
Valparaiso.
Vancouver.
Varna.
Vaughan.
Viamao.
Vicente Lopez.
Victoria.
Vienna.
Vila Velha.
Virginia Beach.
Vista.
Vitebsk.
Vitoria.
Vitoria da Conquista.
Vitoria de Santo Antao.
Viña del Mar.
Volta Redonda.
Várzea Grande.
Waco.
Wanxian.
Warren.
Warsaw.
Washington.
Waterbury.
Weifang.
Weihai.
Weinan.
Wenzhou.
West Covina.
Wichita.
Wichita Falls.
Wien.
Wilmington.
Windsor.
Winnipeg.
Winston-Salem.
Woodbury.
Worcester.
Wuchuang.
Wuhan.
Wuhu.
Wuwei.
Wuxi.
Wuxue.
Wuyishan.
Wuzhou.
Xi 'an.
Xiamen.
Xian.
Xiangfan.
Xiangtan.
Xiannin.
Xiantao.
Xianyang.
Xiaocan.
Xichang.
Xifeng.
Xining.
Xinji.
Xinxiang.
Xinyang.
Xinyi.
Xinyu.
Xinzhu.
Xuanzhou.
Xuchang.
Xuzhou.
Xuzhou.
YEREVAN.
Ya 'an.
Yakumshi.
Yan 'an.
Yangjiang.
Yangquan.
Yangzhou.
Yanji.
Yantai.
Yaounde.
Yerevan.
Yibin.
Yichang.
Yichun.
Yichun.
Yinchuan.
Yingcheng.
Yingkow.
Yining.
Yintan.
Yiyang.
Yokohama.
Yongzhou.
Yonkers.
York.
Yuanjiang.
Yuci.
Yueyang.
Yulin.
Yulin.
Yumen.
Yuncheng.
Yuxi.
Zalantun.
Zaozhuang.
Zenica.
Zhangjiakou.
Zhangshu.
Zhangye.
Zhangzhou.
Zhanjiang.
Zhaoqing.
Zhaotang.
Zhenchu.
Zhengzhou.
Zhenjiang.
Zhoukou.
Zhoushan.
Zhuhai.
Zhumadian.
Zhuzhou.
Zibo.
Zicheng.
Zigong.
Zixing.
Zunyi.
Zuozhou.
Seoul.
Bombay.
Marathi Mumbai.
Sao Paulo.
Jakarta.
Batavia.
Djakarta.
Moscow.
Moskva.
Mexico City.
Tenochtitlán.
Shanghai.
Tokyo.
Edo.
Istanbul.
Constantinople.
Beijing.
Peking.
Pei-Ching.
New York City.
Manhattan.
Brooklyn.
Queens.
Bronx.
Staten Island.
Richmond.
Delhi.
Hong Kong.
Hsiang Kang.
Cairo.
Al-Qahirah.
Teheran.
Tehran.
Lima.
El Pulpo.
Bangkok.
Krung Thep.
Krakow.
Thon Buri.
Tianjin.
T'ien-Ching.
Tientsin.
Pinyin.
Rio de Janeiro.
Brasília.
Shenyang.
Shen-yang.
Calcutta.
Kolkata.
Kalikata.
St. Petersburg.
Petrograd.
Leningrad.
Santiago.
Santiago del Nuevo Extremo.
Santafé de Bogotá D.C..
Bogota.
Guangzhou.
Madras.
Tamil Chennai.
Baghdad.
Bagdad.
Wuhan.
Han-k'ou.
Han-yang.
Wu-ch'ang.
Pusan.
Busan.
Sydney.
Caracas.
Harbin.
Los Angeles.
Chengdu.
Ch'eng-tu.
Berlin.
Cölln.
Yokohama.
Alexandria.
Al Iskandariyah.
Melbourne.
Singapore.
Wuxi.
Wu-hsi.
Chongqing.
Chungking.
Ho Chi Minh City.
Saigon.
Thanh Pho Ho Chi Minh.
Hyderabad.
Madrid.
Buenos Aires.
Santa María del Buen Aire.
Ahmedabad.
Ankara.
Angora.
Chicago.
Pyongyang.
P'yongyang.
Cape Town
Cape Town.
