Aalto
Aaron
Aaron
Abbott
Abdoo
Abdul
Abdul-Jabbar
Abercrombie
Abernathy
Abigail
Abraham
Abram
Achebe
Ackerman
Ackles
Ackroyd
Acuff
Adam
Adam
Adams
Adams
Adams
Adams
Adams
Addams
Adderley
Addison
Adenauer
Adrian
Adriano
Affleck
Agassi
Agee
Agnew
Aguilera
Aguirre
Ahmed
Ahn
Aiello
Aikman
Ailey
Aimee
Akenside
Akerson
Akins
Akiyuki
Al
Alba
Albee
Alberghetti
Albert
Alberti
Albertson
Albom
Albright
Alcott
Alcott
Alda
Alden
Aldinger
Aldrich
Aldrin
Aleichem
Aleixandre
Alejandro
Alex
Alexa
Alexakis
Alexander
Alexander
Alexander
Alexandra
Alexandria
Alexis
Alfven
Alger
Ali
Alicia
Alighieri
Allaire
Allen
Allende
Allende
Alley
Allingham
Allison
Allison
Allman
Allyson
Almeida
Alonso
Alpert
Altman
Alvarado
Alvarez
Alyssa
Amanda
Amber
Ameche
Ames
Ami
Amick
Amiel
Amis
Amos
Amos
Amsterdam
Amundsen
Amy
Andersen
Anderson
Anderson
Andersson
Andrade
Andrea
Andreas
Andress
Andretti
Andrew
Andrews
Angel
Angel
Angelou
Aniston
Anka
Anna
Annan
Ant
Anthony
Anthony
Anthony
Antoinette
Anton
Antonio
Apostle
Apple
Applegate
Appleton
Appleton
Aquino
Arafat
Arbuckle
Arc
Archibald
Archibald
Arden
Arden
Ardenne
Arenado
Argyle
Arias
Ark
Arkin
Arkwright
Armani
Armstrong
Armstrong
Arnaz
Arness
Arnold
Arnold
Arquette
Arthur
Arthur
Arvizu
Ashe
Ashley
Asimov
Asner
Assimov
Astaire
Astin
Asturias
Atherton
Atkins
Atkinson
Atlas
Attenborough
Atwood
Auberjonois
Audubon
Augustine
Aurelius
Austen
Austen
Austin
Austin
Austria
Authorship
Autry
Autumn
Avalon
Avicena
Ayer
Aykroyd
Ayres
Ayumi
Azaria
Azzopardi
Babbage
Babington
Bacall
Bach
Bacharach
Bachchan
Backus
Bacon
Baden-Powell
Baez
Bagby
Bagley
Bailey
Bailey
Bailey
Bailey
Bainbridge
Baio
Bairstow
Baiul
Baker
Baker
Bakke
Bakker
Bakula
Balanchine
Balboa
Baldwin
Bale
Balin
Balk
Ball
Ballard
Ballard
Ballesteros
Ballmer
Balsam
Bancroft
Banderas
Bangs
Banks
Banks
Banneker
Bannister
Banville
Barbakow
Barbauld
Barbeau
Barber
Barbera
Barca
Bardeen
Bardot
Baring-Gould
Barker
Barker
Barkin
Barkla
Barkley
Barlow
Barnes
Barney
Barnfield
Barnholt
Barnum
Baroja
Barr
Barr
Barrett
Barrett
Barrie
Barrington
Barry
Barrymore
Bartas
Bartok
Barton
Barton
Barty
Baryshnikov
Basco
Bashford
Basie
Basinger
Basov
Bass
Bassett
Bassey
Basteri
Bateman
Bates
Battenberg
Baum
Bawden
Baxter
Bayly
Beals
Bean
Beardsley
Beattie
Beatty
Beauchamp
Beaumont
Beck
Becker
Beckett
Becquerel
Bedelia
Bedford
Bednorz
Beek
Beers
Beethoven
Beggs
Begin
Begley
Behan
Beiderbecke
Belafonte
Belafonte-Harper
Belda
Bell
Bellamy
Belli
Bellinghausen
Bellow
Belmondo
Belushi
Benacerraf
Benatar
Bench
Benchley
Bendix
Bening
Benjamin
Benjamin
Benmosche
Bennett
Bennett
Bennetts
Benny
Benserade
Benson
Bentley
Berendt
Bergen
Berger
Bergeron
Bergman
Berkeley
Berkley
Berle
Berlin
Berlioz
Berman
Bernardi
Bernhard
Bernhardt
Bernsen
Bernstein
Berra
Berry
Berry
Berthiaume
Bertinelli
Bertolucci
Betha
Bethe
Bethune
Bethune
Beverly
Bezos
Bezos
Bialik
Bible
Bickerstaff
Biel
Bierce
Biggs
Bikel
Bill
Billingsley
Bingham
Binnig
Birch
Bird
Bishop
Bisset
Bixby
Bizet
Black
Blackett
Blackmore
Blackstone
Blackwood
Blair
Blake
Blake
Blanc
Blanchard
Blanchard
Blanchett
Blatty
Bledsoe
Bleeth
Bleustein
Blige
Blinston
Bloch
Bloch
Blocker
Bloembergen
Bloom
Bloom
Blue
Blume
Bly
Blystone
Blyth
Boadicea
Bobby
Bobek
Bocelli
Bochco
Bogarde
Bogart
Bogdanovich
Bohannon
Bohr
Boker
Bolger
Bolinger
Bolivar
Bollenbach
Bolton
Bolton
Bombeck
Bonaparte
Bond
Bonds
Boner
Bonet
Bonham
Bono
Bonsignore
Boone
Booth
Booth
Borden
Boreanaz
Borg
Borge
Borges
Borgnine
Borman
Born
Bosanquet
Boscia
Bosley
Bothe
Bottoms
Bourdillon
Bovender
Bow
Bowen
Bowie
Boxleitner
Boyd
Boydstun
Boyer
Boys
Bracco
Bracken
Bradbury
Bradbury
Bradford
Bradlee
Bradley
Bragg
Brahms
Braille
Brainard
Bramston
Branagh
Brandeis
Brandis
Brando
Brandon
Brasselle
Braun
Braunbeck
Brautigan
Breanna
Brecht
Brendan
Brendsel
Brennan
Brenner
Brereton
Breslin
Brett
Brewer
Brian
Briana
Brianna
Brice
Bricker
Bridges
Bridgman
Bright
Brimley
Brink
Brinkley
Brittany
Brittany
Britten
Broadhead
Brockhouse
Broderick
Broglie
Brokaw
Bromley
Bronson
Bronster
Bronte
Bronte
Brooke
Brookner
Brooks
Brooks
Brosnan
Brothers
Brough
Brown
Brown
Brown
Brown
Browne
Brownell
Browning
Brubeck
Bruce
Bruneau
Brunell
Brunetti
Brust
Bryan
Bryan
Bryant
Bryce
Brynner
Bryson
Buchanan
Buchanan
Buchwald
Buck
Bucke
Buckingham
Buckley
Buckley
Buffett
Buffett
Bujold
Bujold
Bukowski
Bullock
Bulwer
Bulwer-Lytton
Bunche
Bunn
Bunner
Bunton
Bunyan
Buonarroti
Burbank
Burd
Bure
Buren
Buren
Burg
Burger
Burgess
Burgess
Burgess
Burghoff
Burke
Burnand
Burner
Burnes
Burnett
Burnham
Burnquist
Burns
Burr
Burrell
Burroughs
Burstyn
Burt
Burton
Buscaglia
Busch
Busch
Busey
Bush
Bush
Bush
Bustamante
Butkus
Butler
Button
Buttons
Buttram
Butts
Buzzi
Byatt
Byington
Bynes
Byrnes
Byrom
Byron
Caan
Cacek
Cadogan
Caen
Caesar
Cage
Cagney
Cain
Caine
Caitlin
Cajal
Calarco
Calder
Caleb
Calhoun
Call
Callas
Calles
Calloway
Calverley
Camacho
Cameron
Cameron
Campanella
Campbell
Campbell
Campbell
Candy
Canning
Cannon
Canseco
Cantrell
Capablanca
Capellas
Capone
Capote
Capp
Capps
Capra
Capriati
Capshaw
Cara
Caray
Cardin
Cardinale
Carew
Carey
Carey
Carleton
Carlin
Carlisle-Hart
Carlos
Carlson
Carlson
Carlyle
Carman
Carmichael
Carnegie
Carnes
Carney
Caroline
Caron
Carp
Carpenter
Carr
Carr
Carradine
Carre
Carrera
Carreras
Carrere
Carrey
Carrion
Carrol
Carroll
Carroll
Carroll
Carson
Carter
Carter
Carteris
Cartwright
Cartwright
Carty
Caruso
Carver
Carvey
Cary
Casady
Casals
Casas
Casey
Caseys
Cash
Cass
Cassandra
Cassat
Cassell
Cassidy
Cassini
Castille
Castro
Catell
Cates
Cates
Cather
Cattermole
Catton
Cavanaugh
Cavazos
Cave
Cavett
Cawein
Cayne
Cecala
Cela
Cervantes
Cezanne
Chabert
Chabon
Chabraja
Chadwick
Chahrour
Chamberlain
Chambers
Chamillard
Chan
Chancellor
Chandler
Chandler
Chandler
Chandrasekhar
Chaney
Chang
Channing
Chao
Chapin
Chaplin
Chapman
Chapman
Charisse
Charles
Charles
Charron
Charvet
Chase
Chase
Chasez
Chatwin
Chaucer
Chavez
Checker
Chellgren
Chelsea
Chen
Chenault
Cheney
Cherenkov
Cherry
Chesnutt
Chesterton
Chevalier
Cheyenne
Chicks
Child
Chisato
Chisholm
Chivers
Chizen
Chloe
Chlumsky
Choate
Chong
Chopin
Chopin
Chorley
Chrichton
Christensen
Christian
Christie
Christie
Christina
Christopher
Christopher
Chu
Chung
Church
Churchill
Cibber
Ciccone
Cierva
Cisneros
Claflin
Claire
Clancy
Clancy
Clapton
Clark
Clark
Clarke
Clarke
Clarke
Clavell
Clay
Clayburgh
Clayton-Thomas
Cleaver
Cleese
Clemens
Clemente
Cleveland
Cleveland
Cliburn
Clifford
Clift
Cline
Cline
Clinton
Clinton
Clooney
Close
Clough
Clues
Cobain
Cobb
Coburn
Coca
Cochran
Cochrane
Cockcroft
Cocker
Cocteau
Cody
Cody
Coelho
Coetzee
Coffman
Cohan
Cohen
Cohen
Cohen-Tannoudji
Coke
Colavito
Colbert
Cold
Cole
Cole
Coleman
Coleman
Coleridge
Coles
Colesworthy
Collins
Collins
Collins
Collinsworth
Collyer
Colman
Coltrane
Comaneci
Combs
Como
Compton
Conant
Conaway
Condit
Condra
Conger
Congreve
Connections
Conners
Connery
Connick
Connolly
Connor
Connor
Connors
Conrad
Conreid
Conried
Constant
Convy
Conway
Conway
Coogan
Cook
Cook
Cooke
Coolidge
Coolidge
Cooper
Cooper
Cooper
Copernicus
Copland
Copperfield
Coppola
Corbett
Corbusier
Corbusier
Corea
Corman
Cormier
Cornell
Cornwall
Cornwell
Coronado
Corr
Correll
Corrigan
Cort
Cosby
Cosell
Cosgrove
Costas
Costello
Costilla
Costner
Cote
Cotros
Cotsakos
Cotten
Cotton
Coulier
Couric
Courier
Courtenay
Courteney
Courtney
Cousteau
Coviello
Coward
Cowley
Cowper
Cox
Crabbe
Crace
Craik
Crain
Cranch
Crane
Crashaw
Crawford
Crawford
Creech
Crenna
Crenshaw
Crichton
Criss
Critelli
Crockett
Cromwell
Cronin
Cronkite
Cronyn
Crosby
Cross
Crothers
Crow
Crowe
Crowe
Cruise
Cruz
Crystal
Cugat
Culkin
Cullen
Culp
Culp
Culver
Cummings
Cummings
Cunningham
Cuomo
Curie
Curlander
Curran
Curry
Curtin
Curtis
Cusack
Cushing
Cushman
Custer
Cutler
Cyrus
D'Allesandro
Daane
Daberko
Dacascos
Daddy
Daft
Dahl
Daisuke
Dakota
Dalen
Dalglish
Dali
Dalton
Dalton
Daltrey
Daly
Damian
Damme
Damon
Damone
Dan
Danes
Dangerfield
Daniel
Daniel
Danielewski
Danielle
Daniels
Danson
Dante
Danza
Darin
Darmesteter
Darrow
Darwin
Dattilo
Dauch
Davenant
David
David
Davidson
Davidson
Davies
Davies
Davis
Davis
Davison
Davisson
Dawber
Dawson
Day
Day
Day-Lewis
DeAnza
DeCamp
DeCarlo
DeGeneres
DeHavilland
DeLillo
DeLoach
DeLonge
DeLuise
DeMille
DeNiro
DePalma
DeVille
DeVito
DeWitt
Deacon
Dean
Dean
Deane
Deavenport
Debussy
Dee
Defoe
Degas
Dehmelt
Dekker
Delaney
Delany
Dell
Deming
Dempsey
Deneuve
Denham
Denman
Dennis
Denny
Densmore
Denver
Depardieu
Depp
Derek
Dern
Derrick
Desai
Descartes
Destiny
Devin
Devine
Devlin
Dewhurst
Dey
DiCaprio
DiMaggio
DiMicco
Diamond
Diana
Diana
Diaz
Dibdin
Dick
Dick
Dickens
Dickens
Dickey
Dickins
Dickinson
Dicus
Diddley
Diego
Dies
Dietrich
Diggs
Dillard
Diller
Diller
Dillinger
Dillon
Dillon
Dimon
Dion
Dirac
Disney
Ditka
Dobson
Doddridge
Dodge
Dodge
Dods
Dogg
Doherty
Doherty
Dolan
Dole
Dolenz
Dollens
Domett
Domingo
Dominick
Domino
Donahue
Donahue
Donaldson
Donne
Donovan
Doohan
Dooner
Doren
Dorn
Dorough
Dorr
Dorsey
Dostoevsky
Doubleday
Doudney
Douglas
Douglass
Dow
Dowdell
Dowling
Downey
Downs
Doyle
Doyle
Dragon
Drake
Draper
Drayton
Dre
Dreesen
Drescher
Drexler
Dreyfuss
Driver
Drosdick
Drummond
Dryden
Drysdale
DuBois
Duchovny
Duff
Duffy
Dukakis
Duke
Dullea
Dumars
Dumas
Dunaway
Duncan
Dunham
Dunn
Dunne
Dunst
Duques
Durante
Durning
Duroc-Danner
Durrell
Durst
Duvall
Dwight
Dyer
Dyke
Dyken
Dylan
Dylan
Earhart
Earley
Earnhardt
Earp
Easton
Eastwood
Ebbers
Ebert
Ebsen
Echegaray
Eckert
Eckstine
Eco
Eddings
Eddy
Eden
Edgar
Edgarian
Edison
Edward
Edwards
Edwardson
Edwin
Egan
Eggar
Ehrlich
Eikenberry
Eikichi
Einstein
Eisenberg
Eisenberg
Eisenhower
Eisenhower
Eisner
Ekberg
Ekland
Elcano
Elder
Electra
Elfman
Elgar
Elijah
Eliot
Elizabeth
Ellenberger
Ellerbee
Ellington
Elliot
Elliott
Ellis
Ellison
Ellison
Ellison
Elway
Elwes
Ely
Emerson
Emi
Emily
Emma
Emperor
Engelke
Engibous
England
Engles
Engles
English
English
Enrico
Ensler
Ephron
Erdrich
Ergen
Eric
Erica
Erin
Ernst
Erving
Esaki
Escher
Espinel
Esquivel
Esrey
Essner
Estefan
Esteves
Estevez
Estrada
Ethan
Etheridge
Ettore
Evan
Evans
Evans
Everett
Everly
Evert
Ewell
Ewing
Eyler
Eyquem
Fabares
Faber
Fabray
Fagan
Fahey
Fairbank
Fairbanks
Fairchild
Faithfull
Falana
Falk
Falla
Faltskog
Falwell
Faraday
Fard
Farentino
Fargo
Farley
Farmer
Farquhar
Farr
Farr
Farragut
Farrakhan
Farrand
Farrell
Farrell
Farrell
Farrow
Fatone
Faulkner
Faulkner
Favre
Fawcett
Faye
Feiffer
Feinberg
Feist
Feldman
Feldon
Feliciano
Felix
Fellini
Fenn
Ferguson
Ferland
Ferlinghetti
Fermi
Fernandez
Ferraro
Ferrer
Ferriar
Ferrigno
Ferris
Feuer
Feynman
Feynman
Fiedler
Field
Fielding
Fields
Fiennes
Filipps
Fillmore
Fillmore
Finch
Fine
Fingers
Finlay
Finney
Fiorina
Firestone
Fischer
Fischer
Fischetti
Fishburne
Fishel
Fisher
Fishman
Fisk
Fitch
Fittipaldi
FitzGerald
Fitzgerald
Fitzgerald
Fitzgerald
Fitzpatrick
Flack
Flatley
Flaubert
Fleetwood
Fleming
Fletcher
Flockhart
Flynn
Flynt
Foch
Fogelberg
Fogerty
Follett
Follett
Fonda
Fontaine
Fontanne
Fonteyn
Foos
Foote
Foote
Foray
Forbes
Forbush
Ford
Ford
Ford
Fordyce
Foreman
Forese
Forman
Forrest
Forseythe
Forsyth
Forsythe
Fortescue
Foss
Fosse
Foster
Foster
Foster
Fowler
Fox
Foxx
Foyt
Frampton
Francis
Franck
Franco
Frank
Franklin
Franklin
Frann
Franz
Fraser
Frawley
Frayn
Frazier
Freberg
Freeman
Freeman
Frehley
French
French
Freneau
Frere
Freud
Frewer
Frey
Friedan
Friedan
Friedkin
Friedman
Friedman
Friedrich
Fries
Frissora
Fritzky
Frog
Frost
Frost
Frost
Fry
Ftorek
Fuentes
Fukuyama
Fuld
Fuller
Fuller
Fuller
Fuller
Fulton
Fulton
Fumiya
Funicello
Funt
Furlong
GANDARA
GLENN
Gable
Gabor
Gabriel
Gabriel
Gabrielle
Gagarin
Gainsborough
Galbraith
Galilei
Gallagher
Gallagher
Gallienne
Galvin
Galway
Gamble
Gamper
Gandhi
Gandolfini
Gangwal
Gannon
Garagiola
Garber
Garbo
Garcia
Garciapara
Gardam
Gardel
Gardner
Garfield
Garfunkel
Garland
Garner
Garnett
Garofalo
Garofalo
Garr
Garrett
Garrick
Garrison
Garson
Garth
Garton
Garvey
Gasset
Gassman
Gates
Gauguin
Gaulin
Gaulle
Gavurin
Gay
Gaye
Gayle
Gaynor
Gazzara
Geary
Geddes
Geffen
Gehrig
Geldof
Gell-Mann
Gellar
Geller
Gellert
Gennes
Gentry
Geoffreys
George
George
Gephardt
Gere
Gernreich
Gershwin
Gerstner
Getty
Giaever
Gibara
Gibb
Gibbon
Gibbons
Gibbs
Gibran
Gibson
Gibson
Gielgud
Gierer
Gifford
Gifford
Giger
Gihbran
Gilbert
Gilbert
Gilbert
Gilberto
Gilder
Gilfillan
Gill
Gillespie
Gilley
Gillies
Gilman
Gilmartin
Gilmore
Gilwell
Gingrich
Ginsberg
Girls
Gish
Giuliani
Giuliano
Givens
Gladstone
Glancy
Glaser
Glashow
Glass
Gleason
Glenn
Glennie
Gless
Glover
Glynn
Gobel
Godard
Godfrey
Godunov
Goeppert-Mayer
Goethe
Gogh
Goingback
Gold
Goldberg
Goldblum
Golding
Goldman
Goldsboro
Goldsmith
Goldsmith
Goldwater
Golisano
Gonzales
Gonzalez
Goodall
Goode
Gooden
Goodhue
Gooding
Goodkind
Goodman
Goodwin
Goodyear
Gorbachev
Gorcey
Gordeeva
Gordimer
Gordon
Gordon-Levitt
Gordy
Gore
Gorham
Gorky
Gorme
Gorshin
Gosling
Gossage
Gosse
Gosselaar
Gossett
Gottfried
Gould
Goulet
Gowdy
Goya
Grable
Grace
Graf
Graham
Graham
Graham
Grahn
Grammer
Granados
Grandy
Grant
Grant
Grant
Graves
Graves
Gray
Great
Greco
Greehey
Greeley
Green
Green
Green
Greenberg
Greene
Greenspan
Greenstreet
Gregory
Gregory
Gretzky
Greville
Grey
Grieg
Grier
Griffey
Griffin
Griffin
Griffith
Grimes
Gris
Grodin
Groening
Gropius
Gross
Grubbs
Gruelle
Grumbleweeds
Grundhofer
Guardia
Guccione
Gudelski
Guevara
Gugino
Guillaume
Guinness
Guisewaite
Gumbel
Gunesekera
Gupta
Gurnah
Gustav
Gutenberg
Guthrie
Gutierrez
Guttenberg
Guy
Gwathmey
Gwynn
Gwynne
Hackett
Hackett
Hackman
Hadley
Hafer
Hagar
Haggard
Hagler
Hagman
Haig
Hailey
Haim
Halbert
Halen
Haley
Haley
Haley
Haliburton
Hall
Halla
Halleck
Halley
Hallinan
Halliwell
Hambly
Hamel
Hamill
Hamilton
Hamilton
Hamlin
Hamlisch
Hamm
Hammer
Hammergren
Hammerstein
Hammet
Hammett
Hammond
Hammond
Hampton
Hancock
Hancock
Handel
Hanks
Hanna
Hannah
Hannah
Hannigan
Hannigan
Hansen
Hanson
Hanway
Harad
Harari
Harding
Harding
Hardy
Hargreaves
Hari
Harlow
Harmon
Harper
Harrell
Harrelson
Harrington
Harris
Harris
Harrison
Harrison
Harrison
Harrison
Harry
Hart
Harte
Hartley
Hartman
Hartnett
Harvey
Harvey
Harwell
Haseltine
Hassan
Hasselhoff
Hassenfeld
Hastert
Hatcher
Haub
Hauer
Haughton
Havilland
Hawk
Hawke
Hawking
Hawking
Hawn
Hay
Haydn
Hayek
Hayes
Hayes
Hayne
Hayward
Hayworth
Hearst
Heath
Heath
Heatherton
Heber
Heche
Hecht
Hedren
Hefner
Heigl
Heinz
Heisenberg
Helgeson
Heller
Helms
Hemans
Hemings
Hemingway
Hemingway
Hemsley
Henderson
Hendrix
Henie
Henkel
Henley
Henner
Henning
Henreid
Henry
Henshaw
Henson
Hepburn
Herbert
Herda
Herman
Herr
Herrick
Herrick
Herriot
Hershey
Hertz
Hervey
Herzog
Hess
Hess
Hesse
Hesseman
Heston
Hetfield
Hewish
Hewitt
Heywood
Hickey
Hickman
Hickock
Hickson
Hideki
Higgins
Highsmith
Hikaru
Hill
Hill
Hill
Hillary
Hilton
Hinano
Hiner
Hiner
Hines
Hingis
Hinkson
Hiroto
Hirsch
Hirsch
Hirt
Hiss
Hitchcock
Hitler
Ho
Hoaglin
Hobbes
Hoeg
Hoffa
Hoffman
Hoffs
Hofstadter
Hofstadter
Hogan
Hogan
Hogue
Hoigt
Holabird
Holbrook
Holden
Holder
Holding
Holiday
Hollan
Holland
Hollerith
Holliday
Hollinghurst
Hollingsworth
Holloway
Holly
Holm
Holmes
Holyfield
Home
Honeycutt
Hood
Hooker
Hooks
Hooper
Hoover
Hoover
Hoover
Hope
Hope
Hopkins
Hopkins
Hopkinson
Hopper
Hoppus
Horatio
Horn
Horne
Horne
Horowitz
Horrocks
Horton
Hoskins
Houarner
Houdini
Houghton
Housman
Houssay
Houston
Hoverson
Hovey
Howard
Howard
Howarth
Howatt
Howe
Howell
Howells
Howitt
Hoya
Huang
Hubbard
Hubble
Hudson
Hudson
Huerta
Hughart
Hughes
Hughes
Hugo
Hulce
Hull
Hulme
Hulse
Humann
Humperdinck
Humphrey
Hundertwasser
Hunt
Hunter
Hunter
Hunter
Huntley
Hurdis
Hurley
Hurston
Hurt
Hussein
Hussey
Huston
Hutchence
Hutchinson
Hutton
Huxley
Huxley
Hyde
IV
Iacocca
Ian
Ian
Ibarruri
Ibsen
Ichiro
Idol
Iglesias
Ignatieff
Imbruglia
Impersonators
Imus
Indurain
Infante
Ingalls
Ingelow
Ingenieros
Ingersoll
Inoki
Iommi
Ionesco
Irani
Ireland
Irons
Irving
Irving
Isaac
Isabella
Isaiah
Isenberg
Isherwood
Ishiguro
Isle
Isozaki
Ito
Iverson
Ives
Ivey
J
Jack
Jack
Jackson
Jackson
Jackson
Jackson
Jacob
Jacob
Jacobs
Jacqueline
Jaeckel
Jagger
Jake
James
James
James
James
Jansen
Janssen
Jared
Jarreau
Jasmine
Jason
Jason
Jastrow
Jefferson
Jefferson
Jefferys
Jeffre
Jeffrey
Jeffreys
Jenkins
Jenna
Jenner
Jenney
Jennifer
Jennings
Jensen
Jenson
Jeremy
Jericho
Jerrold
Jesse
Jessica
Jesus
Jeter
Jett
Jewison
Jhabvala
Jillian
Joannou
Jobim
Jobs
Jobs
Jobson
Joe
Joel
Joerres
John
John
John
Johns
Johnson
Johnson
Johnson
Johnson
Johnson
Johnston
Jolie
Jolson
Jonas
Jonathan
Jones
Jones
Jong
Jonson
Joplin
Jordan
Jordan
Jordan
Jordan
Jorndt
Jose
Josefowicz
Joseph
Joseph
Josephson
Joshua
Jourdan
Jovi
Joyce
Joyce
Joyner
Joyner-Kersee
Juan
Judd
Julia
Julia
Jump
Junck
Jung
Jung
Junot
Jurgensen
Justin
Kaczmarek
Kael
Kafka
Kahanamoku
Kahlo
Kahn
Kahn
Kai-Shek
Kaitlyn
Kakuei
Kaline
Kalkbrenner
Kanas
Kanawa
Kandinsky
Kane
Kangaroo
Kann
Kantner
Kapitsa
Kaplan
Karan
Karatz
Karloff
Karn
Karolyi
Karr
Karras
Kasem
Kasparov
Kastler
Katelyn
Katherine
Kathryn
Katie
Kaufman
Kauvaka
Kavner
Kay
Kaye
Kayla
Kaylee
Kaysen
Kazan
Kazutoshi
Kazuyoshi
Keach
Keanan
Keane
Keaton
Keats
Keble
Keegan
Keel
Keeler
Keeshan
Keillor
Keisel
Keisuke
Keitel
Keith
Keizo
Kelleher
Keller
Kellerman
Kellerman
Kelley
Kelly
Kelly
Kelly
Kelman
Kelsey
Kelvin
Kemble
Kemp
Kemper
Kempis
Ken
Kendall
Keneally
Kenji
Kennedy
Kennedy
Kenneth
Kensit
Kent
Kenton
Kepler
Kern
Kerns
Kerouac
Kerouac
Kerr
Kerrigan
Kersh
Kershaw
Kesey
Ketcham
Ketchum
Kevin
Key
Keyes
Keyser
Khan
Khayyam
Khomeini
Khrushchev
Kid
Kidd
Kidder
Kidman
Kiernan
Kight
Kilborn
Killinger
Killy
Kilmer
Kilroy
Kilts
Kimberly
Kimmel
Kinder
King
King
Kingolver
Kingsley
Kinsey
Kinski
Kipling
Kirby
Kirkpatrick
Kirosawa
Kirshner
Kissinger
Kitt
Klein
Klein
Klemperer
Kline
Kline
Klitzing
Klugman
Knapp
Kneale
Knez
Knievel
Knight
Knight
Knott
Knotts
Knowles
Knox
Koch
Kogan
Kohlhepp
Komansky
Koolhaas
Koppel
Koranda
Korbut
Korman
Koshi
Kosinski
Kosinski
Kotzebue
Koufax
Kournikova
Kovacevich
Kovacs
Kowalski
Kraemer
Kramer
Kravitz
Krehbiel
Kresa
Krieger
Kriens
Kristofferson
Kroc
Krupa
Kubrick
Kudrow
Kumar
Kuralt
Kurtz
Kusch
Kutcher
Kwan
Kyle
Kyle
Kyosuke
L'Engle
LaBelle
LaLanne
LaMotta
Lachey
Lacy
Ladd
Lafley
Lagasse
Lahr
Lahti
Laine
Laing
Lake
Lama
Lamarque
Lamarr
Lamas
Lamb
Lamb
Lamour
Lancaster
Lance
Landan
Landau
Landel
Landers
Landis
Landon
Landor
Lane
Lane
Lang
Lange
Langford
Langhammer
Langhorne
Langmuir
Langton
Lanier
Lanni
Lansbury
Lansdale
Lanza
Lara
Larcom
Laroquette
Larrimore
Larroquette
Larsen
Larson
Lasek
Lasorda
Lasser
Lassiter
Lathrop
Latifah
Laue
Lauer
Laughlin
Laughton
Lauper
Laura
Laurel
Lauren
Lauren
Laurent
Laurie
Lauritzen
Lavin
Law
Lawford
Lawless
Lawrence
Lawson
Layard
Laymon
Lazzeri
LeBlanc
LeBoeuf
LeBow
LeMond
Leach
Leachman
Leakey
Lean
Lear
Learned
Leary
Leatherdale
Lecky
Lecuona
Ledbetter
Lederman
Lee
Lee
Lee
Legrand
Leigh
Leighton
Leighton
Leiter
Leland
Leloir
Lelouch
Lemieux
Lemieux
Lemmon
Lemon
Lenard
Lendl
Lenin
Lennevald
Lennon
Lennox
Lenny
Leno
Lenya
Leo
Leonard
Leonard
Leritz
Lerner
Lerner
Leroux
Lesar
Lesh
Leslie
Lessing
Lester
Letbetter
Letterman
Letts
Levant
Levenson
Levin
Levin
Levine
Levinson
Levis
Levison
Lewinsky
Lewis
Lewis
Lichtenstein
Liddell
Liddy
Liddy
Lieberman
Lifeson
Lightfoot
Lilley
Lim
Lima
Limbaugh
Lin
Lincoln
Lincoln
Lindbergh
Linden
Lindner
Lindros
Lindsey
Link
Linkletter
Linley
Lipinski
Lipkin
Lipnicki
Lippmann
Lipton
Liszt
Lithgow
Little
Littrell
Liu
Liu
Lively
Livingstone
Llosa
Lloyd
Llull
Loaf
Locane
Locker-Lampson
Lockhart
Lockhart
Locklear
Lodge
Loewe
Logan
Logan
Loggins
Lohan
Lollobrigida
Lombard
Lombardi
Lombardo
London
Long
Longfellow
Loos
Loose
Lopez
Lorberbaum
Lorca
Lord
Lord
Loren
Lorentz
Lorre
Louganis
Louis
Louis-Dreyfus
Louise
Lousma
Love
Lovecraft
Lovelace
Lover
Lovett
Lovitz
Low
Lowder
Lowe
Lowe
Lowell
Lowell
Lowry
Loy
Loyola
Lucas
Lucas
Lucci
Ludlum
Ludwig
Lugosi
Luis
Luke
Luke
Lumet
Lumholdt
Lunden
Lundgren
Lupino
Luter
Luther
Lybarger
Lyly
Lynch
Lynde
Lyngstad
Lynn
Lyttleton
Ma
Maazel
MacArthur
MacBeth
MacDiarmid
MacDonald
MacGraw
MacGregor
MacInnis
MacKenzie
MacLaine
MacLaverty
MacLeod
MacLeod
MacMurray
MacRae
MacTavish
Macchio
Macdonald
Macdowell
Machado
Macher
Mack
Mackay
Mackay
Mackenzie
Mackenzie
Mackintosh
Macklin
Macleod
Macpherson
Macy
Madariaga
Madden
Madeline
Madigan
Madison
Madison
Madison
Madsen
Maeterlinck
Magliochetti
Magritte
Maguire
Mahon
Mai
Mailer
Main
Maines
Major
Majorino
Majors
Makayla
Makeba
Maki
Makiko
Makoto
Malden
Malinin
Malkovich
Malle
Malone
Malouf
Maltin
Mamet
Manchester
Mancini
Mancino
Mandel
Mandela
Mandrell
Manet
Mangione
Manilow
Mankiller
Mann
Mann
Manning
Manoogian
Mansfield
Manson
Mantle
Mantooth
Manzarek
Maradona
Marano
Marcantonio
Marceau
Marconi
Marcus
Maria
Maria
Mariah
Marie
Marin
Marino
Mario
Maris
Marissa
Mark
Mark
Markham
Marks
Marley
Marlowe
Marquez
Marriott
Marriott
Marsalis
Marsh
Marshall
Marshall
Martin
Martin
Martin
Martinez
Martini
Marvell
Marvin
Marx
Mary
Marzials
Masamune
Masayoshi
Maslow
Mason
Mason
Mason
Mason
Massey
Massinger
Masterson
Mastroianni
Mathers
Mathews
Mathis
Matisse
Matlin
Matthau
Matthew
Matthews
Mattingly
Mature
Mauldin
Maupin
Maurier
Maurier
Mavor
Max
Maxwell
May
May
Mayall
Maybeck
Mayfield
Mays
Mays
Mazursky
Mazzello
McAuliffe
McBride
McCabe
McCaffrey
McCain
McCall
McCallister
McCallum
McCambridge
McCammon
McCanless
McCann
McCarthy
McCartney
McCary
McClanahan
McCollough
McCoo
McCorkindale
McCormick
McCormick
McCourt
McCourt
McCrane
McCray
McCrea
McDiarmid
McDonald
McDonald
McDonnell
McDormand
McDougall
McDowall
McDowell
McEleney
McEnroe
McEntire
McEwan
McFarland
McGahern
McGavin
McGillis
McGinnis
McGoohan
McGovern
McGrath
McGraw
McGraw
McGregor
McGuinn
McGuire
McGwire
McIntosh
McIntyre
McIntyre
McKay
McKellar
McKelvey
McKeon
McKinley
McKinley
McKinnell
McKnight
McLachlan
McLean
McLennan
McLeod
McLuhan
McMahon
McMillan
McMullian
McNaught
McNealy
McNeill
McNerney
McNichol
McPherson
McQueen
McVie
Mcleod
Mead
Meadows
Meara
Meer
Megan
Mehta
Mehta
Meir
Melissa
Mellencamp
Melville
Mendes
Menken
Menninger
Menuhin
Mercouri
Mercury
Meredith
Merman
Merrick
Merrill
Merriman
Merton
Messina
Messmer
Metcalf
Meuron
Meyer
Meyer
Meyers
Michael
Michael
Michael
Michaela
Michaels
Michelin
Michelle
Michelson
Michener
Michio
Mickle
Middleton
Middleton
Midler
Mifune
Miguel
Mikayla
Miki
Mikita
Milano
Miles
Milland
Miller
Miller
Miller
Millikan
Millman
Mills
Mills
Milman
Milne
Milne
Milsap
Milstein
Milton
Mimieux
Min
Mina
Mineo
Miner
Minh
Minnelli
Minogue
Minor
Miranda
Miranda
Miri
Mirren
Misako
Mistral
Mistry
Mitchell
Mitchell
Mitchell
Mitchum
Mix
Mizner
Mo
Moceanu
Modine
Moessbauer
Moffatt
Moir
Molina
Moll
Monaco
Mondale
Mondriaan
Monet
Monica
Moniz
Monk
Monkhouse
Monroe
Monroe
Monster
Montagu
Montaignes
Montalban
Montana
Montand
Montessori
Montgomerie
Montgomery
Montgomery
Monturiol
Moody
Moody
Moon
Moore
Moore
Moore
Moorehead
Moran
Moravec
Moray
More
Moreau
Moreno
Morgan
Morgan
Morgan
Morgan
Moriarty
Moriguchi
Morihiro
Morissette
Morita
Morley
Morris
Morris
Morris
Morris
Morrison
Morrison
Morrison
Morrow
Morse
Morton
Mosby
Moses
Mosley
Mosner
Moss
Most
Mostel
Mother
Motherwell
Mott
Mott
Mottelson
Mouskouri
Mowry
Moyers
Mozart
Mozilo
Mudd
Mueller
Muhammad
Muhlenberg
Muir
Muldaur
Mulgrew
Mull
Mullen
Mullin
Mulva
Muma
Muniz
Munro
Murdoch
Murdoch
Murdock
Murdock
Murillo
Murphy
Murray
Murray
Murrow
Musburger
Musial
Musselwhite
Musset
Mussolini
Mussorgsky
Myers
Myers
Myerson
Nabers
Nabokov
Nabokov
Nabors
Nacchio
Nadaud
Nader
Naipaul
Nairne
Naismith
Naked
Namath
Namie
Naoto
Napier
Nash
Nasser
Natalie
Nathan
Nathaniel
Nation
Navratilova
Neal
Neal
Neale
Neaves
Nebrija
Neel
Neeson
Negrete
Nehru
Neil
Neill
Neilson
Nelson
Nelson
Nemirow
Neruda
Nesmith
Netanyahu
Nettles
Neutra
Neville
Newbolt
Newby
Newhart
Newley
Newman
Newsted
Newton
Newton-John
Nicholas
Nicholas
Nicholas
Nichols
Nichols
Nicholson
Nicklaus
Nicks
Nicole
Nielsen
Nietzsche
Nightingale
Nimoy
Nin
Niro
Nishimura
Niven
Nixon
Nixon
Nixon
Noah
Nobel
Noble
Noel
Noia
Nokku
Nolan
Nolte
Noone
Norcross
Nordstrom
Noriyuki
Norman
Norman
Norris
North
Norton
Noseworthy
Notebaert
Novak
Novak
Novello
Noyes
Nugent
Nugent
Nunn
Nureyev
Nyberg
Nye
Nyro
O'Brian
O'Brien
O'Brien
O'Connell
O'Connor
O'Connor
O'Day
O'Doherty
O'Donnell
O'Faolain
O'Hagan
O'Hara
O'Hare
O'Keeffe
O'Malley
O'Meara
O'Meara
O'Neal
O'Neill
O'Neill
O'Reilly
O'Rourke
O'Sullivan
O'Toole
Oakley
Oates
Oates
Ochoa
Odland
Okri
Olajuwon
Oldman
Oleynik
Olin
Oliver
Olivia
Olivier
Olmos
Olmsted
Olsen
Onassis
Ondaatje
Onnes
Ono
Orbison
Orlando
Ormandy
Orozco
Orr
Ortega
Orwell
Orwell
Osborn
Osbourne
Osgood
Osheroff
Osment
Osmond
Ossman
Oswald
Otis
Otway
Outlaw
Overbury
Owen
Owens
Oz
Ozawa
Paar
Pace
Pacino
Paganini
Page
Paige
Paine
Pais
Palance
Palgrave
Palillo
Palladio
Palmer
Palmer
Paltrow
Papa
Papas
Papp
Paquin
Parker
Parker
Parker
Parks
Parks
Parnell
Parrish
Parsons
Parton
Pascal
Pasternak
Pasternak
Pasteur
Patchen
Patel
Paterno
Patinkin
Patmore
Patrick
Patten
Patterson
Patterson
Patton
Paul
Paul
Pauley
Pauli
Pauling
Paulson
Pavarotti
Pavlov
Paycheck
Payne
Payson
Payton
Paz
Peale
Pearl
Peart
Peary
Peck
Peckinpah
Peebles
Peele
Peet
Pei
Pei
Pelayo
Pelli
Pendergrass
Penick
Penn
Penny
Penzias
Peppard
Pepper
Percival
Percy
Perelman
Perez
Perez
Perkins
Perl
Perlegos
Perlman
Peron
Perot
Perrin
Perrine
Perry
Perry
Pershing
Pesci
Pestillo
Peter
Peters
Petersen
Peterson
Peterson
Petty
Pfeiffer
Phanstiel
Philbin
Philips
Phillippe
Phillips
Phillips
Phippen
Phoenix
Piaget
Piatt
Piazza
Picasso
Piccirilli
Pichler
Pickens
Pickett
Pickford
Pidal
Pierce
Pierce
Pierpont
Pigott
Pinchot
Pinckney
Pinter
Pippen
Piscopo
Pitt
Pitts
Pizarro
Place
Planck
Plank
Plant
Plath
Plato
Player
Pleasence
Pleshette
Plimpton
Plummer
Podany
Poe
Poindexter
Poitier
Polanski
Polk
Polk
Pollard
Pollock
Pollok
Pomfret
Pompidou
Pond
Ponti
Pop
Pope
Porizkova
Porter
Porteus
Portman
Poses
Posey
Post
Post
Postl
Poston
Potashner
Potok
Potter
Potter
Pound
Pournelle
Povich
Powell
Power
Powers
Powers
Praed
Preminger
Prentiss
Presley
Presnell
Preston
Preston
Previn
Price
Price
Pride
Priestley
Prima
Primrose
Prince
Principal
Prinze
Prior
Priory
Probst
Procter
Proctor
Prokhorov
Prophet
Proudfit
Proulx
Provine
Prowse
Pryor
Puckett
Puente
Pulitzer
Pulliam
Purcell
Purcell
Purvis
Putin
Puzo
Puzzo
Pym
Pynchon
Pyott
Quaid
Quarles
Quatro
Quayle
Quesada
Quesnel
Questrom
Quevedo
Quincy
Quinn
Quinn
Quintanilla
Quintero
Quivers
Rabbit
Rabelais
Rabi
Rachel
Rachmaninoff
Radcliffe
Radner
Rady
Raines
Rains
Rainwater
Raitt
Raleigh
Raman
Ramis
Rampal
Ramsey
Rand
Randall
Randi
Randolph
Ransford
Raphael
Rashad
Rasputin
Rastetter
Rathbone
Rather
Ratzenberger
Ravel
Rawls
Ray
Rayburn
Raye
Rayleigh
Raymond
Raymond
Raymund
Razmilovic
Read
Reagan
Reagan
Realf
Reasoner
Rebecca
Redding
Reddy
Reddy
Redford
Redgrave
Redstone
Reece
Reed
Reese
Reeve
Reeves
Reich
Reid
Reilley
Reilly
Reilly
Reiner
Reines
Reiser
Remick
Renfro
Rennie
Reno
Renoir
Renwick
Renyi
Retton
Reubens
Revere
Revolution
Reyes
Reynolds
Reznor
Rhames
Rheaume
Rhodes
Rhymes
Ribas-Dominicci
Ribeiro
Ricci
Rice
Rice
Rich
Richard
Richard
Richards
Richards
Richardson
Richie
Richler
Richter
Richthofen
Rickey
Rickles
Rickman
Ridder
Riddle
Ride
Rigas
Rigby
Rigg
Riggio
Rijn
Riley
Riley
Rimbaud
Rimes
Ringling
Ringo
Ringwald
Rinna
Ripken
Ripley
Risinger
Ritchard
Ritter
Ritter
Rivera
Rivero
Rivers
Rizzuto
Roach
Roath
Robards
Robards
Robbins
Robbins
Robbins
Robert
Robert
Roberts
Roberts
Roberts
Robertson
Robeson
Robinson
Robinson
Robison
Robles
Robson
Roche
Roche
Rock
Rock
Rockefeller
Rockne
Rockwell
Roddenberry
Rodeback
Rodgers
Rodgers
Rodin
Rodman
Rodrigo
Rodriguez
Roelandts
Roentgen
Roessler
Rogel
Rogers
Rogers
Rohde
Rohe
Rohr
Rohrer
Rojas
Roker
Roland
Rolle
Rollers
Rollins
Romano
Romero
Romijn-Stamos
Ronstadt
Rooney
Roosevelt
Roosevelt
Roscitt
Rose
Rose
Rosen
Rosenthal
Ross
Rossdale
Rossellini
Rossetti
Rossiter
Rostand
Roth
Roth
Rouhana
Roundtree
Rourke
Rousseau
Rowan
Rowe
Rowe
Rowland
Rowlands
Rowling
Roy
Roydon
Rozelle
Rubbia
Rubens
Rubenstein
Rubik
Ruck
Rudolph
Ruiz
Rukeyser
Runyon
Rusedski
Rushdie
Ruska
Ruskin
Ruskin
Russell
Russert
Russo
Ruth
Rutherford
Rutherfurd
Ryan
Ryan
Ryan
Ryan
Rydell
Ryder
Ryder
Ryle
Ryo
Ryoko
Ryouko
Ryuichi
Ryutaro
Rzeznik
Saavedra
Sabatini
Sabato
Sabio
Sabovcik
Sabrina
Sacks
Sadakazu
Sadako
Sadat
Safer
Safire
Sagan
Sage
Saget
Sahl
Saint
Saint-Exupery
Sainte-Marie
Sajak
Salam
Salazar
Sales
Salinas
Salinger
Salinger
Salis
Salk
Salonga
Salzman
Samantha
Sampras
Sampson
Samuel
Sandburg
Sanders
Sanders
Sanderson
Sandford
Sandino
Sandler
Sandler
Sandy
Sanford
Sanger
Sangster
Santamaria
Santana
Santayana
Santoro
Santos-Dumont
Sapp
Sara
Sarah
Sarandon
Sargent
Sarnoff
Saroyan
Sartre
Sarvadi
Sassoon
Satre
Savage
Savalas
Savannah
Sawa
Sawyer
Saxe
Scaggs
Schack
Schaefer
Schaeffer
Schaeffer
Schallert
Schawlow
Scheib
Scheider
Schell
Schenkel
Schidoni
Schiff
Schiffer
Schiller
Schindler
Schjerven
Schlafly
Schlee
Schlesinger
Schlessinger
Schmidt
Schneider
Schotter
Schow
Schrader
Schreiber
Schrieffer
Schroder
Schroeder
Schroedinger
Schuessler
Schull
Schulz
Schulze
Schumacher
Schuman
Schwab
Schwartz
Schwartz
Schwarzenegger
Schwarzkopf
Schweitzer
Schwimmer
Schwinger
Sciorra
Sclavos
Scofield
Scolari
Scorsese
Scots
Scott
Scott
Scott
Scowcroft
Scricco
Scrushy
Scully
Seagal
Seaman
Sean
Sears
Seau
Seaver
Sebastian
Seberg
Sedaine
Sedaka
Seeger
Segal
Segal
Seger
Segovia
Segre
Seidel
Seiko
Seinfeld
Selden
Seles
Selina
Sellecca
Selleck
Sellers
Selznick
Sendak
Sennett
Serling
Serneholt
Serra
Serra
Servet
Seth
Seton
Seurat
Seuss
Sevareid
Severinsen
Sevilla
Sewall
Seward
Sewell
Seymour
Shackouls
Shaffer
Shakespeare
Shakespeare
Shakur
Shalala
Shanahan
Shandling
Shankar
Shannon
Sharer
Sharif
Sharp
Shatner
Shaughnessy
Shaw
Shawn
Shearer
Shearing
Sheedy
Sheehan
Sheen
Sheffer
Sheffield
Sheffield
Sheffield
Sheindlin
Shelby
Sheldon
Shelley
Shenstone
Shepard
Shepherd
Shepherd
Sheridan
Sherman
Sherwin
Shields
Shields
Shire
Shirley
Shockley
Shoemaker
Shore
Short
Shorthouse
Shostakovich
Shougo
Shreve
Shriver
Shue
Shulkin
Shyamalan
Sibelius
Sidhu
Sidney
Siebel
Siegbahn
Siegel
Siegel
Sierra
Signoret
Sills
Silva
Silveira
Silverheels
Silveria
Silverman
Silvers
Silverstein
Silverstone
Simmons
Simmons
Simmons
Simon
Simone
Simpson
Sims
Sinatra
Sinclair
Sinegal
Sinise
Siqueiros
Sirmond
Siskel
Skelton
Skilling
Skinner
Skye
Slater
Slayer
Slick
Sliwa
Small
Smiles
Smiley
Smirnoff
Smith
Smith
Smith
Smits
Smollett
Smothers
Snipes
Snodgress
Snow
Snow
Snow
Snowdon
Snyder
Sobieski
Sola
Solomon
Solso
Somers
Sommer
Somtow
Sondheim
Sophia
Sorvino
Sosa
Sothern
Soto
Soueif
Soul
Sousa
Sousuke
Southern
Southerne
Southey
Sowell
Spacek
Spacey
Spader
Spark
Spassky
Spearitt
Spears
Spelling
Spellman
Spencer
Spencer
Spenser
Sperling
Spice
Spielberg
Spillane
Spina
Spiner
Spinks
Spitz
Spock
Spofford
Sprague
Springer
Springfield
Springsteen
Squire
St. John
Stack
Stafford
Stahl
Staley
Stalin
Stallone
Stamos
Stamp
Stang
Stanhope
Stanley
Stanton
Stanton
Stanwyck
Stapleton
Stargell
Stark
Starr
Staubach
Stedman
Steel
Steele
Steen
Stefani
Steiger
Stein
Steinbeck
Steinbeck
Steinberger
Steinbrenner
Steinem
Steiner
Stemberg
Stengel
Stephanie
Stephanopoulos
Stephen
Stephenson
Stern
Stern
Sterne
Sternhold
Sternlicht
Steven
Stevens
Stevenson
Stewart
Stewart
Stiers
Stiles
Still
Stiller
Stills
Stine
Stipe
Stockman
Stockwell
Stoddard
Stoker
Stokowski
Stoltz
Stone
Stonecipher
Stookey
Stoppard
Stoppard
Storch
Storey
Storm
Storms
Story
Stoughton
Stowe
Stowe
Stowell
Strait
Strasberg
Stratton
Straub
Straus
Strauss
Stravinsky
Strawberry
Streep
Street
Streisand
Stretch
Strong
Strug
Struthers
Strutt
Stuart
Sturges
Subaru
Suckling
Sullivan
Sullivan
Sullivan
Summer
Summerall
Sununu
Susann
Susskind
Sutherland
Suvari
Swain
Swan
Swanson
Swanson
Swayze
Sweeny
Sweeten
Sweetin
Swienton
Swift
Swift
Swift
Swinburne
Swit
Switzer
Swoopes
Swoops
Sydney
Sydow
Symonds
Syron
Syrus
T
Tabb
Taft
Taft
Takac
Takahiro
Takako
Takashi
Takizawa
Talbot
Talfourd
Tallchief
Tamblyn
Tamio
Tamm
Tandy
Tanner
Tapies
Tarantino
Tarkenton
Taro
Tartt
Tatar
Tate
Tati
Taurel
Tayback
Taylor
Taylor
Taylor
Taylor
Taylor
Tchaikovsky
Tem
Temple
Teng
Tennille
Tennyson
Teresa
Termeer
Terra
Tesh
Tesla
Tetsuya
Tewes
Thackeray
Tharp
Thatcher
Thaxter
Thayer
Theobald
Theotocopoulos
Theron
Thicke
Thiessen
Third
Thomas
Thomas
Thomas
Thomas
Thompson
Thompson
Thompson
Thomson
Thoreau
Thoreau
Thornbury
Thorne
Thornton
Thorpe
Thrale
Thumb
Thurber
Thurman
Thurmond
Tickell
Tiegs
Tiffany
Tijerina
Tillis
Tillman
Tillotson
Tilly
Tilton
Tilton
Tim
Timberlake
Timmerman
Timmons
Timothy
Timpe
Ting
Tinker
Tisch
Tittle
Toal
Toan
Tobeck
Tobin
Tobin
Toffler
Toki
Toko
Tolkien
Tolkien
Toll
Tolstoy
Tomasetta
Tombaugh
Tomei
Tomiichi
Tomlin
Tomnitz
Tomomi
Tomonaga
Tomoyasu
Toplady
Tork
Torme
Torn
Torre
Torres
Toscanini
Toshiki
Toshinobu
Tourneur
Tow
Townes
Townley
Townshend
Trachtenberg
Tracy
Trajano
Trammell
Trani
Travanti
Travers
Travis
Travolta
Treacher
Trebek
Tremain
Trevino
Trevor
Trevor
Trevor
Tristan
Trowbridge
Trower
Truman
Truman
Trumbull
Trump
Truth
Tse-tung
Tsui
Tsui
Tsutomu
Tsuyoshi
Tubman
Tucci
Tucker
Tune
Tupper
Turing
Turlington
Turner
Turner
Turturro
Tusser
Tutu
Twain
Twitty
Tyler
Tyler
Tyler
Tyler
Tyson
Tyson
Uchida
Uecker
Uggams
Uhland
Ullman
Ullmann
Ulrich
Ulrich
Ulvaeus
Unamuno
Underwood
Unitas
Unser
Unsworth
Updike
Updike
Urban
Urich
Uris
Usher
Usteri
Ustinov
VIII
Vaca
Vaccaro
Valdivia
Valens
Valentine
Valentino
Valenzuela
Valle
Vallee
Vallee
Vallejo
Valli
Vance
Vanderbilt
Vanessa
Vaughan
Vaughn
Vauvenargues
Vedder
Vega
Venning
Ventura
Venturi
Verdi
Verdon
Vereen
Verhoeven
Vermeer
Verne
Versace
Vichy-Chamrond
Victor
Victoria
Vidal
Vie
Vieuzac
Vigoda
Villa
Villon
Vincent
Vinci
Vinton
Vitale
Vitito
Vivaldi
Vleck
Voight
Voltaire
Vonnegut
Vonnegut
Vumbacco
Waals
Wade
Wadlow
Waggoner
Wagner
Wagoner
Wahlberg
Wales
Walesa
Walken
Walker
Walker
Wallace
Wallach
Wallenberg
Waller
Walpole
Walsh
Walston
Walter
Walters
Walton
Waltrip
Wambaugh
Wambold
Wapner
Ward
Ward
Warden
Wardinski
Wardrop
Warhol
Warmenhoven
Warner
Warner
Warren
Warton
Warwick
Washington
Washington
Washow
Waterman
Waters
Waters
Waterston
Watson
Watson
Watt
Watterson
Watts
Wayans
Wayne
Weatherup
Weaver
Weaver
Webb
Webb
Webber
Webster
Wee
Weelden
Weiland
Weill
Weinbach
Weinberg
Weiss
Weissmuller
Welch
Welch
Weld
Weldon
Welk
Welles
Wellesley
Wellingtons
Wellman
Wells
Welty
Wendt
Wendt
Werner
Wert
Wesley
Wesley
West
West
Westerberg
Westheimer
Westinghouse
Weston
Wexler
Wexner
Wheaton
Wheeler
Wheeler
Whisler
Whitacre
White
White
White
Whitehead
Whitman
Whitman
Whitmore
Whittaker
Whittier
Whittle
Whitwam
Whyte-Melville
Wickham
Widmark
Wien
Wiest
Wigdale
Wigner
Wilcox
Wilcox
Wilde
Wilder
Wiley
Wilkins
Wilkinson
Willey
William
William
Williams
Williams
Williams
Williams-Ellis
Williamson
Williamson
Williamson
Willis
Wilmers
Wilmot
Wilson
Wilson
Wilson
Winchell
Windom
Windsor
Winfield
Winfrey
Winger
Winkler
Winningham
Winslet
Winsor
Winter
Winters
Winthrop
Winton
Winwood
Wise
Wither
Witherspoon
Wittig
Wolcot
Wolfe
Wolff
Womack
Wonder
Wood
Wooden
Woodring
Woods
Woodward
Woodward
Woodworth
Woolf
Woolsey
Wordsworth
Workers
Worley
Wotton
Wow
Wozniak
Wray
Wren
Wright
Wright
Wright
Wrigley
Wyatt
Wyeth
Wyle
Wyman
Wynette
Wynn
Xiaoping
Yamaguchi
Yang
Yankovic
Yankowski
Yarborough
Yarrow
Yastrzemski
Yasushi
Yeager
Yeats
Yeltsin
Yemenidjian
Yeoh
Yoko
York
Yorke
Yoshikazu
Yost
Yost
Yothers
Young
Young
Younger
Youngman
Yount
Yuen
Yukawa
Yumi
Yun-Fat
Yurizinov
Yzerman
Zachary
Zadora
Zaharias
Zahn
Zandman
Zane
Zangwill
Zapata
Zappa
Zavatsky
Zebeck
Zech
Zeeman
Zeffirelli
Zelazny
Zellweger
Zemeckis
Zemin
Zerbe
Zernike
Zeta-Jones
Zhang
Ziering
Zima
Zimbalist
Zimmerman
Zollars
Zorrilla
Zucaro
Zwillman
Aalto.
Aaron.
Aaron.
Abbott.
Abdoo.
Abdul.
Abdul-Jabbar.
Abercrombie.
Abernathy.
Abigail.
Abraham.
Abram.
Achebe.
Ackerman.
Ackles.
Ackroyd.
Acuff.
Adam.
Adam.
Adams.
Adams.
Adams.
Adams.
Adams.
Addams.
Adderley.
Addison.
Adenauer.
Adrian.
Adriano.
Affleck.
Agassi.
Agee.
Agnew.
Aguilera.
Aguirre.
Ahmed.
Ahn.
Aiello.
Aikman.
Ailey.
Aimee.
Akenside.
Akerson.
Akins.
Akiyuki.
Al.
Alba.
Albee.
Alberghetti.
Albert.
Alberti.
Albertson.
Albom.
Albright.
Alcott.
Alcott.
Alda.
Alden.
Aldinger.
Aldrich.
Aldrin.
Aleichem.
Aleixandre.
Alejandro.
Alex.
Alexa.
Alexakis.
Alexander.
Alexander.
Alexander.
Alexandra.
Alexandria.
Alexis.
Alfven.
Alger.
Ali.
Alicia.
Alighieri.
Allaire.
Allen.
Allende.
Allende.
Alley.
Allingham.
Allison.
Allison.
Allman.
Allyson.
Almeida.
Alonso.
Alpert.
Altman.
Alvarado.
Alvarez.
Alyssa.
Amanda.
Amber.
Ameche.
Ames.
Ami.
Amick.
Amiel.
Amis.
Amos.
Amos.
Amsterdam.
Amundsen.
Amy.
Andersen.
Anderson.
Anderson.
Andersson.
Andrade.
Andrea.
Andreas.
Andress.
Andretti.
Andrew.
Andrews.
Angel.
Angel.
Angelou.
Aniston.
Anka.
Anna.
Annan.
Ant.
Anthony.
Anthony.
Anthony.
Antoinette.
Anton.
Antonio.
Apostle.
Apple.
Applegate.
Appleton.
Appleton.
Aquino.
Arafat.
Arbuckle.
Arc.
Archibald.
Archibald.
Arden.
Arden.
Ardenne.
Arenado.
Argyle.
Arias.
Ark.
Arkin.
Arkwright.
Armani.
Armstrong.
Armstrong.
Arnaz.
Arness.
Arnold.
Arnold.
Arquette.
Arthur.
Arthur.
Arvizu.
Ashe.
Ashley.
Asimov.
Asner.
Assimov.
Astaire.
Astin.
Asturias.
Atherton.
Atkins.
Atkinson.
Atlas.
Attenborough.
Atwood.
Auberjonois.
Audubon.
Augustine.
Aurelius.
Austen.
Austen.
Austin.
Austin.
Austria.
Authorship.
Autry.
Autumn.
Avalon.
Avicena.
Ayer.
Aykroyd.
Ayres.
Ayumi.
Azaria.
Azzopardi.
Babbage.
Babington.
Bacall.
Bach.
Bacharach.
Bachchan.
Backus.
Bacon.
Baden-Powell.
Baez.
Bagby.
Bagley.
Bailey.
Bailey.
Bailey.
Bailey.
Bainbridge.
Baio.
Bairstow.
Baiul.
Baker.
Baker.
Bakke.
Bakker.
Bakula.
Balanchine.
Balboa.
Baldwin.
Bale.
Balin.
Balk.
Ball.
Ballard.
Ballard.
Ballesteros.
Ballmer.
Balsam.
Bancroft.
Banderas.
Bangs.
Banks.
Banks.
Banneker.
Bannister.
Banville.
Barbakow.
Barbauld.
Barbeau.
Barber.
Barbera.
Barca.
Bardeen.
Bardot.
Baring-Gould.
Barker.
Barker.
Barkin.
Barkla.
Barkley.
Barlow.
Barnes.
Barney.
Barnfield.
Barnholt.
Barnum.
Baroja.
Barr.
Barr.
Barrett.
Barrett.
Barrie.
Barrington.
Barry.
Barrymore.
Bartas.
Bartok.
Barton.
Barton.
Barty.
Baryshnikov.
Basco.
Bashford.
Basie.
Basinger.
Basov.
Bass.
Bassett.
Bassey.
Basteri.
Bateman.
Bates.
Battenberg.
Baum.
Bawden.
Baxter.
Bayly.
Beals.
Bean.
Beardsley.
Beattie.
Beatty.
Beauchamp.
Beaumont.
Beck.
Becker.
Beckett.
Becquerel.
Bedelia.
Bedford.
Bednorz.
Beek.
Beers.
Beethoven.
Beggs.
Begin.
Begley.
Behan.
Beiderbecke.
Belafonte.
Belafonte-Harper.
Belda.
Bell.
Bellamy.
Belli.
Bellinghausen.
Bellow.
Belmondo.
Belushi.
Benacerraf.
Benatar.
Bench.
Benchley.
Bendix.
Bening.
Benjamin.
Benjamin.
Benmosche.
Bennett.
Bennett.
Bennetts.
Benny.
Benserade.
Benson.
Bentley.
Berendt.
Bergen.
Berger.
Bergeron.
Bergman.
Berkeley.
Berkley.
Berle.
Berlin.
Berlioz.
Berman.
Bernardi.
Bernhard.
Bernhardt.
Bernsen.
Bernstein.
Berra.
Berry.
Berry.
Berthiaume.
Bertinelli.
Bertolucci.
Betha.
Bethe.
Bethune.
Bethune.
Beverly.
Bezos.
Bezos.
Bialik.
Bible.
Bickerstaff.
Biel.
Bierce.
Biggs.
Bikel.
Bill.
Billingsley.
Bingham.
Binnig.
Birch.
Bird.
Bishop.
Bisset.
Bixby.
Bizet.
Black.
Blackett.
Blackmore.
Blackstone.
Blackwood.
Blair.
Blake.
Blake.
Blanc.
Blanchard.
Blanchard.
Blanchett.
Blatty.
Bledsoe.
Bleeth.
Bleustein.
Blige.
Blinston.
Bloch.
Bloch.
Blocker.
Bloembergen.
Bloom.
Bloom.
Blue.
Blume.
Bly.
Blystone.
Blyth.
Boadicea.
Bobby.
Bobek.
Bocelli.
Bochco.
Bogarde.
Bogart.
Bogdanovich.
Bohannon.
Bohr.
Boker.
Bolger.
Bolinger.
Bolivar.
Bollenbach.
Bolton.
Bolton.
Bombeck.
Bonaparte.
Bond.
Bonds.
Boner.
Bonet.
Bonham.
Bono.
Bonsignore.
Boone.
Booth.
Booth.
Borden.
Boreanaz.
Borg.
Borge.
Borges.
Borgnine.
Borman.
Born.
Bosanquet.
Boscia.
Bosley.
Bothe.
Bottoms.
Bourdillon.
Bovender.
Bow.
Bowen.
Bowie.
Boxleitner.
Boyd.
Boydstun.
Boyer.
Boys.
Bracco.
Bracken.
Bradbury.
Bradbury.
Bradford.
Bradlee.
Bradley.
Bragg.
Brahms.
Braille.
Brainard.
Bramston.
Branagh.
Brandeis.
Brandis.
Brando.
Brandon.
Brasselle.
Braun.
Braunbeck.
Brautigan.
Breanna.
Brecht.
Brendan.
Brendsel.
Brennan.
Brenner.
Brereton.
Breslin.
Brett.
Brewer.
Brian.
Briana.
Brianna.
Brice.
Bricker.
Bridges.
Bridgman.
Bright.
Brimley.
Brink.
Brinkley.
Brittany.
Brittany.
Britten.
Broadhead.
Brockhouse.
Broderick.
Broglie.
Brokaw.
Bromley.
Bronson.
Bronster.
Bronte.
Bronte.
Brooke.
Brookner.
Brooks.
Brooks.
Brosnan.
Brothers.
Brough.
Brown.
Brown.
Brown.
Brown.
Browne.
Brownell.
Browning.
Brubeck.
Bruce.
Bruneau.
Brunell.
Brunetti.
Brust.
Bryan.
Bryan.
Bryant.
Bryce.
Brynner.
Bryson.
Buchanan.
Buchanan.
Buchwald.
Buck.
Bucke.
Buckingham.
Buckley.
Buckley.
Buffett.
Buffett.
Bujold.
Bujold.
Bukowski.
Bullock.
Bulwer.
Bulwer-Lytton.
Bunche.
Bunn.
Bunner.
Bunton.
Bunyan.
Buonarroti.
Burbank.
Burd.
Bure.
Buren.
Buren.
Burg.
Burger.
Burgess.
Burgess.
Burgess.
Burghoff.
Burke.
Burnand.
Burner.
Burnes.
Burnett.
Burnham.
Burnquist.
Burns.
Burr.
Burrell.
Burroughs.
Burstyn.
Burt.
Burton.
Buscaglia.
Busch.
Busch.
Busey.
Bush.
Bush.
Bush.
Bustamante.
Butkus.
Butler.
Button.
Buttons.
Buttram.
Butts.
Buzzi.
Byatt.
Byington.
Bynes.
Byrnes.
Byrom.
Byron.
Caan.
Cacek.
Cadogan.
Caen.
Caesar.
Cage.
Cagney.
Cain.
Caine.
Caitlin.
Cajal.
Calarco.
Calder.
Caleb.
Calhoun.
Call.
Callas.
Calles.
Calloway.
Calverley.
Camacho.
Cameron.
Cameron.
Campanella.
Campbell.
Campbell.
Campbell.
Candy.
Canning.
Cannon.
Canseco.
Cantrell.
Capablanca.
Capellas.
Capone.
Capote.
Capp.
Capps.
Capra.
Capriati.
Capshaw.
Cara.
Caray.
Cardin.
Cardinale.
Carew.
Carey.
Carey.
Carleton.
Carlin.
Carlisle-Hart.
Carlos.
Carlson.
Carlson.
Carlyle.
Carman.
Carmichael.
Carnegie.
Carnes.
Carney.
Caroline.
Caron.
Carp.
Carpenter.
Carr.
Carr.
Carradine.
Carre.
Carrera.
Carreras.
Carrere.
Carrey.
Carrion.
Carrol.
Carroll.
Carroll.
Carroll.
Carson.
Carter.
Carter.
Carteris.
Cartwright.
Cartwright.
Carty.
Caruso.
Carver.
Carvey.
Cary.
Casady.
Casals.
Casas.
Casey.
Caseys.
Cash.
Cass.
Cassandra.
Cassat.
Cassell.
Cassidy.
Cassini.
Castille.
Castro.
Catell.
Cates.
Cates.
Cather.
Cattermole.
Catton.
Cavanaugh.
Cavazos.
Cave.
Cavett.
Cawein.
Cayne.
Cecala.
Cela.
Cervantes.
Cezanne.
Chabert.
Chabon.
Chabraja.
Chadwick.
Chahrour.
Chamberlain.
Chambers.
Chamillard.
Chan.
Chancellor.
Chandler.
Chandler.
Chandler.
Chandrasekhar.
Chaney.
Chang.
Channing.
Chao.
Chapin.
Chaplin.
Chapman.
Chapman.
Charisse.
Charles.
Charles.
Charron.
Charvet.
Chase.
Chase.
Chasez.
Chatwin.
Chaucer.
Chavez.
Checker.
Chellgren.
Chelsea.
Chen.
Chenault.
Cheney.
Cherenkov.
Cherry.
Chesnutt.
Chesterton.
Chevalier.
Cheyenne.
Chicks.
Child.
Chisato.
Chisholm.
Chivers.
Chizen.
Chloe.
Chlumsky.
Choate.
Chong.
Chopin.
Chopin.
Chorley.
Chrichton.
Christensen.
Christian.
Christie.
Christie.
Christina.
Christopher.
Christopher.
Chu.
Chung.
Church.
Churchill.
Cibber.
Ciccone.
Cierva.
Cisneros.
Claflin.
Claire.
Clancy.
Clancy.
Clapton.
Clark.
Clark.
Clarke.
Clarke.
Clarke.
Clavell.
Clay.
Clayburgh.
Clayton-Thomas.
Cleaver.
Cleese.
Clemens.
Clemente.
Cleveland.
Cleveland.
Cliburn.
Clifford.
Clift.
Cline.
Cline.
Clinton.
Clinton.
Clooney.
Close.
Clough.
Clues.
Cobain.
Cobb.
Coburn.
Coca.
Cochran.
Cochrane.
Cockcroft.
Cocker.
Cocteau.
Cody.
Cody.
Coelho.
Coetzee.
Coffman.
Cohan.
Cohen.
Cohen.
Cohen-Tannoudji.
Coke.
Colavito.
Colbert.
Cold.
Cole.
Cole.
Coleman.
Coleman.
Coleridge.
Coles.
Colesworthy.
Collins.
Collins.
Collins.
Collinsworth.
Collyer.
Colman.
Coltrane.
Comaneci.
Combs.
Como.
Compton.
Conant.
Conaway.
Condit.
Condra.
Conger.
Congreve.
Connections.
Conners.
Connery.
Connick.
Connolly.
Connor.
Connor.
Connors.
Conrad.
Conreid.
Conried.
Constant.
Convy.
Conway.
Conway.
Coogan.
Cook.
Cook.
Cooke.
Coolidge.
Coolidge.
Cooper.
Cooper.
Cooper.
Copernicus.
Copland.
Copperfield.
Coppola.
Corbett.
Corbusier.
Corbusier.
Corea.
Corman.
Cormier.
Cornell.
Cornwall.
Cornwell.
Coronado.
Corr.
Correll.
Corrigan.
Cort.
Cosby.
Cosell.
Cosgrove.
Costas.
Costello.
Costilla.
Costner.
Cote.
Cotros.
Cotsakos.
Cotten.
Cotton.
Coulier.
Couric.
Courier.
Courtenay.
Courteney.
Courtney.
Cousteau.
Coviello.
Coward.
Cowley.
Cowper.
Cox.
Crabbe.
Crace.
Craik.
Crain.
Cranch.
Crane.
Crashaw.
Crawford.
Crawford.
Creech.
Crenna.
Crenshaw.
Crichton.
Criss.
Critelli.
Crockett.
Cromwell.
Cronin.
Cronkite.
Cronyn.
Crosby.
Cross.
Crothers.
Crow.
Crowe.
Crowe.
Cruise.
Cruz.
Crystal.
Cugat.
Culkin.
Cullen.
Culp.
Culp.
Culver.
Cummings.
Cummings.
Cunningham.
Cuomo.
Curie.
Curlander.
Curran.
Curry.
Curtin.
Curtis.
Cusack.
Cushing.
Cushman.
Custer.
Cutler.
Cyrus.
D'Allesandro.
Daane.
Daberko.
Dacascos.
Daddy.
Daft.
Dahl.
Daisuke.
Dakota.
Dalen.
Dalglish.
Dali.
Dalton.
Dalton.
Daltrey.
Daly.
Damian.
Damme.
Damon.
Damone.
Dan.
Danes.
Dangerfield.
Daniel.
Daniel.
Danielewski.
Danielle.
Daniels.
Danson.
Dante.
Danza.
Darin.
Darmesteter.
Darrow.
Darwin.
Dattilo.
Dauch.
Davenant.
David.
David.
Davidson.
Davidson.
Davies.
Davies.
Davis.
Davis.
Davison.
Davisson.
Dawber.
Dawson.
Day.
Day.
Day-Lewis.
DeAnza.
DeCamp.
DeCarlo.
DeGeneres.
DeHavilland.
DeLillo.
DeLoach.
DeLonge.
DeLuise.
DeMille.
DeNiro.
DePalma.
DeVille.
DeVito.
DeWitt.
Deacon.
Dean.
Dean.
Deane.
Deavenport.
Debussy.
Dee.
Defoe.
Degas.
Dehmelt.
Dekker.
Delaney.
Delany.
Dell.
Deming.
Dempsey.
Deneuve.
Denham.
Denman.
Dennis.
Denny.
Densmore.
Denver.
Depardieu.
Depp.
Derek.
Dern.
Derrick.
Desai.
Descartes.
Destiny.
Devin.
Devine.
Devlin.
Dewhurst.
Dey.
DiCaprio.
DiMaggio.
DiMicco.
Diamond.
Diana.
Diana.
Diaz.
Dibdin.
Dick.
Dick.
Dickens.
Dickens.
Dickey.
Dickins.
Dickinson.
Dicus.
Diddley.
Diego.
Dies.
Dietrich.
Diggs.
Dillard.
Diller.
Diller.
Dillinger.
Dillon.
Dillon.
Dimon.
Dion.
Dirac.
Disney.
Ditka.
Dobson.
Doddridge.
Dodge.
Dodge.
Dods.
Dogg.
Doherty.
Doherty.
Dolan.
Dole.
Dolenz.
Dollens.
Domett.
Domingo.
Dominick.
Domino.
Donahue.
Donahue.
Donaldson.
Donne.
Donovan.
Doohan.
Dooner.
Doren.
Dorn.
Dorough.
Dorr.
Dorsey.
Dostoevsky.
Doubleday.
Doudney.
Douglas.
Douglass.
Dow.
Dowdell.
Dowling.
Downey.
Downs.
Doyle.
Doyle.
Dragon.
Drake.
Draper.
Drayton.
Dre.
Dreesen.
Drescher.
Drexler.
Dreyfuss.
Driver.
Drosdick.
Drummond.
Dryden.
Drysdale.
DuBois.
Duchovny.
Duff.
Duffy.
Dukakis.
Duke.
Dullea.
Dumars.
Dumas.
Dunaway.
Duncan.
Dunham.
Dunn.
Dunne.
Dunst.
Duques.
Durante.
Durning.
Duroc-Danner.
Durrell.
Durst.
Duvall.
Dwight.
Dyer.
Dyke.
Dyken.
Dylan.
Dylan.
Earhart.
Earley.
Earnhardt.
Earp.
Easton.
Eastwood.
Ebbers.
Ebert.
Ebsen.
Echegaray.
Eckert.
Eckstine.
Eco.
Eddings.
Eddy.
Eden.
Edgar.
Edgarian.
Edison.
Edward.
Edwards.
Edwardson.
Edwin.
Egan.
Eggar.
Ehrlich.
Eikenberry.
Eikichi.
Einstein.
Eisenberg.
Eisenberg.
Eisenhower.
Eisenhower.
Eisner.
Ekberg.
Ekland.
Elcano.
Elder.
Electra.
Elfman.
Elgar.
Elijah.
Eliot.
Elizabeth.
Ellenberger.
Ellerbee.
Ellington.
Elliot.
Elliott.
Ellis.
Ellison.
Ellison.
Ellison.
Elway.
Elwes.
Ely.
Emerson.
Emi.
Emily.
Emma.
Emperor.
Engelke.
Engibous.
England.
Engles.
Engles.
English.
English.
Enrico.
Ensler.
Ephron.
Erdrich.
Ergen.
Eric.
Erica.
Erin.
Ernst.
Erving.
Esaki.
Escher.
Espinel.
Esquivel.
Esrey.
Essner.
Estefan.
Esteves.
Estevez.
Estrada.
Ethan.
Etheridge.
Ettore.
Evan.
Evans.
Evans.
Everett.
Everly.
Evert.
Ewell.
Ewing.
Eyler.
Eyquem.
Fabares.
Faber.
Fabray.
Fagan.
Fahey.
Fairbank.
Fairbanks.
Fairchild.
Faithfull.
Falana.
Falk.
Falla.
Faltskog.
Falwell.
Faraday.
Fard.
Farentino.
Fargo.
Farley.
Farmer.
Farquhar.
Farr.
Farr.
Farragut.
Farrakhan.
Farrand.
Farrell.
Farrell.
Farrell.
Farrow.
Fatone.
Faulkner.
Faulkner.
Favre.
Fawcett.
Faye.
Feiffer.
Feinberg.
Feist.
Feldman.
Feldon.
Feliciano.
Felix.
Fellini.
Fenn.
Ferguson.
Ferland.
Ferlinghetti.
Fermi.
Fernandez.
Ferraro.
Ferrer.
Ferriar.
Ferrigno.
Ferris.
Feuer.
Feynman.
Feynman.
Fiedler.
Field.
Fielding.
Fields.
Fiennes.
Filipps.
Fillmore.
Fillmore.
Finch.
Fine.
Fingers.
Finlay.
Finney.
Fiorina.
Firestone.
Fischer.
Fischer.
Fischetti.
Fishburne.
Fishel.
Fisher.
Fishman.
Fisk.
Fitch.
Fittipaldi.
FitzGerald.
Fitzgerald.
Fitzgerald.
Fitzgerald.
Fitzpatrick.
Flack.
Flatley.
Flaubert.
Fleetwood.
Fleming.
Fletcher.
Flockhart.
Flynn.
Flynt.
Foch.
Fogelberg.
Fogerty.
Follett.
Follett.
Fonda.
Fontaine.
Fontanne.
Fonteyn.
Foos.
Foote.
Foote.
Foray.
Forbes.
Forbush.
Ford.
Ford.
Ford.
Fordyce.
Foreman.
Forese.
Forman.
Forrest.
Forseythe.
Forsyth.
Forsythe.
Fortescue.
Foss.
Fosse.
Foster.
Foster.
Foster.
Fowler.
Fox.
Foxx.
Foyt.
Frampton.
Francis.
Franck.
Franco.
Frank.
Franklin.
Franklin.
Frann.
Franz.
Fraser.
Frawley.
Frayn.
Frazier.
Freberg.
Freeman.
Freeman.
Frehley.
French.
French.
Freneau.
Frere.
Freud.
Frewer.
Frey.
Friedan.
Friedan.
Friedkin.
Friedman.
Friedman.
Friedrich.
Fries.
Frissora.
Fritzky.
Frog.
Frost.
Frost.
Frost.
Fry.
Ftorek.
Fuentes.
Fukuyama.
Fuld.
Fuller.
Fuller.
Fuller.
Fuller.
Fulton.
Fulton.
Fumiya.
Funicello.
Funt.
Furlong.
GANDARA.
GLENN.
Gable.
Gabor.
Gabriel.
Gabriel.
Gabrielle.
Gagarin.
Gainsborough.
Galbraith.
Galilei.
Gallagher.
Gallagher.
Gallienne.
Galvin.
Galway.
Gamble.
Gamper.
Gandhi.
Gandolfini.
Gangwal.
Gannon.
Garagiola.
Garber.
Garbo.
Garcia.
Garciapara.
Gardam.
Gardel.
Gardner.
Garfield.
Garfunkel.
Garland.
Garner.
Garnett.
Garofalo.
Garofalo.
Garr.
Garrett.
Garrick.
Garrison.
Garson.
Garth.
Garton.
Garvey.
Gasset.
Gassman.
Gates.
Gauguin.
Gaulin.
Gaulle.
Gavurin.
Gay.
Gaye.
Gayle.
Gaynor.
Gazzara.
Geary.
Geddes.
Geffen.
Gehrig.
Geldof.
Gell-Mann.
Gellar.
Geller.
Gellert.
Gennes.
Gentry.
Geoffreys.
George.
George.
Gephardt.
Gere.
Gernreich.
Gershwin.
Gerstner.
Getty.
Giaever.
Gibara.
Gibb.
Gibbon.
Gibbons.
Gibbs.
Gibran.
Gibson.
Gibson.
Gielgud.
Gierer.
Gifford.
Gifford.
Giger.
Gihbran.
Gilbert.
Gilbert.
Gilbert.
Gilberto.
Gilder.
Gilfillan.
Gill.
Gillespie.
Gilley.
Gillies.
Gilman.
Gilmartin.
Gilmore.
Gilwell.
Gingrich.
Ginsberg.
Girls.
Gish.
Giuliani.
Giuliano.
Givens.
Gladstone.
Glancy.
Glaser.
Glashow.
Glass.
Gleason.
Glenn.
Glennie.
Gless.
Glover.
Glynn.
Gobel.
Godard.
Godfrey.
Godunov.
Goeppert-Mayer.
Goethe.
Gogh.
Goingback.
Gold.
Goldberg.
Goldblum.
Golding.
Goldman.
Goldsboro.
Goldsmith.
Goldsmith.
Goldwater.
Golisano.
Gonzales.
Gonzalez.
Goodall.
Goode.
Gooden.
Goodhue.
Gooding.
Goodkind.
Goodman.
Goodwin.
Goodyear.
Gorbachev.
Gorcey.
Gordeeva.
Gordimer.
Gordon.
Gordon-Levitt.
Gordy.
Gore.
Gorham.
Gorky.
Gorme.
Gorshin.
Gosling.
Gossage.
Gosse.
Gosselaar.
Gossett.
Gottfried.
Gould.
Goulet.
Gowdy.
Goya.
Grable.
Grace.
Graf.
Graham.
Graham.
Graham.
Grahn.
Grammer.
Granados.
Grandy.
Grant.
Grant.
Grant.
Graves.
Graves.
Gray.
Great.
Greco.
Greehey.
Greeley.
Green.
Green.
Green.
Greenberg.
Greene.
Greenspan.
Greenstreet.
Gregory.
Gregory.
Gretzky.
Greville.
Grey.
Grieg.
Grier.
Griffey.
Griffin.
Griffin.
Griffith.
Grimes.
Gris.
Grodin.
Groening.
Gropius.
Gross.
Grubbs.
Gruelle.
Grumbleweeds.
Grundhofer.
Guardia.
Guccione.
Gudelski.
Guevara.
Gugino.
Guillaume.
Guinness.
Guisewaite.
Gumbel.
Gunesekera.
Gupta.
Gurnah.
Gustav.
Gutenberg.
Guthrie.
Gutierrez.
Guttenberg.
Guy.
Gwathmey.
Gwynn.
Gwynne.
Hackett.
Hackett.
Hackman.
Hadley.
Hafer.
Hagar.
Haggard.
Hagler.
Hagman.
Haig.
Hailey.
Haim.
Halbert.
Halen.
Haley.
Haley.
Haley.
Haliburton.
Hall.
Halla.
Halleck.
Halley.
Hallinan.
Halliwell.
Hambly.
Hamel.
Hamill.
Hamilton.
Hamilton.
Hamlin.
Hamlisch.
Hamm.
Hammer.
Hammergren.
Hammerstein.
Hammet.
Hammett.
Hammond.
Hammond.
Hampton.
Hancock.
Hancock.
Handel.
Hanks.
Hanna.
Hannah.
Hannah.
Hannigan.
Hannigan.
Hansen.
Hanson.
Hanway.
Harad.
Harari.
Harding.
Harding.
Hardy.
Hargreaves.
Hari.
Harlow.
Harmon.
Harper.
Harrell.
Harrelson.
Harrington.
Harris.
Harris.
Harrison.
Harrison.
Harrison.
Harrison.
Harry.
Hart.
Harte.
Hartley.
Hartman.
Hartnett.
Harvey.
Harvey.
Harwell.
Haseltine.
Hassan.
Hasselhoff.
Hassenfeld.
Hastert.
Hatcher.
Haub.
Hauer.
Haughton.
Havilland.
Hawk.
Hawke.
Hawking.
Hawking.
Hawn.
Hay.
Haydn.
Hayek.
Hayes.
Hayes.
Hayne.
Hayward.
Hayworth.
Hearst.
Heath.
Heath.
Heatherton.
Heber.
Heche.
Hecht.
Hedren.
Hefner.
Heigl.
Heinz.
Heisenberg.
Helgeson.
Heller.
Helms.
Hemans.
Hemings.
Hemingway.
Hemingway.
Hemsley.
Henderson.
Hendrix.
Henie.
Henkel.
Henley.
Henner.
Henning.
Henreid.
Henry.
Henshaw.
Henson.
Hepburn.
Herbert.
Herda.
Herman.
Herr.
Herrick.
Herrick.
Herriot.
Hershey.
Hertz.
Hervey.
Herzog.
Hess.
Hess.
Hesse.
Hesseman.
Heston.
Hetfield.
Hewish.
Hewitt.
Heywood.
Hickey.
Hickman.
Hickock.
Hickson.
Hideki.
Higgins.
Highsmith.
Hikaru.
Hill.
Hill.
Hill.
Hillary.
Hilton.
Hinano.
Hiner.
Hiner.
Hines.
Hingis.
Hinkson.
Hiroto.
Hirsch.
Hirsch.
Hirt.
Hiss.
Hitchcock.
Hitler.
Ho.
Hoaglin.
Hobbes.
Hoeg.
Hoffa.
Hoffman.
Hoffs.
Hofstadter.
Hofstadter.
Hogan.
Hogan.
Hogue.
Hoigt.
Holabird.
Holbrook.
Holden.
Holder.
Holding.
Holiday.
Hollan.
Holland.
Hollerith.
Holliday.
Hollinghurst.
Hollingsworth.
Holloway.
Holly.
Holm.
Holmes.
Holyfield.
Home.
Honeycutt.
Hood.
Hooker.
Hooks.
Hooper.
Hoover.
Hoover.
Hoover.
Hope.
Hope.
Hopkins.
Hopkins.
Hopkinson.
Hopper.
Hoppus.
Horatio.
Horn.
Horne.
Horne.
Horowitz.
Horrocks.
Horton.
Hoskins.
Houarner.
Houdini.
Houghton.
Housman.
Houssay.
Houston.
Hoverson.
Hovey.
Howard.
Howard.
Howarth.
Howatt.
Howe.
Howell.
Howells.
Howitt.
Hoya.
Huang.
Hubbard.
Hubble.
Hudson.
Hudson.
Huerta.
Hughart.
Hughes.
Hughes.
Hugo.
Hulce.
Hull.
Hulme.
Hulse.
Humann.
Humperdinck.
Humphrey.
Hundertwasser.
Hunt.
Hunter.
Hunter.
Hunter.
Huntley.
Hurdis.
Hurley.
Hurston.
Hurt.
Hussein.
Hussey.
Huston.
Hutchence.
Hutchinson.
Hutton.
Huxley.
Huxley.
Hyde.
IV.
Iacocca.
Ian.
Ian.
Ibarruri.
Ibsen.
Ichiro.
Idol.
Iglesias.
Ignatieff.
Imbruglia.
Impersonators.
Imus.
Indurain.
Infante.
Ingalls.
Ingelow.
Ingenieros.
Ingersoll.
Inoki.
Iommi.
Ionesco.
Irani.
Ireland.
Irons.
Irving.
Irving.
Isaac.
Isabella.
Isaiah.
Isenberg.
Isherwood.
Ishiguro.
Isle.
Isozaki.
Ito.
Iverson.
Ives.
Ivey.
J.
Jack.
Jack.
Jackson.
Jackson.
Jackson.
Jackson.
Jacob.
Jacob.
Jacobs.
Jacqueline.
Jaeckel.
Jagger.
Jake.
James.
James.
James.
James.
Jansen.
Janssen.
Jared.
Jarreau.
Jasmine.
Jason.
Jason.
Jastrow.
Jefferson.
Jefferson.
Jefferys.
Jeffre.
Jeffrey.
Jeffreys.
Jenkins.
Jenna.
Jenner.
Jenney.
Jennifer.
Jennings.
Jensen.
Jenson.
Jeremy.
Jericho.
Jerrold.
Jesse.
Jessica.
Jesus.
Jeter.
Jett.
Jewison.
Jhabvala.
Jillian.
Joannou.
Jobim.
Jobs.
Jobs.
Jobson.
Joe.
Joel.
Joerres.
John.
John.
John.
Johns.
Johnson.
Johnson.
Johnson.
Johnson.
Johnson.
Johnston.
Jolie.
Jolson.
Jonas.
Jonathan.
Jones.
Jones.
Jong.
Jonson.
Joplin.
Jordan.
Jordan.
Jordan.
Jordan.
Jorndt.
Jose.
Josefowicz.
Joseph.
Joseph.
Josephson.
Joshua.
Jourdan.
Jovi.
Joyce.
Joyce.
Joyner.
Joyner-Kersee.
Juan.
Judd.
Julia.
Julia.
Jump.
Junck.
Jung.
Jung.
Junot.
Jurgensen.
Justin.
Kaczmarek.
Kael.
Kafka.
Kahanamoku.
Kahlo.
Kahn.
Kahn.
Kai-Shek.
Kaitlyn.
Kakuei.
Kaline.
Kalkbrenner.
Kanas.
Kanawa.
Kandinsky.
Kane.
Kangaroo.
Kann.
Kantner.
Kapitsa.
Kaplan.
Karan.
Karatz.
Karloff.
Karn.
Karolyi.
Karr.
Karras.
Kasem.
Kasparov.
Kastler.
Katelyn.
Katherine.
Kathryn.
Katie.
Kaufman.
Kauvaka.
Kavner.
Kay.
Kaye.
Kayla.
Kaylee.
Kaysen.
Kazan.
Kazutoshi.
Kazuyoshi.
Keach.
Keanan.
Keane.
Keaton.
Keats.
Keble.
Keegan.
Keel.
Keeler.
Keeshan.
Keillor.
Keisel.
Keisuke.
Keitel.
Keith.
Keizo.
Kelleher.
Keller.
Kellerman.
Kellerman.
Kelley.
Kelly.
Kelly.
Kelly.
Kelman.
Kelsey.
Kelvin.
Kemble.
Kemp.
Kemper.
Kempis.
Ken.
Kendall.
Keneally.
Kenji.
Kennedy.
Kennedy.
Kenneth.
Kensit.
Kent.
Kenton.
Kepler.
Kern.
Kerns.
Kerouac.
Kerouac.
Kerr.
Kerrigan.
Kersh.
Kershaw.
Kesey.
Ketcham.
Ketchum.
Kevin.
Key.
Keyes.
Keyser.
Khan.
Khayyam.
Khomeini.
Khrushchev.
Kid.
Kidd.
Kidder.
Kidman.
Kiernan.
Kight.
Kilborn.
Killinger.
Killy.
Kilmer.
Kilroy.
Kilts.
Kimberly.
Kimmel.
Kinder.
King.
King.
Kingolver.
Kingsley.
Kinsey.
Kinski.
Kipling.
Kirby.
Kirkpatrick.
Kirosawa.
Kirshner.
Kissinger.
Kitt.
Klein.
Klein.
Klemperer.
Kline.
Kline.
Klitzing.
Klugman.
Knapp.
Kneale.
Knez.
Knievel.
Knight.
Knight.
Knott.
Knotts.
Knowles.
Knox.
Koch.
Kogan.
Kohlhepp.
Komansky.
Koolhaas.
Koppel.
Koranda.
Korbut.
Korman.
Koshi.
Kosinski.
Kosinski.
Kotzebue.
Koufax.
Kournikova.
Kovacevich.
Kovacs.
Kowalski.
Kraemer.
Kramer.
Kravitz.
Krehbiel.
Kresa.
Krieger.
Kriens.
Kristofferson.
Kroc.
Krupa.
Kubrick.
Kudrow.
Kumar.
Kuralt.
Kurtz.
Kusch.
Kutcher.
Kwan.
Kyle.
Kyle.
Kyosuke.
L'Engle.
LaBelle.
LaLanne.
LaMotta.
Lachey.
Lacy.
Ladd.
Lafley.
Lagasse.
Lahr.
Lahti.
Laine.
Laing.
Lake.
Lama.
Lamarque.
Lamarr.
Lamas.
Lamb.
Lamb.
Lamour.
Lancaster.
Lance.
Landan.
Landau.
Landel.
Landers.
Landis.
Landon.
Landor.
Lane.
Lane.
Lang.
Lange.
Langford.
Langhammer.
Langhorne.
Langmuir.
Langton.
Lanier.
Lanni.
Lansbury.
Lansdale.
Lanza.
Lara.
Larcom.
Laroquette.
Larrimore.
Larroquette.
Larsen.
Larson.
Lasek.
Lasorda.
Lasser.
Lassiter.
Lathrop.
Latifah.
Laue.
Lauer.
Laughlin.
Laughton.
Lauper.
Laura.
Laurel.
Lauren.
Lauren.
Laurent.
Laurie.
Lauritzen.
Lavin.
Law.
Lawford.
Lawless.
Lawrence.
Lawson.
Layard.
Laymon.
Lazzeri.
LeBlanc.
LeBoeuf.
LeBow.
LeMond.
Leach.
Leachman.
Leakey.
Lean.
Lear.
Learned.
Leary.
Leatherdale.
Lecky.
Lecuona.
Ledbetter.
Lederman.
Lee.
Lee.
Lee.
Legrand.
Leigh.
Leighton.
Leighton.
Leiter.
Leland.
Leloir.
Lelouch.
Lemieux.
Lemieux.
Lemmon.
Lemon.
Lenard.
Lendl.
Lenin.
Lennevald.
Lennon.
Lennox.
Lenny.
Leno.
Lenya.
Leo.
Leonard.
Leonard.
Leritz.
Lerner.
Lerner.
Leroux.
Lesar.
Lesh.
Leslie.
Lessing.
Lester.
Letbetter.
Letterman.
Letts.
Levant.
Levenson.
Levin.
Levin.
Levine.
Levinson.
Levis.
Levison.
Lewinsky.
Lewis.
Lewis.
Lichtenstein.
Liddell.
Liddy.
Liddy.
Lieberman.
Lifeson.
Lightfoot.
Lilley.
Lim.
Lima.
Limbaugh.
Lin.
Lincoln.
Lincoln.
Lindbergh.
Linden.
Lindner.
Lindros.
Lindsey.
Link.
Linkletter.
Linley.
Lipinski.
Lipkin.
Lipnicki.
Lippmann.
Lipton.
Liszt.
Lithgow.
Little.
Littrell.
Liu.
Liu.
Lively.
Livingstone.
Llosa.
Lloyd.
Llull.
Loaf.
Locane.
Locker-Lampson.
Lockhart.
Lockhart.
Locklear.
Lodge.
Loewe.
Logan.
Logan.
Loggins.
Lohan.
Lollobrigida.
Lombard.
Lombardi.
Lombardo.
London.
Long.
Longfellow.
Loos.
Loose.
Lopez.
Lorberbaum.
Lorca.
Lord.
Lord.
Loren.
Lorentz.
Lorre.
Louganis.
Louis.
Louis-Dreyfus.
Louise.
Lousma.
Love.
Lovecraft.
Lovelace.
Lover.
Lovett.
Lovitz.
Low.
Lowder.
Lowe.
Lowe.
Lowell.
Lowell.
Lowry.
Loy.
Loyola.
Lucas.
Lucas.
Lucci.
Ludlum.
Ludwig.
Lugosi.
Luis.
Luke.
Luke.
Lumet.
Lumholdt.
Lunden.
Lundgren.
Lupino.
Luter.
Luther.
Lybarger.
Lyly.
Lynch.
Lynde.
Lyngstad.
Lynn.
Lyttleton.
Ma.
Maazel.
MacArthur.
MacBeth.
MacDiarmid.
MacDonald.
MacGraw.
MacGregor.
MacInnis.
MacKenzie.
MacLaine.
MacLaverty.
MacLeod.
MacLeod.
MacMurray.
MacRae.
MacTavish.
Macchio.
Macdonald.
Macdowell.
Machado.
Macher.
Mack.
Mackay.
Mackay.
Mackenzie.
Mackenzie.
Mackintosh.
Macklin.
Macleod.
Macpherson.
Macy.
Madariaga.
Madden.
Madeline.
Madigan.
Madison.
Madison.
Madison.
Madsen.
Maeterlinck.
Magliochetti.
Magritte.
Maguire.
Mahon.
Mai.
Mailer.
Main.
Maines.
Major.
Majorino.
Majors.
Makayla.
Makeba.
Maki.
Makiko.
Makoto.
Malden.
Malinin.
Malkovich.
Malle.
Malone.
Malouf.
Maltin.
Mamet.
Manchester.
Mancini.
Mancino.
Mandel.
Mandela.
Mandrell.
Manet.
Mangione.
Manilow.
Mankiller.
Mann.
Mann.
Manning.
Manoogian.
Mansfield.
Manson.
Mantle.
Mantooth.
Manzarek.
Maradona.
Marano.
Marcantonio.
Marceau.
Marconi.
Marcus.
Maria.
Maria.
Mariah.
Marie.
Marin.
Marino.
Mario.
Maris.
Marissa.
Mark.
Mark.
Markham.
Marks.
Marley.
Marlowe.
Marquez.
Marriott.
Marriott.
Marsalis.
Marsh.
Marshall.
Marshall.
Martin.
Martin.
Martin.
Martinez.
Martini.
Marvell.
Marvin.
Marx.
Mary.
Marzials.
Masamune.
Masayoshi.
Maslow.
Mason.
Mason.
Mason.
Mason.
Massey.
Massinger.
Masterson.
Mastroianni.
Mathers.
Mathews.
Mathis.
Matisse.
Matlin.
Matthau.
Matthew.
Matthews.
Mattingly.
Mature.
Mauldin.
Maupin.
Maurier.
Maurier.
Mavor.
Max.
Maxwell.
May.
May.
Mayall.
Maybeck.
Mayfield.
Mays.
Mays.
Mazursky.
Mazzello.
McAuliffe.
McBride.
McCabe.
McCaffrey.
McCain.
McCall.
McCallister.
McCallum.
McCambridge.
McCammon.
McCanless.
McCann.
McCarthy.
McCartney.
McCary.
McClanahan.
McCollough.
McCoo.
McCorkindale.
McCormick.
McCormick.
McCourt.
McCourt.
McCrane.
McCray.
McCrea.
McDiarmid.
McDonald.
McDonald.
McDonnell.
McDormand.
McDougall.
McDowall.
McDowell.
McEleney.
McEnroe.
McEntire.
McEwan.
McFarland.
McGahern.
McGavin.
McGillis.
McGinnis.
McGoohan.
McGovern.
McGrath.
McGraw.
McGraw.
McGregor.
McGuinn.
McGuire.
McGwire.
McIntosh.
McIntyre.
McIntyre.
McKay.
McKellar.
McKelvey.
McKeon.
McKinley.
McKinley.
McKinnell.
McKnight.
McLachlan.
McLean.
McLennan.
McLeod.
McLuhan.
McMahon.
McMillan.
McMullian.
McNaught.
McNealy.
McNeill.
McNerney.
McNichol.
McPherson.
McQueen.
McVie.
Mcleod.
Mead.
Meadows.
Meara.
Meer.
Megan.
Mehta.
Mehta.
Meir.
Melissa.
Mellencamp.
Melville.
Mendes.
Menken.
Menninger.
Menuhin.
Mercouri.
Mercury.
Meredith.
Merman.
Merrick.
Merrill.
Merriman.
Merton.
Messina.
Messmer.
Metcalf.
Meuron.
Meyer.
Meyer.
Meyers.
Michael.
Michael.
Michael.
Michaela.
Michaels.
Michelin.
Michelle.
Michelson.
Michener.
Michio.
Mickle.
Middleton.
Middleton.
Midler.
Mifune.
Miguel.
Mikayla.
Miki.
Mikita.
Milano.
Miles.
Milland.
Miller.
Miller.
Miller.
Millikan.
Millman.
Mills.
Mills.
Milman.
Milne.
Milne.
Milsap.
Milstein.
Milton.
Mimieux.
Min.
Mina.
Mineo.
Miner.
Minh.
Minnelli.
Minogue.
Minor.
Miranda.
Miranda.
Miri.
Mirren.
Misako.
Mistral.
Mistry.
Mitchell.
Mitchell.
Mitchell.
Mitchum.
Mix.
Mizner.
Mo.
Moceanu.
Modine.
Moessbauer.
Moffatt.
Moir.
Molina.
Moll.
Monaco.
Mondale.
Mondriaan.
Monet.
Monica.
Moniz.
Monk.
Monkhouse.
Monroe.
Monroe.
Monster.
Montagu.
Montaignes.
Montalban.
Montana.
Montand.
Montessori.
Montgomerie.
Montgomery.
Montgomery.
Monturiol.
Moody.
Moody.
Moon.
Moore.
Moore.
Moore.
Moorehead.
Moran.
Moravec.
Moray.
More.
Moreau.
Moreno.
Morgan.
Morgan.
Morgan.
Morgan.
Moriarty.
Moriguchi.
Morihiro.
Morissette.
Morita.
Morley.
Morris.
Morris.
Morris.
Morris.
Morrison.
Morrison.
Morrison.
Morrow.
Morse.
Morton.
Mosby.
Moses.
Mosley.
Mosner.
Moss.
Most.
Mostel.
Mother.
Motherwell.
Mott.
Mott.
Mottelson.
Mouskouri.
Mowry.
Moyers.
Mozart.
Mozilo.
Mudd.
Mueller.
Muhammad.
Muhlenberg.
Muir.
Muldaur.
Mulgrew.
Mull.
Mullen.
Mullin.
Mulva.
Muma.
Muniz.
Munro.
Murdoch.
Murdoch.
Murdock.
Murdock.
Murillo.
Murphy.
Murray.
Murray.
Murrow.
Musburger.
Musial.
Musselwhite.
Musset.
Mussolini.
Mussorgsky.
Myers.
Myers.
Myerson.
Nabers.
Nabokov.
Nabokov.
Nabors.
Nacchio.
Nadaud.
Nader.
Naipaul.
Nairne.
Naismith.
Naked.
Namath.
Namie.
Naoto.
Napier.
Nash.
Nasser.
Natalie.
Nathan.
Nathaniel.
Nation.
Navratilova.
Neal.
Neal.
Neale.
Neaves.
Nebrija.
Neel.
Neeson.
Negrete.
Nehru.
Neil.
Neill.
Neilson.
Nelson.
Nelson.
Nemirow.
Neruda.
Nesmith.
Netanyahu.
Nettles.
Neutra.
Neville.
Newbolt.
Newby.
Newhart.
Newley.
Newman.
Newsted.
Newton.
Newton-John.
Nicholas.
Nicholas.
Nicholas.
Nichols.
Nichols.
Nicholson.
Nicklaus.
Nicks.
Nicole.
Nielsen.
Nietzsche.
Nightingale.
Nimoy.
Nin.
Niro.
Nishimura.
Niven.
Nixon.
Nixon.
Nixon.
Noah.
Nobel.
Noble.
Noel.
Noia.
Nokku.
Nolan.
Nolte.
Noone.
Norcross.
Nordstrom.
Noriyuki.
Norman.
Norman.
Norris.
North.
Norton.
Noseworthy.
Notebaert.
Novak.
Novak.
Novello.
Noyes.
Nugent.
Nugent.
Nunn.
Nureyev.
Nyberg.
Nye.
Nyro.
O'Brian.
O'Brien.
O'Brien.
O'Connell.
O'Connor.
O'Connor.
O'Day.
O'Doherty.
O'Donnell.
O'Faolain.
O'Hagan.
O'Hara.
O'Hare.
O'Keeffe.
O'Malley.
O'Meara.
O'Meara.
O'Neal.
O'Neill.
O'Neill.
O'Reilly.
O'Rourke.
O'Sullivan.
O'Toole.
Oakley.
Oates.
Oates.
Ochoa.
Odland.
Okri.
Olajuwon.
Oldman.
Oleynik.
Olin.
Oliver.
Olivia.
Olivier.
Olmos.
Olmsted.
Olsen.
Onassis.
Ondaatje.
Onnes.
Ono.
Orbison.
Orlando.
Ormandy.
Orozco.
Orr.
Ortega.
Orwell.
Orwell.
Osborn.
Osbourne.
Osgood.
Osheroff.
Osment.
Osmond.
Ossman.
Oswald.
Otis.
Otway.
Outlaw.
Overbury.
Owen.
Owens.
Oz.
Ozawa.
Paar.
Pace.
Pacino.
Paganini.
Page.
Paige.
Paine.
Pais.
Palance.
Palgrave.
Palillo.
Palladio.
Palmer.
Palmer.
Paltrow.
Papa.
Papas.
Papp.
Paquin.
Parker.
Parker.
Parker.
Parks.
Parks.
Parnell.
Parrish.
Parsons.
Parton.
Pascal.
Pasternak.
Pasternak.
Pasteur.
Patchen.
Patel.
Paterno.
Patinkin.
Patmore.
Patrick.
Patten.
Patterson.
Patterson.
Patton.
Paul.
Paul.
Pauley.
Pauli.
Pauling.
Paulson.
Pavarotti.
Pavlov.
Paycheck.
Payne.
Payson.
Payton.
Paz.
Peale.
Pearl.
Peart.
Peary.
Peck.
Peckinpah.
Peebles.
Peele.
Peet.
Pei.
Pei.
Pelayo.
Pelli.
Pendergrass.
Penick.
Penn.
Penny.
Penzias.
Peppard.
Pepper.
Percival.
Percy.
Perelman.
Perez.
Perez.
Perkins.
Perl.
Perlegos.
Perlman.
Peron.
Perot.
Perrin.
Perrine.
Perry.
Perry.
Pershing.
Pesci.
Pestillo.
Peter.
Peters.
Petersen.
Peterson.
Peterson.
Petty.
Pfeiffer.
Phanstiel.
Philbin.
Philips.
Phillippe.
Phillips.
Phillips.
Phippen.
Phoenix.
Piaget.
Piatt.
Piazza.
Picasso.
Piccirilli.
Pichler.
Pickens.
Pickett.
Pickford.
Pidal.
Pierce.
Pierce.
Pierpont.
Pigott.
Pinchot.
Pinckney.
Pinter.
Pippen.
Piscopo.
Pitt.
Pitts.
Pizarro.
Place.
Planck.
Plank.
Plant.
Plath.
Plato.
Player.
Pleasence.
Pleshette.
Plimpton.
Plummer.
Podany.
Poe.
Poindexter.
Poitier.
Polanski.
Polk.
Polk.
Pollard.
Pollock.
Pollok.
Pomfret.
Pompidou.
Pond.
Ponti.
Pop.
Pope.
Porizkova.
Porter.
Porteus.
Portman.
Poses.
Posey.
Post.
Post.
Postl.
Poston.
Potashner.
Potok.
Potter.
Potter.
Pound.
Pournelle.
Povich.
Powell.
Power.
Powers.
Powers.
Praed.
Preminger.
Prentiss.
Presley.
Presnell.
Preston.
Preston.
Previn.
Price.
Price.
Pride.
Priestley.
Prima.
Primrose.
Prince.
Principal.
Prinze.
Prior.
Priory.
Probst.
Procter.
Proctor.
Prokhorov.
Prophet.
Proudfit.
Proulx.
Provine.
Prowse.
Pryor.
Puckett.
Puente.
Pulitzer.
Pulliam.
Purcell.
Purcell.
Purvis.
Putin.
Puzo.
Puzzo.
Pym.
Pynchon.
Pyott.
Quaid.
Quarles.
Quatro.
Quayle.
Quesada.
Quesnel.
Questrom.
Quevedo.
Quincy.
Quinn.
Quinn.
Quintanilla.
Quintero.
Quivers.
Rabbit.
Rabelais.
Rabi.
Rachel.
Rachmaninoff.
Radcliffe.
Radner.
Rady.
Raines.
Rains.
Rainwater.
Raitt.
Raleigh.
Raman.
Ramis.
Rampal.
Ramsey.
Rand.
Randall.
Randi.
Randolph.
Ransford.
Raphael.
Rashad.
Rasputin.
Rastetter.
Rathbone.
Rather.
Ratzenberger.
Ravel.
Rawls.
Ray.
Rayburn.
Raye.
Rayleigh.
Raymond.
Raymond.
Raymund.
Razmilovic.
Read.
Reagan.
Reagan.
Realf.
Reasoner.
Rebecca.
Redding.
Reddy.
Reddy.
Redford.
Redgrave.
Redstone.
Reece.
Reed.
Reese.
Reeve.
Reeves.
Reich.
Reid.
Reilley.
Reilly.
Reilly.
Reiner.
Reines.
Reiser.
Remick.
Renfro.
Rennie.
Reno.
Renoir.
Renwick.
Renyi.
Retton.
Reubens.
Revere.
Revolution.
Reyes.
Reynolds.
Reznor.
Rhames.
Rheaume.
Rhodes.
Rhymes.
Ribas-Dominicci.
Ribeiro.
Ricci.
Rice.
Rice.
Rich.
Richard.
Richard.
Richards.
Richards.
Richardson.
Richie.
Richler.
Richter.
Richthofen.
Rickey.
Rickles.
Rickman.
Ridder.
Riddle.
Ride.
Rigas.
Rigby.
Rigg.
Riggio.
Rijn.
Riley.
Riley.
Rimbaud.
Rimes.
Ringling.
Ringo.
Ringwald.
Rinna.
Ripken.
Ripley.
Risinger.
Ritchard.
Ritter.
Ritter.
Rivera.
Rivero.
Rivers.
Rizzuto.
Roach.
Roath.
Robards.
Robards.
Robbins.
Robbins.
Robbins.
Robert.
Robert.
Roberts.
Roberts.
Roberts.
Robertson.
Robeson.
Robinson.
Robinson.
Robison.
Robles.
Robson.
Roche.
Roche.
Rock.
Rock.
Rockefeller.
Rockne.
Rockwell.
Roddenberry.
Rodeback.
Rodgers.
Rodgers.
Rodin.
Rodman.
Rodrigo.
Rodriguez.
Roelandts.
Roentgen.
Roessler.
Rogel.
Rogers.
Rogers.
Rohde.
Rohe.
Rohr.
Rohrer.
Rojas.
Roker.
Roland.
Rolle.
Rollers.
Rollins.
Romano.
Romero.
Romijn-Stamos.
Ronstadt.
Rooney.
Roosevelt.
Roosevelt.
Roscitt.
Rose.
Rose.
Rosen.
Rosenthal.
Ross.
Rossdale.
Rossellini.
Rossetti.
Rossiter.
Rostand.
Roth.
Roth.
Rouhana.
Roundtree.
Rourke.
Rousseau.
Rowan.
Rowe.
Rowe.
Rowland.
Rowlands.
Rowling.
Roy.
Roydon.
Rozelle.
Rubbia.
Rubens.
Rubenstein.
Rubik.
Ruck.
Rudolph.
Ruiz.
Rukeyser.
Runyon.
Rusedski.
Rushdie.
Ruska.
Ruskin.
Ruskin.
Russell.
Russert.
Russo.
Ruth.
Rutherford.
Rutherfurd.
Ryan.
Ryan.
Ryan.
Ryan.
Rydell.
Ryder.
Ryder.
Ryle.
Ryo.
Ryoko.
Ryouko.
Ryuichi.
Ryutaro.
Rzeznik.
Saavedra.
Sabatini.
Sabato.
Sabio.
Sabovcik.
Sabrina.
Sacks.
Sadakazu.
Sadako.
Sadat.
Safer.
Safire.
Sagan.
Sage.
Saget.
Sahl.
Saint.
Saint-Exupery.
Sainte-Marie.
Sajak.
Salam.
Salazar.
Sales.
Salinas.
Salinger.
Salinger.
Salis.
Salk.
Salonga.
Salzman.
Samantha.
Sampras.
Sampson.
Samuel.
Sandburg.
Sanders.
Sanders.
Sanderson.
Sandford.
Sandino.
Sandler.
Sandler.
Sandy.
Sanford.
Sanger.
Sangster.
Santamaria.
Santana.
Santayana.
Santoro.
Santos-Dumont.
Sapp.
Sara.
Sarah.
Sarandon.
Sargent.
Sarnoff.
Saroyan.
Sartre.
Sarvadi.
Sassoon.
Satre.
Savage.
Savalas.
Savannah.
Sawa.
Sawyer.
Saxe.
Scaggs.
Schack.
Schaefer.
Schaeffer.
Schaeffer.
Schallert.
Schawlow.
Scheib.
Scheider.
Schell.
Schenkel.
Schidoni.
Schiff.
Schiffer.
Schiller.
Schindler.
Schjerven.
Schlafly.
Schlee.
Schlesinger.
Schlessinger.
Schmidt.
Schneider.
Schotter.
Schow.
Schrader.
Schreiber.
Schrieffer.
Schroder.
Schroeder.
Schroedinger.
Schuessler.
Schull.
Schulz.
Schulze.
Schumacher.
Schuman.
Schwab.
Schwartz.
Schwartz.
Schwarzenegger.
Schwarzkopf.
Schweitzer.
Schwimmer.
Schwinger.
Sciorra.
Sclavos.
Scofield.
Scolari.
Scorsese.
Scots.
Scott.
Scott.
Scott.
Scowcroft.
Scricco.
Scrushy.
Scully.
Seagal.
Seaman.
Sean.
Sears.
Seau.
Seaver.
Sebastian.
Seberg.
Sedaine.
Sedaka.
Seeger.
Segal.
Segal.
Seger.
Segovia.
Segre.
Seidel.
Seiko.
Seinfeld.
Selden.
Seles.
Selina.
Sellecca.
Selleck.
Sellers.
Selznick.
Sendak.
Sennett.
Serling.
Serneholt.
Serra.
Serra.
Servet.
Seth.
Seton.
Seurat.
Seuss.
Sevareid.
Severinsen.
Sevilla.
Sewall.
Seward.
Sewell.
Seymour.
Shackouls.
Shaffer.
Shakespeare.
Shakespeare.
Shakur.
Shalala.
Shanahan.
Shandling.
Shankar.
Shannon.
Sharer.
Sharif.
Sharp.
Shatner.
Shaughnessy.
Shaw.
Shawn.
Shearer.
Shearing.
Sheedy.
Sheehan.
Sheen.
Sheffer.
Sheffield.
Sheffield.
Sheffield.
Sheindlin.
Shelby.
Sheldon.
Shelley.
Shenstone.
Shepard.
Shepherd.
Shepherd.
Sheridan.
Sherman.
Sherwin.
Shields.
Shields.
Shire.
Shirley.
Shockley.
Shoemaker.
Shore.
Short.
Shorthouse.
Shostakovich.
Shougo.
Shreve.
Shriver.
Shue.
Shulkin.
Shyamalan.
Sibelius.
Sidhu.
Sidney.
Siebel.
Siegbahn.
Siegel.
Siegel.
Sierra.
Signoret.
Sills.
Silva.
Silveira.
Silverheels.
Silveria.
Silverman.
Silvers.
Silverstein.
Silverstone.
Simmons.
Simmons.
Simmons.
Simon.
Simone.
Simpson.
Sims.
Sinatra.
Sinclair.
Sinegal.
Sinise.
Siqueiros.
Sirmond.
Siskel.
Skelton.
Skilling.
Skinner.
Skye.
Slater.
Slayer.
Slick.
Sliwa.
Small.
Smiles.
Smiley.
Smirnoff.
Smith.
Smith.
Smith.
Smits.
Smollett.
Smothers.
Snipes.
Snodgress.
Snow.
Snow.
Snow.
Snowdon.
Snyder.
Sobieski.
Sola.
Solomon.
Solso.
Somers.
Sommer.
Somtow.
Sondheim.
Sophia.
Sorvino.
Sosa.
Sothern.
Soto.
Soueif.
Soul.
Sousa.
Sousuke.
Southern.
Southerne.
Southey.
Sowell.
Spacek.
Spacey.
Spader.
Spark.
Spassky.
Spearitt.
Spears.
Spelling.
Spellman.
Spencer.
Spencer.
Spenser.
Sperling.
Spice.
Spielberg.
Spillane.
Spina.
Spiner.
Spinks.
Spitz.
Spock.
Spofford.
Sprague.
Springer.
Springfield.
Springsteen.
Squire.
St. John.
Stack.
Stafford.
Stahl.
Staley.
Stalin.
Stallone.
Stamos.
Stamp.
Stang.
Stanhope.
Stanley.
Stanton.
Stanton.
Stanwyck.
Stapleton.
Stargell.
Stark.
Starr.
Staubach.
Stedman.
Steel.
Steele.
Steen.
Stefani.
Steiger.
Stein.
Steinbeck.
Steinbeck.
Steinberger.
Steinbrenner.
Steinem.
Steiner.
Stemberg.
Stengel.
Stephanie.
Stephanopoulos.
Stephen.
Stephenson.
Stern.
Stern.
Sterne.
Sternhold.
Sternlicht.
Steven.
Stevens.
Stevenson.
Stewart.
Stewart.
Stiers.
Stiles.
Still.
Stiller.
Stills.
Stine.
Stipe.
Stockman.
Stockwell.
Stoddard.
Stoker.
Stokowski.
Stoltz.
Stone.
Stonecipher.
Stookey.
Stoppard.
Stoppard.
Storch.
Storey.
Storm.
Storms.
Story.
Stoughton.
Stowe.
Stowe.
Stowell.
Strait.
Strasberg.
Stratton.
Straub.
Straus.
Strauss.
Stravinsky.
Strawberry.
Streep.
Street.
Streisand.
Stretch.
Strong.
Strug.
Struthers.
Strutt.
Stuart.
Sturges.
Subaru.
Suckling.
Sullivan.
Sullivan.
Sullivan.
Summer.
Summerall.
Sununu.
Susann.
Susskind.
Sutherland.
Suvari.
Swain.
Swan.
Swanson.
Swanson.
Swayze.
Sweeny.
Sweeten.
Sweetin.
Swienton.
Swift.
Swift.
Swift.
Swinburne.
Swit.
Switzer.
Swoopes.
Swoops.
Sydney.
Sydow.
Symonds.
Syron.
Syrus.
T.
Tabb.
Taft.
Taft.
Takac.
Takahiro.
Takako.
Takashi.
Takizawa.
Talbot.
Talfourd.
Tallchief.
Tamblyn.
Tamio.
Tamm.
Tandy.
Tanner.
Tapies.
Tarantino.
Tarkenton.
Taro.
Tartt.
Tatar.
Tate.
Tati.
Taurel.
Tayback.
Taylor.
Taylor.
Taylor.
Taylor.
Taylor.
Tchaikovsky.
Tem.
Temple.
Teng.
Tennille.
Tennyson.
Teresa.
Termeer.
Terra.
Tesh.
Tesla.
Tetsuya.
Tewes.
Thackeray.
Tharp.
Thatcher.
Thaxter.
Thayer.
Theobald.
Theotocopoulos.
Theron.
Thicke.
Thiessen.
Third.
Thomas.
Thomas.
Thomas.
Thomas.
Thompson.
Thompson.
Thompson.
Thomson.
Thoreau.
Thoreau.
Thornbury.
Thorne.
Thornton.
Thorpe.
Thrale.
Thumb.
Thurber.
Thurman.
Thurmond.
Tickell.
Tiegs.
Tiffany.
Tijerina.
Tillis.
Tillman.
Tillotson.
Tilly.
Tilton.
Tilton.
Tim.
Timberlake.
Timmerman.
Timmons.
Timothy.
Timpe.
Ting.
Tinker.
Tisch.
Tittle.
Toal.
Toan.
Tobeck.
Tobin.
Tobin.
Toffler.
Toki.
Toko.
Tolkien.
Tolkien.
Toll.
Tolstoy.
Tomasetta.
Tombaugh.
Tomei.
Tomiichi.
Tomlin.
Tomnitz.
Tomomi.
Tomonaga.
Tomoyasu.
Toplady.
Tork.
Torme.
Torn.
Torre.
Torres.
Toscanini.
Toshiki.
Toshinobu.
Tourneur.
Tow.
Townes.
Townley.
Townshend.
Trachtenberg.
Tracy.
Trajano.
Trammell.
Trani.
Travanti.
Travers.
Travis.
Travolta.
Treacher.
Trebek.
Tremain.
Trevino.
Trevor.
Trevor.
Trevor.
Tristan.
Trowbridge.
Trower.
Truman.
Truman.
Trumbull.
Trump.
Truth.
Tse-tung.
Tsui.
Tsui.
Tsutomu.
Tsuyoshi.
Tubman.
Tucci.
Tucker.
Tune.
Tupper.
Turing.
Turlington.
Turner.
Turner.
Turturro.
Tusser.
Tutu.
Twain.
Twitty.
Tyler.
Tyler.
Tyler.
Tyler.
Tyson.
Tyson.
Uchida.
Uecker.
Uggams.
Uhland.
Ullman.
Ullmann.
Ulrich.
Ulrich.
Ulvaeus.
Unamuno.
Underwood.
Unitas.
Unser.
Unsworth.
Updike.
Updike.
Urban.
Urich.
Uris.
Usher.
Usteri.
Ustinov.
VIII.
Vaca.
Vaccaro.
Valdivia.
Valens.
Valentine.
Valentino.
Valenzuela.
Valle.
Vallee.
Vallee.
Vallejo.
Valli.
Vance.
Vanderbilt.
Vanessa.
Vaughan.
Vaughn.
Vauvenargues.
Vedder.
Vega.
Venning.
Ventura.
Venturi.
Verdi.
Verdon.
Vereen.
Verhoeven.
Vermeer.
Verne.
Versace.
Vichy-Chamrond.
Victor.
Victoria.
Vidal.
Vie.
Vieuzac.
Vigoda.
Villa.
Villon.
Vincent.
Vinci.
Vinton.
Vitale.
Vitito.
Vivaldi.
Vleck.
Voight.
Voltaire.
Vonnegut.
Vonnegut.
Vumbacco.
Waals.
Wade.
Wadlow.
Waggoner.
Wagner.
Wagoner.
Wahlberg.
Wales.
Walesa.
Walken.
Walker.
Walker.
Wallace.
Wallach.
Wallenberg.
Waller.
Walpole.
Walsh.
Walston.
Walter.
Walters.
Walton.
Waltrip.
Wambaugh.
Wambold.
Wapner.
Ward.
Ward.
Warden.
Wardinski.
Wardrop.
Warhol.
Warmenhoven.
Warner.
Warner.
Warren.
Warton.
Warwick.
Washington.
Washington.
Washow.
Waterman.
Waters.
Waters.
Waterston.
Watson.
Watson.
Watt.
Watterson.
Watts.
Wayans.
Wayne.
Weatherup.
Weaver.
Weaver.
Webb.
Webb.
Webber.
Webster.
Wee.
Weelden.
Weiland.
Weill.
Weinbach.
Weinberg.
Weiss.
Weissmuller.
Welch.
Welch.
Weld.
Weldon.
Welk.
Welles.
Wellesley.
Wellingtons.
Wellman.
Wells.
Welty.
Wendt.
Wendt.
Werner.
Wert.
Wesley.
Wesley.
West.
West.
Westerberg.
Westheimer.
Westinghouse.
Weston.
Wexler.
Wexner.
Wheaton.
Wheeler.
Wheeler.
Whisler.
Whitacre.
White.
White.
White.
Whitehead.
Whitman.
Whitman.
Whitmore.
Whittaker.
Whittier.
Whittle.
Whitwam.
Whyte-Melville.
Wickham.
Widmark.
Wien.
Wiest.
Wigdale.
Wigner.
Wilcox.
Wilcox.
Wilde.
Wilder.
Wiley.
Wilkins.
Wilkinson.
Willey.
William.
William.
Williams.
Williams.
Williams.
Williams-Ellis.
Williamson.
Williamson.
Williamson.
Willis.
Wilmers.
Wilmot.
Wilson.
Wilson.
Wilson.
Winchell.
Windom.
Windsor.
Winfield.
Winfrey.
Winger.
Winkler.
Winningham.
Winslet.
Winsor.
Winter.
Winters.
Winthrop.
Winton.
Winwood.
Wise.
Wither.
Witherspoon.
Wittig.
Wolcot.
Wolfe.
Wolff.
Womack.
Wonder.
Wood.
Wooden.
Woodring.
Woods.
Woodward.
Woodward.
Woodworth.
Woolf.
Woolsey.
Wordsworth.
Workers.
Worley.
Wotton.
Wow.
Wozniak.
Wray.
Wren.
Wright.
Wright.
Wright.
Wrigley.
Wyatt.
Wyeth.
Wyle.
Wyman.
Wynette.
Wynn.
Xiaoping.
Yamaguchi.
Yang.
Yankovic.
Yankowski.
Yarborough.
Yarrow.
Yastrzemski.
Yasushi.
Yeager.
Yeats.
Yeltsin.
Yemenidjian.
Yeoh.
Yoko.
York.
Yorke.
Yoshikazu.
Yost.
Yost.
Yothers.
Young.
Young.
Younger.
Youngman.
Yount.
Yuen.
Yukawa.
Yumi.
Yun-Fat.
Yurizinov.
Yzerman.
Zachary.
Zadora.
Zaharias.
Zahn.
Zandman.
Zane.
Zangwill.
Zapata.
Zappa.
Zavatsky.
Zebeck.
Zech.
Zeeman.
Zeffirelli.
Zelazny.
Zellweger.
Zemeckis.
Zemin.
Zerbe.
Zernike.
Zeta-Jones.
Zhang.
Ziering.
Zima.
Zimbalist.
Zimmerman.
Zollars.
Zorrilla.
Zucaro.
Zwillman.
