James
John
Robert
Michael
William
David
Richard
Charles
Joseph
Thomas
Christopher
Daniel
Paul
Donald
George
Kenneth
Steven
Edward
Brian
Ronald
Anthony
Kevin
Jason
Matthew
Gary
Timothy
Jose
Larry
Jeffrey
Frank
Scott
Eric
Stephen
Andrew
Raymond
Gregory
Joshua
Jerry
Dennis
Walter
Patrick
Peter
Harold
Douglas
Henry
Carl
Arthur
Ryan
Roger
Joe
Juan
Jack
Albert
Jonathan
Justin
Terry
Gerald
Keith
Samuel
Willie
Ralph
Lawrence
Nicholas
Roy
Benjamin
Bruce
Brandon
Adam
Harry
Fred
Wayne
Billy
Steve
Louis
Jeremy
Aaron
Randy
Howard
Eugene
Carlos
Russell
Bobby
Victor
Martin
Ernest
Phillip
Todd
Jesse
Craig
Alan
Shawn
Clarence
Sean
Philip
Chris
Johnny
Earl
Jimmy
Antonio
Danny
Bryan
Tony
Luis
Mike
Stanley
Leonard
Nathan
Dale
Manuel
Rodney
Curtis
Norman
Allen
Marvin
Vincent
Glenn
Jeffery
Travis
Jeff
Chad
Jacob
Lee
Melvin
Alfred
Kyle
Francis
Bradley
Jesus
Herbert
Frederick
Ray
Joel
Edwin
Don
Eddie
Ricky
Troy
Randall
Barry
Alexander
Bernard
Mario
Leroy
Francisco
Marcus
Micheal
Theodore
Clifford
Miguel
Oscar
Jay
Jim
Tom
Calvin
Alex
Jon
Ronnie
Lloyd
Tommy
Leon
Derek
Warren
Darrell
Jerome
Floyd
Leo
Alvin
Tim
Wesley
Gordon
Dean
Greg
Jorge
Dustin
Pedro
Derrick
Dan
Lewis
Zachary
Corey
Herman
Maurice
Vernon
Roberto
Clyde
Glen
Hector
Shane
Ricardo
Sam
Rick
Lester
Brent
Ramon
Charlie
Tyler
Gilbert
Gene
Marc
Reginald
Ruben
Brett
Angel
Nathaniel
Rafael
Leslie
Edgar
Milton
Raul
Ben
Chester
Cecil
Duane
Franklin
Andre
Elmer
Brad
Gabriel
Ron
Mitchell
Roland
Arnold
Harvey
Jared
Adrian
Karl
Cory
Claude
Erik
Darryl
Jamie
Neil
Jessie
Christian
Javier
Fernando
Clinton
Ted
Mathew
Tyrone
Darren
Lonnie
Lance
Cody
Julio
Kelly
Kurt
Allan
Nelson
Clayton
Hugh
Dwayne
Dwight
Armando
Felix
Jimmie
Everett
Jordan
Ian
Wallace
Ken
Bob
Jaime
Casey
Alfredo
Alberto
Dave
Ivan
Johnnie
Sidney
Byron
Julian
Isaac
Morris
Clifton
Willard
Daryl
Ross
Virgil
Andy
Marshall
Salvador
Perry
Kirk
Sergio
Marion
Tracy
Seth
Kent
Terrance
Rene
Eduardo
Terrence
Enrique
Freddie
Wade
Austin
Stuart
Fredrick
Arturo
Alejandro
Jackie
Joey
Nick
Luther
Wendell
Jeremiah
Evan
Julius
Dana
Donnie
Otis
Shannon
Trevor
Oliver
Luke
Homer
Gerard
Doug
Kenny
Hubert
Angelo
Shaun
Lyle
Matt
Lynn
Alfonso
Orlando
Rex
Carlton
Ernesto
Cameron
Neal
Pablo
Lorenzo
Omar
Wilbur
Blake
Grant
Horace
Roderick
Kerry
Abraham
Willis
Rickey
Jean
Ira
Andres
Cesar
Johnathan
Malcolm
Rudolph
Damon
Kelvin
Rudy
Preston
Alton
Archie
Marco
Wm
Pete
Randolph
Garry
Geoffrey
Jonathon
Felipe
Bennie
Gerardo
Ed
Dominic
Robin
Loren
Delbert
Colin
Guillermo
Earnest
Lucas
Benny
Noel
Spencer
Rodolfo
Myron
Edmund
Garrett
Salvatore
Cedric
Lowell
Gregg
Sherman
Wilson
Devin
Sylvester
Kim
Roosevelt
Israel
Jermaine
Forrest
Wilbert
Leland
Simon
Guadalupe
Clark
Irving
Carroll
Bryant
Owen
Rufus
Woodrow
Sammy
Kristopher
Mack
Levi
Marcos
Gustavo
Jake
Lionel
Marty
Taylor
Ellis
Dallas
Gilberto
Clint
Nicolas
Laurence
Ismael
Orville
Drew
Jody
Ervin
Dewey
Wilfred
Josh
Hugo
Ignacio
Caleb
Tomas
Sheldon
Erick
Frankie
Stewart
Doyle
Darrel
Rogelio
Terence
Santiago
Alonzo
Elias
Bert
Elbert
Ramiro
Conrad
Pat
Noah
Grady
Phil
Cornelius
Lamar
Rolando
Clay
Percy
Dexter
Bradford
Merle
Darin
Amos
Terrell
Moses
Irvin
Saul
Roman
Darnell
Randal
Tommie
Timmy
Darrin
Winston
Brendan
Toby
Van
Abel
Dominick
Boyd
Courtney
Jan
Emilio
Elijah
Cary
Domingo
Santos
Aubrey
Emmett
Marlon
Emanuel
Jerald
Edmond
Emil
Dewayne
Otto
Teddy
Reynaldo
Bret
Morgan
Jess
Trent
Humberto
Emmanuel
Stephan
Louie
Vicente
Lamont
Stacy
Garland
Micah
Efrain
Billie
Logan
Heath
Rodger
Harley
Demetrius
Ethan
Eldon
Rocky
Pierre
Freddy
Eli
Bryce
Antoine
Robbie
Kendall
Royce
Sterling
Mickey
Chase
Grover
Elton
Cleveland
Dylan
Chuck
Damian
Reuben
Stan
August
Leonardo
Jasper
Russel
Erwin
Benito
Hans
Monte
Blaine
Ernie
Curt
Quentin
Agustin
Murray
Jamal
Devon
Adolfo
Harrison
Tyson
Burton
Brady
Elliott
Wilfredo
Bart
Jarrod
Vance
Denis
Damien
Joaquin
Harlan
Desmond
Elliot
Darwin
Ashley
Gregorio
Buddy
Xavier
Kermit
Roscoe
Esteban
Anton
Solomon
Scotty
Norbert
Elvin
Williams
Nolan
Carey
Rod
Quinton
Hal
Brain
Rob
Elwood
Kendrick
Darius
Moises
Son
Marlin
Fidel
Thaddeus
Cliff
Marcel
Ali
Jackson
Raphael
Bryon
Armand
Alvaro
Jeffry
Dane
Joesph
Thurman
Ned
Sammie
Rusty
Michel
Monty
Rory
Fabian
Reggie
Mason
Graham
Kris
Isaiah
Vaughn
Gus
Avery
Loyd
Diego
Alexis
Adolph
Norris
Millard
Rocco
Gonzalo
Derick
Rodrigo
Gerry
Stacey
Carmen
Wiley
Rigoberto
Alphonso
Ty
Shelby
Rickie
Noe
Vern
Bobbie
Reed
Jefferson
Elvis
Bernardo
Mauricio
Hiram
Donovan
Basil
Riley
Ollie
Nickolas
Maynard
Scot
Vince
Quincy
Eddy
Sebastian
Federico
Ulysses
Heriberto
Donnell
Cole
Denny
Davis
Gavin
Emery
Ward
Romeo
Jayson
Dion
Dante
Clement
Coy
Odell
Maxwell
Jarvis
Bruno
Issac
Mary
Dudley
Brock
Sanford
Colby
Carmelo
Barney
Nestor
Hollis
Stefan
Donny
Linwood
Beau
Weldon
Galen
Isidro
Truman
Delmar
Johnathon
Silas
Frederic
Dick
Kirby
Irwin
Cruz
Merlin
Merrill
Charley
Marcelino
Harris
Cleo
Carlo
Trenton
Kurtis
Hunter
Aurelio
Winfred
Vito
Collin
Denver
Carter
Leonel
Emory
Pasquale
Mohammad
Mariano
Danial
Blair
Landon
Dirk
Branden
Adan
Clair
Buford
German
Bernie
Wilmer
Joan
Emerson
Zachery
Fletcher
Jacques
Errol
Dalton
Monroe
Josue
Dominique
Edwardo
Booker
Wilford
Sonny
Shelton
Carson
Theron
Raymundo
Daren
Tristan
Houston
Robby
Lincoln
Jame
Genaro
Gale
Bennett
Octavio
Cornell
Laverne
Hung
Arron
Antony
Herschel
Alva
Giovanni
Garth
Cyrus
Cyril
Ronny
Stevie
Lon
Freeman
Erin
Duncan
Kennith
Carmine
Augustine
Erich
Chadwick
Wilburn
Russ
Reid
Myles
Anderson
Morton
Jonas
Forest
Mitchel
Mervin
Zane
Jamel
Lazaro
Alphonse
Randell
Johnie
Jarrett
Brooks
Ariel
Abdul
Dusty
Luciano
Lindsey
Tracey
Seymour
Scottie
Eugenio
Mohammed
Sandy
Valentin
Chance
Arnulfo
Lucien
Ferdinand
Thad
Ezra
Sydney
Aldo
Rubin
Mitch
Earle
Abe
Wyatt
Marquis
Lanny
Kareem
Jamar
Boris
Isiah
Emile
Elmo
Aron
Leopoldo
Everette
Josef
Gail
Eloy
Dorian
Rodrick
Reinaldo
Lucio
Jerrod
Weston
Hershel
Barton
Parker
Lemuel
Lavern
Burt
Jules
Gil
Eliseo
Ahmad
Nigel
Efren
Antwan
Alden
Margarito
Coleman
Refugio
Dino
Osvaldo
Les
Deandre
Normand
Kieth
Ivory
Andrea
Trey
Norberto
Napoleon
Jerold
Fritz
Rosendo
Milford
Sang
Deon
Christoper
Alfonzo
Lyman
Josiah
Brant
Wilton
Rico
Jamaal
Dewitt
Carol
Brenton
Yong
Olin
Faustino
Claudio
Judson
Gino
Edgardo
Berry
Alec
Tanner
Jarred
Donn
Trinidad
Tad
Shirley
Prince
Porfirio
Odis
Maria
Lenard
Chauncey
Chang
Tod
Mel
Marcelo
Kory
Augustus
Keven
Hilario
Bud
Sal
Rosario
Orval
Mauro
Dannie
Zachariah
Olen
Anibal
Milo
Jed
Frances
Thanh
Dillon
Amado
Newton
Connie
Lenny
Tory
Richie
Lupe
Horacio
Brice
Mohamed
Delmer
Dario
Reyes
Dee
Mac
Jonah
Jerrold
Robt
Hank
Sung
Rupert
Rolland
Kenton
Damion
Chi
Antone
Waldo
Fredric
Bradly
Quinn
Kip
Burl
Walker
Tyree
Jefferey
Ahmed
Willy
Stanford
Oren
Noble
Moshe
Mikel
Enoch
Brendon
Quintin
Jamison
Florencio
Darrick
Tobias
Minh
Hassan
Giuseppe
Demarcus
Cletus
Tyrell
Lyndon
Keenan
Werner
Theo
Geraldo
Lou
Columbus
Chet
Bertram
Markus
Huey
Hilton
Dwain
Donte
Tyron
Omer
Isaias
Hipolito
Fermin
Chung
Adalberto
Valentine
Jamey
Bo
Barrett
Whitney
Teodoro
Mckinley
Maximo
Garfield
Sol
Raleigh
Lawerence
Abram
Rashad
Emmitt
Daron
Chong
Samual
Paris
Otha
Miquel
Lacy
Eusebio
Dong
Domenic
Darron
Buster
Antonia
Wilber
Renato
Jc
Hoyt
Haywood
Ezekiel
Chas
Florentino
Elroy
Clemente
Arden
Neville
Kelley
Edison
Deshawn
Carrol
Shayne
Nathanial
Jordon
Danilo
Claud
Val
Sherwood
Raymon
Rayford
Cristobal
Ambrose
Titus
Hyman
Felton
Ezequiel
Erasmo
Stanton
Lonny
Len
Ike
Milan
Lino
Jarod
Herb
Andreas
Walton
Rhett
Palmer
Jude
Douglass
Cordell
Oswaldo
Ellsworth
Virgilio
Toney
Nathanael
Del
Britt
Benedict
Mose
Hong
Leigh
Johnson
Isreal
Gayle
Garret
Fausto
Asa
Arlen
Zack
Warner
Modesto
Francesco
Manual
Jae
Gaylord
Gaston
Filiberto
Deangelo
Michale
Granville
Wes
Malik
Zackary
Tuan
Nicky
Eldridge
Cristopher
Cortez
Antione
Malcom
Korey
Jospeh
Colton
Waylon
Von
Hosea
Shad
Santo
Rudolf
Rolf
Rey
Renaldo
Marcellus
Lucius
Lesley
Kristofer
Boyce
Bentonkasey
Jewell
Hayden
Harland
Arnoldo
Rueben
Leandro
Kraig
Jerrell
Jeromy
Hobert
Cedrick
Arlie
Winford
Wally
Patricia
Luigi
Keneth
Jacinto
Graig
Franklyn
Edmundo
Sid
Porter
Leif
Lauren
Jeramy
Elisha
Buck
Willian
Vincenzo
Shon
Michal
Lynwood
Lindsay
Jewel
Jere
Hai
Elden
Dorsey
Darell
Broderick
Alonso
Mary
Patricia
Linda
Barbara
Elizabeth
Jennifer
Maria
Susan
Margaret
Dorothy
Lisa
Nancy
Karen
Betty
Helen
Sandra
Donna
Carol
Ruth
Sharon
Michelle
Laura
Sarah
Kimberly
Deborah
Jessica
Shirley
Cynthia
Angela
Melissa
Brenda
Amy
Anna
Rebecca
Virginia
Kathleen
Pamela
Martha
Debra
Amanda
Stephanie
Carolyn
Christine
Marie
Janet
Catherine
Frances
Ann
Joyce
Diane
Alice
Julie
Heather
Teresa
Doris
Gloria
Evelyn
Jean
Cheryl
Mildred
Katherine
Joan
Ashley
Judith
Rose
Janice
Kelly
Nicole
Judy
Christina
Kathy
Theresa
Beverly
Denise
Tammy
Irene
Jane
Lori
Rachel
Marilyn
Andrea
Kathryn
Louise
Sara
Anne
Jacqueline
Wanda
Bonnie
Julia
Ruby
Lois
Tina
Phyllis
Norma
Paula
Diana
Annie
Lillian
Emily
Robin
Peggy
Crystal
Gladys
Rita
Dawn
Connie
Florence
Tracy
Edna
Tiffany
Carmen
Rosa
Cindy
Grace
Wendy
Victoria
Edith
Kim
Sherry
Sylvia
Josephine
Thelma
Shannon
Sheila
Ethel
Ellen
Elaine
Marjorie
Carrie
Charlotte
Monica
Esther
Pauline
Emma
Juanita
Anita
Rhonda
Hazel
Amber
Eva
Debbie
April
Leslie
Clara
Lucille
Jamie
Joanne
Eleanor
Valerie
Danielle
Megan
Alicia
Suzanne
Michele
Gail
Bertha
Darlene
Veronica
Jill
Erin
Geraldine
Lauren
Cathy
Joann
Lorraine
Lynn
Sally
Regina
Erica
Beatrice
Dolores
Bernice
Audrey
Yvonne
Annette
June
Samantha
Marion
Dana
Stacy
Ana
Renee
Ida
Vivian
Roberta
Holly
Brittany
Melanie
Loretta
Yolanda
Jeanette
Laurie
Katie
Kristen
Vanessa
Alma
Sue
Elsie
Beth
Jeanne
Vicki
Carla
Tara
Rosemary
Eileen
Terri
Gertrude
Lucy
Tonya
Ella
Stacey
Wilma
Gina
Kristin
Jessie
Natalie
Agnes
Vera
Willie
Charlene
Bessie
Delores
Melinda
Arlene
Maureen
Colleen
Allison
Tamara
Joy
Georgia
Constance
Lillie
Claudia
Jackie
Marcia
Tanya
Nellie
Minnie
Marlene
Heidi
Glenda
Lydia
Viola
Courtney
Marian
Stella
Caroline
Dora
Jo
Vickie
Mattie
Terry
Maxine
Irma
Mabel
Marsha
Myrtle
Lena
Christy
Deanna
Patsy
Hilda
Gwendolyn
Jennie
Nora
Margie
Nina
Cassandra
Leah
Kay
Priscilla
Naomi
Carole
Brandy
Olga
Billie
Dianne
Tracey
Leona
Jenny
Felicia
Sonia
Miriam
Velma
Becky
Bobbie
Violet
Kristina
Toni
Misty
Mae
Shelly
Daisy
Ramona
Sherri
Erika
Katrina
Claire
Lindsey
Lindsay
Geneva
Guadalupe
Belinda
Margarita
Sheryl
Cora
Faye
Ada
Natasha
Sabrina
Isabel
Marguerite
Hattie
Harriet
Molly
Cecilia
Kristi
Brandi
Blanche
Sandy
Rosie
Joanna
Iris
Eunice
Angie
Inez
Lynda
Madeline
Amelia
Alberta
Genevieve
Monique
Jodi
Janie
Maggie
Kayla
Sonya
Jan
Lee
Kristine
Candace
Fannie
Maryann
Opal
Alison
Yvette
Melody
Luz
Susie
Olivia
Flora
Shelley
Kristy
Mamie
Lula
Lola
Verna
Beulah
Antoinette
Candice
Juana
Jeannette
Pam
Kelli
Hannah
Whitney
Bridget
Karla
Celia
Latoya
Patty
Shelia
Gayle
Della
Vicky
Lynne
Sheri
Marianne
Kara
Jacquelyn
Erma
Blanca
Myra
Leticia
Pat
Krista
Roxanne
Angelica
Johnnie
Robyn
Francis
Adrienne
Rosalie
Alexandra
Brooke
Bethany
Sadie
Bernadette
Traci
Jody
Kendra
Jasmine
Nichole
Rachael
Chelsea
Mable
Ernestine
Muriel
Marcella
Elena
Krystal
Angelina
Nadine
Kari
Estelle
Dianna
Paulette
Lora
Mona
Doreen
Rosemarie
Angel
Desiree
Antonia
Hope
Ginger
Janis
Betsy
Christie
Freda
Mercedes
Meredith
Lynette
Teri
Cristina
Eula
Leigh
Meghan
Sophia
Eloise
Rochelle
Gretchen
Cecelia
Raquel
Henrietta
Alyssa
Jana
Kelley
Gwen
Kerry
Jenna
Tricia
Laverne
Olive
Alexis
Tasha
Silvia
Elvira
Casey
Delia
Sophie
Kate
Patti
Lorena
Kellie
Sonja
Lila
Lana
Darla
May
Mindy
Essie
Mandy
Lorene
Elsa
Josefina
Jeannie
Miranda
Dixie
Lucia
Marta
Faith
Lela
Johanna
Shari
Camille
Tami
Shawna
Elisa
Ebony
Melba
Ora
Nettie
Tabitha
Ollie
Jaime
Winifred
Kristie
Marina
Alisha
Aimee
Rena
Myrna
Marla
Tammie
Latasha
Bonita
Patrice
Ronda
Sherrie
Addie
Francine
Deloris
Stacie
Adriana
Cheri
Shelby
Abigail
Celeste
Jewel
Cara
Adele
Rebekah
Lucinda
Dorthy
Chris
Effie
Trina
Reba
Shawn
Sallie
Aurora
Lenora
Etta
Lottie
Kerri
Trisha
Nikki
Estella
Francisca
Josie
Tracie
Marissa
Karin
Brittney
Janelle
Lourdes
Laurel
Helene
Fern
Elva
Corinne
Kelsey
Ina
Bettie
Elisabeth
Aida
Caitlin
Ingrid
Iva
Eugenia
Christa
Goldie
Cassie
Maude
Jenifer
Therese
Frankie
Dena
Lorna
Janette
Latonya
Candy
Morgan
Consuelo
Tamika
Rosetta
Debora
Cherie
Polly
Dina
Jewell
Fay
Jillian
Dorothea
Nell
Trudy
Esperanza
Patrica
Kimberley
Shanna
Helena
Carolina
Cleo
Stefanie
Rosario
Ola
Janine
Mollie
Lupe
Alisa
Lou
Maribel
Susanne
Bette
Susana
Elise
Cecile
Isabelle
Lesley
Jocelyn
Paige
Joni
Rachelle
Leola
Daphne
Alta
Ester
Petra
Graciela
Imogene
Jolene
Keisha
Lacey
Glenna
Gabriela
Keri
Ursula
Lizzie
Kirsten
Shana
Adeline
Mayra
Jayne
Jaclyn
Gracie
Sondra
Carmela
Marisa
Rosalind
Charity
Tonia
Beatriz
Marisol
Clarice
Jeanine
Sheena
Angeline
Frieda
Lily
Robbie
Shauna
Millie
Claudette
Cathleen
Angelia
Gabrielle
Autumn
Katharine
Summer
Jodie
Staci
Lea
Christi
Jimmie
Justine
Elma
Luella
Margret
Dominique
Socorro
Rene
Martina
Margo
Mavis
Callie
Bobbi
Maritza
Lucile
Leanne
Jeannine
Deana
Aileen
Lorie
Ladonna
Willa
Manuela
Gale
Selma
Dolly
Sybil
Abby
Lara
Dale
Ivy
Dee
Winnie
Marcy
Luisa
Jeri
Magdalena
Ofelia
Meagan
Audra
Matilda
Leila
Cornelia
Bianca
Simone
Bettye
Randi
Virgie
Latisha
Barbra
Georgina
Eliza
Leann
Bridgette
Rhoda
Haley
Adela
Nola
Bernadine
Flossie
Ila
Greta
Ruthie
Nelda
Minerva
Lilly
Terrie
Letha
Hilary
Estela
Valarie
Brianna
Rosalyn
Earline
Catalina
Ava
Mia
Clarissa
Lidia
Corrine
Alexandria
Concepcion
Tia
Sharron
Rae
Dona
Ericka
Jami
Elnora
Chandra
Lenore
Neva
Marylou
Melisa
Tabatha
Serena
Avis
Allie
Sofia
Jeanie
Odessa
Nannie
Harriett
Loraine
Penelope
Milagros
Emilia
Benita
Allyson
Ashlee
Tania
Tommie
Esmeralda
Karina
Eve
Pearlie
Zelma
Malinda
Noreen
Tameka
Saundra
Hillary
Amie
Althea
Rosalinda
Jordan
Lilia
Alana
Gay
Clare
Alejandra
Elinor
Michael
Lorrie
Jerri
Darcy
Earnestine
Carmella
Taylor
Noemi
Marcie
Liza
Annabelle
Louisa
Earlene
Mallory
Carlene
Nita
Selena
Tanisha
Katy
Julianne
John
Lakisha
Edwina
Maricela
Margery
Kenya
Dollie
Roxie
Roslyn
Kathrine
Nanette
Charmaine
Lavonne
Ilene
Kris
Tammi
Suzette
Corine
Kaye
Jerry
Merle
Chrystal
Lina
Deanne
Lilian
Juliana
Aline
Luann
Kasey
Maryanne
Evangeline
Colette
Melva
Lawanda
Yesenia
Nadia
Madge
Kathie
Eddie
Ophelia
Valeria
Nona
Mitzi
Mari
Georgette
Claudine
Fran
Alissa
Roseann
Lakeisha
Susanna
Reva
Deidre
Chasity
Sheree
Carly
James
Elvia
Alyce
Deirdre
Gena
Briana
Araceli
Katelyn
Rosanne
Wendi
Tessa
Berta
Marva
Imelda
Marietta
Marci
Leonor
Arline
Sasha
Madelyn
Janna
Juliette
Deena
Aurelia
Josefa
Augusta
Liliana
Young
Christian
Lessie
Amalia
Savannah
Anastasia
Vilma
Natalia
Rosella
Lynnette
Corina
Alfreda
Leanna
Carey
Amparo
Coleen
Tamra
Aisha
Wilda
Karyn
Cherry
Maura
Mai
Evangelina
Rosanna
Hallie
Erna
Enid
Mariana
Lacy
Juliet
Jacklyn
Freida
Madeleine
Mara
Hester
Cathryn
Lelia
Casandra
Bridgett
Angelita
Jannie
Dionne
Annmarie
Katina
Beryl
Phoebe
Millicent
Katheryn
Diann
Carissa
Maryellen
Liz
Lauri
Helga
Gilda
Adrian
Rhea
Marquita
Hollie
Tisha
Tamera
Angelique
Francesca
Britney
Kaitlin
Lolita
Florine
Rowena
Reyna
Twila
Fanny
Janell
Ines
Concetta
Bertie
Alba
Brigitte
Alyson
Vonda
Pansy
Elba
Noelle
Letitia
Kitty
Deann
Brandie
Louella
Leta
Felecia
Sharlene
Lesa
Beverley
Robert
Isabella
Herminia
Terra
Celina
Tori
Octavia
Jade
Denice
Germaine
Sierra
Michell
Cortney
Nelly
Doretha
Sydney
Deidra
Monika
Lashonda
Judi
Chelsey
Antionette
Margot
Bobby
Adelaide
Nan
Leeann
Elisha
Dessie
Libby
Kathi
Gayla
Latanya
Mina
Mellisa
Kimberlee
Jasmin
Renae
Zelda
Elda
Ma
Justina
Gussie
Emilie
Camilla
Abbie
Rocio
Kaitlyn
Jesse
Edythe
Ashleigh
Selina
Lakesha
Geri
Allene
Pamala
Michaela
Dayna
Caryn
Rosalia
Jacquline
Rebeca
Marybeth
Krystle
Iola
Dottie
Bennie
Belle
Aubrey
Griselda
Ernestina
Elida
Adrianne
Demetria
Delma
Chong
Jaqueline
Destiny
Arleen
Virgina
Retha
Fatima
Tillie
Eleanore
Cari
Treva
Birdie
Wilhelmina
Rosalee
Maurine
Latrice
Yong
Jena
Taryn
Elia
Debby
Maudie
Jeanna
Delilah
Catrina
Shonda
Hortencia
Theodora
Teresita
Robbin
Danette
Maryjane
Freddie
Delphine
Brianne
Nilda
Danna
Cindi
Bess
Iona
Hanna
Ariel
Winona
Vida
Rosita
Marianna
William
Racheal
Guillermina
Eloisa
Celestine
Caren
Malissa
Lona
Chantel
Shellie
Marisela
Leora
Agatha
Soledad
Migdalia
Ivette
Christen
Athena
Janel
Chloe
Veda
Pattie
Tessie
Tera
Marilynn
Lucretia
Karrie
Dinah
Daniela
Alecia
Adelina
Vernice
Shiela
Portia
Merry
Lashawn
Devon
Dara
Tawana
Oma
Verda
Christin
Alene
Zella
Sandi
Rafaela
Maya
Kira
Candida
Alvina
Suzan
Shayla
Lyn
Lettie
Alva
Samatha
Oralia
Matilde
Madonna
Larissa
Vesta
Renita
India
Delois
Shanda
Phillis
Lorri
Erlinda
Cruz
Cathrine
Barb
Zoe
Isabell
Ione
Gisela
Charlie
Valencia
Roxanna
Mayme
Kisha
Ellie
Mellissa
Dorris
Dalia
Bella
Annetta
Zoila
Reta
Reina
Lauretta
Kylie
Christal
Pilar
Charla
Elissa
Tiffani
Tana
Paulina
Leota
Breanna
Jayme
Carmel
Vernell
Tomasa
Mandi
Dominga
Santa
Melodie
Lura
Alexa
Tamela
Ryan
Mirna
Kerrie
Venus
Noel
Felicita
Cristy
Carmelita
Berniece
Annemarie
Tiara
Roseanne
Missy
Cori
Roxana
Pricilla
Kristal
Jung
Elyse
Haydee
Aletha
Bettina
Marge
Gillian
Filomena
Charles
Zenaida
Harriette
Caridad
Vada
Una
Aretha
Pearline
Marjory
Marcela
Flor
Evette
Elouise
Alina
Trinidad
David
Damaris
Catharine
Carroll
Belva
Nakia
Marlena
Luanne
Lorine
Karon
Dorene
Danita
Brenna
Tatiana
Sammie
Louann
Loren
Julianna
Andria
Philomena
Lucila
Leonora
Dovie
Romona
Mimi
Jacquelin
Gaye
Tonja
Misti
Joe
Gene
Chastity
Stacia
Roxann
Micaela
Nikita
Mei
Velda
Marlys
Johnna
Aura
Lavern
Ivonne
Hayley
Nicki
Majorie
Herlinda
George
Alpha
Yadira
Perla
Gregoria
Daniel
Antonette
Shelli
Mozelle
Mariah
Joelle
Cordelia
Josette
Chiquita
Trista
Louis
Laquita
Georgiana
Candi
Shanon
Lonnie
Hildegard
Cecil
Valentina
Stephany
Magda
Karol
Gerry
Gabriella
Tiana
Roma
Richelle
Ray
Princess
Oleta
Jacque
Idella
Alaina
Suzanna
Jovita
Blair
Tosha
Raven
Nereida
Marlyn
Kyla
Joseph
Delfina
Tena
Stephenie
Sabina
Nathalie
Marcelle
Gertie
Darleen
Thea
Sharonda
Shantel
Belen
Venessa
Rosalina
Ona
Genoveva
Corey
Clementine
Rosalba
Renate
Renata
Mi
Ivory
Georgianna
Floy
Dorcas
Ariana
Tyra
Theda
Mariam
Juli
Jesica
Donnie
Vikki
Verla
Roselyn
Melvina
Jannette
Ginny
Debrah
Corrie
Asia
Violeta
Myrtis
Latricia
Collette
Charleen
Anissa
Viviana
Twyla
Nedra
Latonia
Lan
Hellen
Fabiola
Annamarie
Adell
Sharyn
Chantal
Niki
Maud
Lizette
Lindy
Kia
Kesha
Jeana
Danelle
Charline
Chanel
Carrol
Valorie
Lia
Dortha
Cristal
Leone
Leilani
Gerri
Debi
Andra
Keshia
Ima
Eulalia
Easter
Dulce
Natividad
Linnie
Kami
Georgie
Catina
Brook
Alda
Winnifred
Sharla
Ruthann
Meaghan
Magdalene
Lissette
Adelaida
Venita
Trena
Shirlene
Shameka
Elizebeth
Dian
Shanta
Mickey
Latosha
Carlotta
Windy
Rosina
Mariann
Leisa
Jonnie
Dawna
Cathie
Billy
Astrid
Sidney
Laureen
Janeen
Holli
Fawn
Vickey
Teressa
Shante
Rubye
Marcelina
Chanda
Cary
Terese
Scarlett
Marty
Marnie
Lulu
Lisette
Jeniffer
Elenor
Dorinda
Donita
Carman
Bernita
Altagracia
Aleta
Adrianna
Zoraida
Ronnie
Nicola
Lyndsey
Kendall
Janina
Chrissy
Ami
Starla
Phylis
Phuong
Kyra
Charisse
Blanch
Sanjuanita
Rona
Nanci
Marilee
Maranda
Cory
Brigette
Sanjuana
Marita
Kassandra
Joycelyn
Ira
Felipa
Chelsie
Bonny
Mireya
Lorenza
Kyong
Ileana
Candelaria
Tony
Toby
Sherie
Mark
Lucie
Leatrice
Lakeshia
Gerda
Edie
Bambi
Marylin
Lavon
Hortense
Garnet
Evie
Tressa
Shayna
Lavina
Kyung
Jeanetta
Sherrill
Shara
Phyliss
Mittie
Anabel
Alesia
Thuy
Tawanda
Richard
Joanie
Tiffanie
Lashanda
Karissa
Enriqueta
Daria
Daniella
Corinna
Alanna
Abbey
Roxane
Roseanna
Magnolia
Lida
Kyle
Joellen
Era
Coral
Carleen
Tresa
Peggie
Novella
Nila
Maybelle
Jenelle
Carina
Nova
Melina
Marquerite
Margarette
Josephina
Evonne
Devin
Cinthia
Albina
Toya
Tawnya
Sherita
Santos
Myriam
Lizabeth
Lise
Keely
Jenni
Giselle
Cheryle
Ardith
Ardis
Alesha
Adriane
Shaina
Linnea
Karolyn
Hong
Florida
Felisha
Dori
Darci
Artie
Armida
Zola
Xiomara
Vergie
Shamika
Nena
Nannette
Maxie
Lovie
Jeane
Jaimie
Inge
Farrah
Elaina
Caitlyn
Starr
Felicitas
Cherly
Caryl
Yolonda
Yasmin
Teena
Prudence
Pennie
Nydia
Mackenzie
Orpha
Marvel
Lizbeth
Laurette
Jerrie
Hermelinda
Carolee
Tierra
Mirian
Meta
Melony
Kori
Jennette
Jamila
Ena
Anh
Yoshiko
Susannah
Salina
Rhiannon
Joleen
Cristine
Ashton
Aracely
Tomeka
Shalonda
Marti
Lacie
Kala
Jada
Ilse
Hailey
Brittani
Zona
Syble
Sherryl
Randy
Nidia
Marlo
Kandice
Kandi
Deb
Dean
America
Alycia
Tommy
Ronna
Norene
Mercy
Jose
Ingeborg
Giovanna
Gemma
Christel
Audry
Zora
Vita
Van
Trish
Stephaine
Shirlee
Shanika
Melonie
Mazie
Jazmin
Inga
Hoa
Hettie
Geralyn
Fonda
Estrella
Adella
Su
Sarita
Rina
Milissa
Maribeth
Golda
Evon
Ethelyn
Enedina
Cherise
Chana
Velva
Tawanna
Sade
Mirta
Li
Karie
Jacinta
Elna
Davina
Cierra
Ashlie
Albertha
Tanesha
Stephani
Nelle
Mindi
Lu
Lorinda
Larue
Florene
Demetra
Dedra
Ciara
Chantelle
Ashly
Suzy
Rosalva
Noelia
Lyda
Leatha
Krystyna
Kristan
Karri
Darline
Darcie
Cinda
Cheyenne
Cherrie
Awilda
Almeda
Rolanda
Lanette
Jerilyn
Gisele
Evalyn
Cyndi
Cleta
Carin
Zina
Zena
Velia
Tanika
Paul
Charissa
Thomas
Talia
Margarete
Lavonda
Kaylee
Kathlene
Jonna
Irena
Ilona
Idalia
Candis
Candance
Brandee
Anitra
Alida
Sigrid
Nicolette
Maryjo
Linette
Hedwig
Christiana
Cassidy
Alexia
Tressie
Modesta
Lupita
Lita
Gladis
Evelia
Davida
Cherri
Cecily
Ashely
Annabel
Agustina
Wanita
Shirly
Rosaura
Hulda
Eun
Bailey
Yetta
Verona
Thomasina
Sibyl
Shannan
Mechelle
Lue
Leandra
Lani
Kylee
Kandy
Jolynn
Ferne
Eboni
Corene
Alysia
Zula
Nada
Moira
Lyndsay
Lorretta
Juan
Jammie
Hortensia
Gaynell
Cameron
Adria
Vina
Vicenta
Tangela
Stephine
Norine
Nella
Liana
Leslee
Kimberely
Iliana
Glory
Felica
Emogene
Elfriede
Eden
Eartha
Carma
Bea
Ocie
Marry
Lennie
Kiara
Jacalyn
Carlota
Arielle
Yu
Star
Otilia
Kirstin
Kacey
Johnetta
Joey
Joetta
Jeraldine
Jaunita
Elana
Dorthea
Cami
Amada
Adelia
Vernita
Tamar
Siobhan
Renea
Rashida
Ouida
Odell
Nilsa
Meryl
Kristyn
Julieta
Danica
Breanne
Aurea
Anglea
Sherron
Odette
Malia
Lorelei
Lin
Leesa
Kenna
Kathlyn
Fiona
Charlette
Suzie
Shantell
Sabra
Racquel
Myong
Mira
Martine
Lucienne
Lavada
Juliann
Johnie
Elvera
Delphia
Clair
Christiane
Charolette
Carri
Augustine
Asha
Angella
Paola
Ninfa
Leda
Lai
Eda
Stefani
Shanell
Palma
Machelle
Lissa
Kecia
Kathryne
Karlene
Julissa
Jettie
Jenniffer
Hui
Corrina
Christopher
Carolann
Alena
Tess
Rosaria
Myrtice
Marylee
Liane
Kenyatta
Judie
Janey
Elmira
Eldora
Denna
Cristi
Cathi
Zaida
Vonnie
Viva
Vernie
Rosaline
Mariela
Luciana
Lesli
Karan
Felice
Deneen
Adina
Wynona
Tarsha
Sheron
Shasta
Shanita
Shani
Shandra
Randa
Pinkie
Paris
Nelida
Marilou
Lyla
Laurene
Laci
Joi
Janene
Dorotha
Daniele
Dani
Carolynn
Carlyn
Berenice
Ayesha
Anneliese
Alethea
Thersa
Tamiko
Rufina
Oliva
Mozell
Marylyn
Madison
Kristian
Kathyrn
Kasandra
Kandace
Janae
Gabriel
Domenica
Debbra
Dannielle
Chun
Buffy
Barbie
Arcelia
Aja
Zenobia
Sharen
Sharee
Patrick
Lavinia
Kum
Kacie
Jackeline
Huong
Felisa
Emelia
Eleanora
Cythia
Cristin
Clyde
Claribel
Caron
Anastacia
Zulma
Zandra
Yoko
Tenisha
Susann
Sherilyn
Shay
Shawanda
Sabine
Romana
Mathilda
Linsey
Keiko
Joana
Isela
Gretta
Georgetta
Eugenie
Dusty
Desirae
Delora
Corazon
Antonina
Anika
Willene
Tracee
Tamatha
Regan
Nichelle
Mickie
Maegan
Luana
Lanita
Kelsie
Edelmira
Bree
Afton
Teodora
Tamie
Shena
Meg
Linh
Keli
Kaci
Danyelle
Britt
Arlette
Albertine
Adelle
Tiffiny
Stormy
Simona
Nicolasa
Nichol
Nia
Nakisha
Mee
Maira
Loreen
Kizzy
Johnny
Jay
Fallon
Christene
Bobbye
Anthony
Ying
Vincenza
Tanja
Rubie
Roni
Queenie
Margarett
Kimberli
Irmgard
Idell
Hilma
Evelina
Esta
Emilee
Dennise
Dania
Carl
Carie
Antonio
Wai
Sang
Risa
Rikki
Particia
Mui
Masako
Mario
Luvenia
Loree
Loni
Lien
Kevin
Gigi
Florencia
Dorian
Denita
Dallas
Chi
Billye
Alexander
Tomika
Sharita
Rana
Nikole
Neoma
Margarite
Madalyn
Lucina
Laila
Kali
Jenette
Gabriele
Evelyne
Elenora
Clementina
Alejandrina
Zulema
Violette
Vannessa
Thresa
Retta
Pia
Patience
Noella
Nickie
Jonell
Delta
Chung
Chaya
Camelia
Bethel
Anya
Andrew
Thanh
Suzann
Spring
Shu
Mila
Lilla
Laverna
Keesha
Kattie
Gia
Georgene
Eveline
Estell
Elizbeth
Vivienne
Vallie
Trudie
Stephane
Michel
Magaly
Madie
Kenyetta
Karren
Janetta
Hermine
Harmony
Drucilla
Debbi
Celestina
Candie
Britni
Beckie
Amina
Zita
Yun
Yolande
Vivien
Vernetta
Trudi
Sommer
Pearle
Patrina
Ossie
Nicolle
Loyce
Letty
Larisa
Katharina
Joselyn
Jonelle
Jenell
Iesha
Heide
Florinda
Florentina
Flo
Elodia
Dorine
Brunilda
Brigid
Ashli
Ardella
Twana
Tarah
Sung
Shea
Shavon
Shane
Serina
Rayna
Ramonita
Nga
Margurite
Lucrecia
Kourtney
Kati
Jesus
Jesenia
Crista
Ayana
Alica
Alia
Vinnie
Suellen
Romelia
Rachell
Piper
Olympia
Michiko
Kathaleen
Jolie
Jessi
Janessa
Hana
Ha
Elease
Carletta
Britany
Shona
Salome
Rosamond
Regena
Raina
Ngoc
Nelia
Louvenia
Lesia
Latrina
Laticia
Larhonda
Jina
Jacki
Hollis
Holley
Emmy
Deeann
Coretta
Arnetta
Velvet
Thalia
Shanice
Neta
Mikki
Micki
Lonna
Leana
Lashunda
Kiley
Joye
Jacqulyn
Ignacia
Hyun
Hiroko
Henry
Henriette
Elayne
Delinda
Darnell
Dahlia
Coreen
Consuela
Conchita
Celine
Babette
Ayanna
Anette
Albertina
Skye
Shawnee
Shaneka
Quiana
Pamelia
Merri
Merlene
Margit
Kiesha
Kiera
Kaylene
Jodee
Jenise
Erlene
Emmie
Daryl
Dalila
Daisey
Cody
Casie
Belia
Babara
Versie
Vanesa
Shelba
Shawnda
Sam
Norman
Nikia
Naoma
Marna
Margeret
Madaline
Lawana
Kindra
Jutta
Jazmine
Janett
Hannelore
Glendora
Gertrud
Garnett
Freeda
Frederica
Florance
Flavia
Dennis
Carline
Beverlee
Anjanette
Valda
Trinity
Tamala
Stevie
Shonna
Sha
Sarina
Oneida
Micah
Merilyn
Marleen
Lurline
Lenna
Katherin
Jin
Jeni
Hae
Gracia
Glady
Farah
Eric
Enola
Ema
Dominque
Devona
Delana
Cecila
Caprice
Alysha
Ali
Alethia
Vena
Theresia
Tawny
Shakira
Samara
Sachiko
Rachele
Pamella
Nicky
Marni
Mariel
Maren
Malisa
Ligia
Lera
Latoria
Larae
Kimber
Kathern
Karey
Jennefer
Janeth
Halina
Fredia
Delisa
Debroah
Ciera
Chin
Angelika
Andree
Altha
Yen
Vivan
Terresa
Tanna
Suk
Sudie
Soo
Signe
Salena
Ronni
Rebbecca
Myrtie
Mckenzie
Malika
Maida
Leonarda
Kayleigh
France
Ethyl
Ellyn
Dayle
Cammie
Brittni
Birgit
Avelina
Asuncion
Arianna
Akiko
Venice
Tyesha
Tonie
Tiesha
Takisha
Steffanie
Sindy
Santana
Meghann
Manda
Macie
Lady
Kellye
Kellee
Joslyn
Jason
Inger
Indira
Glinda
Glennis
Fernanda
Faustina
Eneida
Elicia
Dot
Digna
Dell
Arletta
Andre
Willia
Tammara
Tabetha
Sherrell
Sari
Refugio
Rebbeca
Pauletta
Nieves
Natosha
Nakita
Mammie
Kenisha
Kazuko
Kassie
Gary
Earlean
Daphine
Corliss
Clotilde
Carolyne
Bernetta
Augustina
Audrea
Annis
Annabell
Yan
Tennille
Tamica
Selene
Sean
Rosana
Regenia
Qiana
Markita
Macy
Leeanne
Laurine
Kym
Jessenia
Janita
Georgine
Genie
Emiko
Elvie
Deandra
Dagmar
Corie
Collen
Cherish
Romaine
Porsha
Pearlene
Micheline
Merna
Margorie
Margaretta
Lore
Kenneth
Jenine
Hermina
Fredericka
Elke
Drusilla
Dorathy
Dione
Celena
Brigida
Angeles
Allegra
Theo
Tamekia
Synthia
Stephen
Sook
Slyvia
Rosann
Reatha
Raye
Marquetta
Margart
Ling
Layla
Kymberly
Kiana
Kayleen
Katlyn
Karmen
Joella
Irina
Emelda
Eleni
Detra
Clemmie
Cheryll
Chantell
Cathey
Arnita
Arla
Angelic
Alyse
Zofia
Thomasine
Tennie
Son
Sherly
Sherley
Sharyl
Remedios
Petrina
Nickole
Myung
Myrle
Mozella
Louanne
Lisha
Latia
Krysta
Julienne
Joel
Jeanene
Jacqualine
Isaura
Gwenda
Earleen
Donald
Cleopatra
Carlie
Audie
Antonietta
Alise
Alex
Verdell
Val
Tyler
Tomoko
Thao
Talisha
Steven
Shemika
Shaun
Scarlet
Savanna
Santina
Rosia
Raeann
Odilia
Nana
Minna
Magan
Lynelle
Le
Karma
Joeann
Ivana
Inell
Ilana
Hye
Honey
Hee
Gudrun
Frank
Dreama
Crissy
Chante
Carmelina
Arvilla
Arthur
Annamae
Alvera
Aleida
Aaron
Yee
Yanira
Vanda
Tianna
Tam
Stefania
Shira
Perry
Nicol
Nancie
Monserrate
Minh
Melynda
Melany
Matthew
Lovella
Laure
Kirby
Kacy
Jacquelynn
Hyon
Gertha
Francisco
Eliana
Christena
Christeen
Charise
Caterina
Carley
Candyce
Arlena
Ammie
Yang
Willette
Vanita
Tuyet
Syreeta
Silva
Scott
Ronald
Penney
Nyla
Michal
Maurice
Maryam
Marya
Magen
Ludie
Loma
Livia
Lanell
Kimberlie
Julee
Donetta
Diedra
Denisha
Deane
Dawne
Clarine
Cherryl
Bronwyn
Brandon
Alla
Valery
Tonda
Sueann
Soraya
Shoshana
Shela
Sharleen
Shanelle
Nerissa
Micheal
Meridith
Mellie
Maye
Maple
Magaret
Luis
Lili
Leonila
Leonie
Leeanna
Lavonia
Lavera
Kristel
Kathey
Kathe
Justin
Julian
Jimmy
Jann
Ilda
Hildred
Hildegarde
Genia
Fumiko
Evelin
Ermelinda
Elly
Dung
Doloris
Dionna
Danae
Berneice
Annice
Alix
Verena
Verdie
Tristan
Shawnna
Shawana
Shaunna
Rozella
Randee
Ranae
Milagro
Lynell
Luise
Louie
Loida
Lisbeth
Karleen
Junita
Jona
Isis
Hyacinth
Hedy
Gwenn
Ethelene
Erline
Edward
Donya
Domonique
Delicia
Dannette
Cicely
Branda
Blythe
Bethann
Ashlyn
Annalee
Alline
Yuko
Vella
Trang
Towanda
Tesha
Sherlyn
Narcisa
Miguelina
Meri
Maybell
Marlana
Marguerita
Madlyn
Luna
Lory
Loriann
Liberty
Leonore
Leighann
Laurice
Latesha
Laronda
Katrice
Kasie
Karl
Kaley
Jadwiga
Glennie
Gearldine
Francina
Epifania
Dyan
Dorie
Diedre
Denese
Demetrice
Delena
Darby
Cristie
Cleora
Catarina
Carisa
Bernie
Barbera
Almeta
Trula
Tereasa
Solange
Sheilah
Shavonne
Sanora
Rochell
Mathilde
Margareta
Maia
Lynsey
Lawanna
Launa
Kena
Keena
Katia
Jamey
Glynda
Gaylene
Elvina
Elanor
Danuta
Danika
Cristen
Cordie
Coletta
Clarita
Carmon
Brynn
Azucena
Aundrea
Angele
Yi
Walter
Verlie
Verlene
Tamesha
Silvana
Sebrina
Samira
Reda
Raylene
Penni
Pandora
Norah
Noma
Mireille
Melissia
Maryalice
Laraine
Kimbery
Karyl
Karine
Kam
Jolanda
Johana
Jesusa
Jaleesa
Jae
Jacquelyne
Irish
Iluminada
Hilaria
Hanh
Gennie
Francie
Floretta
Exie
Edda
Drema
Delpha
Bev
Barbar
Assunta
Ardell
Annalisa
Alisia
Yukiko
Yolando
Wonda
Wei
Waltraud
Veta
Tequila
Temeka
Tameika
Shirleen
Shenita
Piedad
Ozella
Mirtha
Marilu
Kimiko
Juliane
Jenice
Jen
Janay
Jacquiline
Hilde
Fe
Fae
Evan
Eugene
Elois
Devorah
Chau
Brinda
Betsey
Arminda
Aracelis
Apryl
Annett
Alishia
Veola
Usha
Toshiko
Theola
Tashia
Talitha
Shery
Rudy
Renetta
Reiko
Rasheeda
Omega
Obdulia
Mika
Melaine
Meggan
Martin
Marlen
Marget
Marceline
Mana
Magdalen
Librada
Lezlie
Lexie
Latashia
Lasandra
Kelle
Isidra
Isa
Inocencia
Gwyn
Francoise
Erminia
Erinn
Dimple
Devora
Criselda
Armanda
Arie
Ariane
Angelo
Angelena
Allen
Aliza
Adriene
Adaline
Xochitl
Twanna
Tran
Tomiko
Tamisha
Taisha
Susy
Siu
Rutha
Roxy
Rhona
Raymond
Otha
Noriko
Natashia
Merrie
Melvin
Marinda
Mariko
Margert
Loris
Lizzette
Leisha
Kaila
Ka
Joannie
Jerrica
Jene
Jannet
Janee
Jacinda
Herta
Elenore
Doretta
Delaine
Daniell
Claudie
China
Britta
Apolonia
Amberly
Alease
Yuri
Yuk
Wen
Waneta
Ute
Tomi
Sharri
Sandie
Roselle
Reynalda
Raguel
Phylicia
Patria
Olimpia
Odelia
Mitzie
Mitchell
Minda
Mignon
Mica
Mendy
Marivel
Maile
Lynetta
Lavette
Lauryn
Latrisha
Lakiesha
Kiersten
Kary
Josphine
Jolyn
Jetta
Janise
Jacquie
Ivelisse
Glynis
Gianna
Gaynelle
Emerald
Demetrius
Danyell
Danille
Dacia
Coralee
Cher
Ceola
Brett
Arianne
Aleshia
Yung
Williemae
Troy
Trinh
Thora
Tai
Svetlana
Sherika
Shemeka
Shaunda
Roseline
Ricki
Melda
Mallie
Lavonna
Latina
Larry
Laquanda
Lala
Lachelle
Klara
Kandis
Johna
Jeanmarie
Jaye
Hang
Grayce
Gertude
Emerita
Ebonie
Clorinda
Ching
Chery
Carola
Breann
Blossom
Bernardine
Becki
Arletha
Argelia
Ara
Alita
Yulanda
Yon
Yessenia
Tobi
Tasia
Sylvie
Shirl
Shirely
Sheridan
Shella
Shantelle
Sacha
Royce
Rebecka
Reagan
Providencia
Paulene
Misha
Miki
Marline
Marica
Lorita
Latoyia
Lasonya
Kerstin
Kenda
Keitha
Kathrin
Jaymie
Jack
Gricelda
Ginette
Eryn
Elina
Elfrieda
Danyel
Cheree
Chanelle
Barrie
Avery
Aurore
Annamaria
Alleen
Ailene
Aide
Yasmine
Vashti
Valentine
Treasa
Tory
Tiffaney
Sheryll
Sharie
Shanae
Sau
Raisa
Pa
Neda
Mitsuko
Mirella
Milda
Maryanna
Maragret
Mabelle
Luetta
Lorina
Letisha
Latarsha
Lanelle
Lajuana
Krissy
Karly
Karena
Jon
Jessika
Jerica
Jeanelle
January
Jalisa
Jacelyn
Izola
Ivey
Gregory
Euna
Etha
Drew
Domitila
Dominica
Daina
Creola
Carli
Camie
Bunny
Brittny
Ashanti
Anisha
Aleen
Adah
Yasuko
Winter
Viki
Valrie
Tona
Tinisha
Thi
Terisa
Tatum
Taneka
Simonne
Shalanda
Serita
Ressie
Refugia
Paz
Olene
Na
Merrill
Margherita
Mandie
Man
Maire
Lyndia
Luci
Lorriane
Loreta
Leonia
Lavona
Lashawnda
Lakia
Kyoko
Krystina
Krysten
Kenia
Kelsi
Jude
Jeanice
Isobel
Georgiann
Genny
Felicidad
Eilene
Deon
Deloise
Deedee
Dannie
Conception
Clora
Cherilyn
Chang
Calandra
Berry
Armandina
Anisa
Ula
Timothy
Tiera
Theressa
Stephania
Sima
Shyla
Shonta
Shera
Shaquita
Shala
Sammy
Rossana
Nohemi
Nery
Moriah
Melita
Melida
Melani
Marylynn
Marisha
Mariette
Malorie
Madelene
Ludivina
Loria
Lorette
Loralee
Lianne
Leon
Lavenia
Laurinda
Lashon
Kit
Kimi
Keila
Katelynn
Kai
Jone
Joane
Ji
Jayna
Janella
Ja
Hue
Hertha
Francene
Elinore
Despina
Delsie
Deedra
Clemencia
Carry
Carolin
Carlos
Bulah
Brittanie
Bok
Blondell
Bibi
Beaulah
Beata
Annita
Agripina
Virgen
Valene
Un
Twanda
Tommye
Toi
Tarra
Tari
Tammera
Shakia
Sadye
Ruthanne
Rochel
Rivka
Pura
Nenita
Natisha
Ming
Merrilee
Melodee
Marvis
Lucilla
Leena
Laveta
Larita
Lanie
Keren
Ileen
Georgeann
Genna
Genesis
Frida
Ewa
Eufemia
Emely
Ela
Edyth
Deonna
Deadra
Darlena
Chanell
Chan
Cathern
Cassondra
Cassaundra
Bernarda
Berna
Arlinda
Anamaria
Albert
Wesley
Vertie
Valeri
Torri
Tatyana
Stasia
Sherise
Sherill
Scottie
Sanda
Ruthe
Rosy
Roberto
Robbi
Ranee
Quyen
Pearly
Palmira
Onita
Nisha
Niesha
Nida
Nevada
Nam
Merlyn
Mayola
Marylouise
Maryland
Marx
Marth
Margene
Madelaine
Londa
Leontine
Leoma
Leia
Lawrence
Lauralee
Lanora
Lakita
Kiyoko
Keturah
Katelin
Kareen
Jonie
Johnette
Jenee
Jeanett
Izetta
Hiedi
Heike
Hassie
Harold
Giuseppina
Georgann
Fidela
Fernande
Elwanda
Ellamae
Eliz
Dusti
Dotty
Cyndy
Coralie
Celesta
Argentina
Alverta
Xenia
Wava
Vanetta
Torrie
Tashina
Tandy
Tambra
Tama
Stepanie
Shila
Shaunta
Sharan
Shaniqua
Shae
Setsuko
Serafina
Sandee
Rosamaria
Priscila
Olinda
Nadene
Muoi
Michelina
Mercedez
Maryrose
Marin
Marcene
Mao
Magali
Mafalda
Logan
Linn
Lannie
Kayce
Karoline
Kamilah
Kamala
Justa
Joline
Jennine
Jacquetta
Iraida
Gerald
Georgeanna
Franchesca
Fairy
Emeline
Elane
Ehtel
Earlie
Dulcie
Dalene
Cris
Classie
Chere
Charis
Caroyln
Carmina
Carita
Brian
Bethanie
Ayako
Arica
Alysa
Alessandra
Akilah
Adrien
Zetta
Youlanda
Yelena
Yahaira
Xuan
Wendolyn
Victor
Tijuana
Terrell
Terina
Teresia
Suzi
Sunday
Sherell
Shavonda
Shaunte
Sharda
Shakita
Sena
Ryann
Rubi
Riva
Reginia
Rea
Rachal
Parthenia
Pamula
Monnie
Monet
Michaele
Melia
Marine
Malka
Maisha
Lisandra
Leo
Lekisha
Lean
Laurence
Lakendra
Krystin
Kortney
Kizzie
Kittie
Kera
Kendal
Kemberly
Kanisha
Julene
Jule
Joshua
Johanne
Jeffrey
Jamee
Han
Halley
Gidget
Galina
Fredricka
Fleta
Fatimah
Eusebia
Elza
Eleonore
Dorthey
Doria
Donella
Dinorah
Delorse
Claretha
Christinia
Charlyn
Bong
Belkis
Azzie
Andera
Aiko
Adena
Yer
Yajaira
Wan
Vania
Ulrike
Toshia
Tifany
Stefany
Shizue
Shenika
Shawanna
Sharolyn
Sharilyn
Shaquana
Shantay
Rozanne
Roselee
Rickie
Remona
Reanna
Raelene
Quinn
Phung
Petronila
Natacha
Nancey
Myrl
Miyoko
Miesha
Merideth
Marvella
Marquitta
Marhta
Marchelle
Lizeth
Libbie
Lahoma
Ladawn
Kina
Katheleen
Katharyn
Karisa
Kaleigh
Junie
Julieann
Johnsie
Janean
Jaimee
Jackqueline
Hisako
Herma
Helaine
Gwyneth
Glenn
Gita
Eustolia
Emelina
Elin
Edris
Donnette
Donnetta
Dierdre
Denae
Darcel
Claude
Clarisa
Cinderella
Chia
Charlesetta
Charita
Celsa
Cassy
Cassi
Carlee
Bruna
Brittaney
Brande
Billi
Bao
Antonetta
Angla
Angelyn
Analisa
Alane
Wenona
Wendie
Veronique
Vannesa
Tobie
Tempie
Sumiko
Sulema
Sparkle
Somer
Sheba
Shayne
Sharice
Shanel
Shalon
Sage
Roy
Rosio
Roselia
Renay
Rema
Reena
Porsche
Ping
Ozie
Oretha
Oralee
Oda
Nu
Ngan
Nakesha
Milly
Marybelle
Marlin
Maris
Margrett
Maragaret
Manie
Lurlene
Lillia
Lieselotte
Lavelle
Lashaunda
Lakeesha
Keith
Kaycee
Kalyn
Joya
Joette
Jenae
Janiece
Illa
Grisel
Glayds
Genevie
Gala
Fredda
Fred
Elmer
Eleonor
Debera
Deandrea
Dan
Corrinne
Cordia
Contessa
Colene
Cleotilde
Charlott
Chantay
Cecille
Beatris
Azalee
Arlean
Ardath
Anjelica
Anja
Alfredia
Aleisha
Adam
Zada
Yuonne
Xiao
Willodean
Whitley
Vennie
Vanna
Tyisha
Tova
Torie
Tonisha
Tilda
Tien
Temple
Sirena
Sherril
Shanti
Shan
Senaida
Samella
Robbyn
Renda
Reita
Phebe
Paulita
Nobuko
Nguyet
Neomi
Mikaela
Melania
Maximina
Marg
Maisie
Lynna
Lilli
Layne
Lashaun
Lakenya
Lael
Kirstie
Kathline
Kasha
Karlyn
Karima
Jovan
Josefine
Jennell
Jacqui
Jackelyn
Hyo
Hien
Grazyna
Florrie
Floria
Eleonora
Dwana
Dorla
Dong
Delmy
Deja
Dede
Dann
Crysta
Clelia
Claris
Clarence
Chieko
Cherlyn
Cherelle
Charmain
Chara
Cammy
Bee
Arnette
Ardelle
Annika
Amiee
Amee
Allena
Yvone
Yuki
Yoshie
Yevette
Yael
Willetta
Voncile
Venetta
Tula
Tonette
Timika
Temika
Telma
Teisha
Taren
Ta
Stacee
Shin
Shawnta
Saturnina
Ricarda
Pok
Onie
Nubia
Mora
Mike
Marielle
Mariella
Marianela
Mardell
Luanna
Loise
Lisabeth
Lindsy
Lilliana
Lilliam
Lelah
Leigha
Leanora
Lang
Kristeen
Khalilah
Keeley
Kandra
Junko
Joaquina
Jerlene
Jani
Jamika
Jame
Hsiu
Hermila
Genevive
Evia
Eugena
Emmaline
Elfreda
Elene
Donette
Delcie
Deeanna
Darcey
Cuc
Clarinda
Cira
Chae
Celinda
Catheryn
Catherin
Casimira
Carmelia
Camellia
Breana
Bobette
Bernardina
Bebe
Basilia
Arlyne
Amal
Alayna
Zonia
Zenia
Yuriko
Yaeko
Wynell
Willow
Willena
Vernia
Tu
Travis
Tora
Terrilyn
Terica
Tenesha
Tawna
Tajuana
Taina
Stephnie
Sona
Sol
Sina
Shondra
Shizuko
Sherlene
Sherice
Sharika
Rossie
Rosena
Rory
Rima
Ria
Rheba
Renna
Peter
Natalya
Nancee
Melodi
Meda
Maxima
Matha
Marketta
Maricruz
Marcelene
Malvina
Luba
Louetta
Leida
Lecia
Lauran
Lashawna
Laine
Khadijah
Katerine
Kasi
Kallie
Julietta
Jesusita
Jestine
Jessia
Jeremy
Jeffie
Janyce
Isadora
Georgianne
Fidelia
Evita
Eura
Eulah
Estefana
Elsy
Elizabet
Eladia
Dodie
Dion
Dia
Denisse
Deloras
Delila
Daysi
Dakota
Curtis
Crystle
Concha
Colby
Claretta
Chu
Christia
Charlsie
Charlena
Carylon
Bettyann
Asley
Ashlea
Amira
Ai
Agueda
Agnus
Yuette
Vinita
Victorina
Tynisha
Treena
Toccara
Tish
Thomasena
Tegan
Soila
Shiloh
Shenna
Sharmaine
Shantae
Shandi
September
Saran
Sarai
Sana
Samuel
Salley
Rosette
Rolande
Regine
Otelia
Oscar
Olevia
Nicholle
Necole
Naida
Myrta
Myesha
Mitsue
Minta
Mertie
Margy
Mahalia
Madalene
Loura
Lorean
Lewis
Lesha
Leonida
Lenita
Lavone
Lashell
Lashandra
Lamonica
Kimbra
Katherina
Karry
Kanesha
Julio
Jong
Jeneva
Jaquelyn
Hwa
Gilma
Ghislaine
Gertrudis
Fransisca
Fermina
Ettie
Etsuko
Ellis
Ellan
Elidia
Edra
Dorethea
Doreatha
Denyse
Denny
Deetta
Daine
Cyrstal
Corrin
Cayla
Carlita
Camila
Burma
Bula
Buena
Blake
Barabara
Avril
Austin
Alaine
Zana
Wilhemina
Wanetta
Virgil
Vi
Veronika
Vernon
Verline
Vasiliki
Tonita
Tisa
Teofila
Tayna
Taunya
Tandra
Takako
Sunni
Suanne
Sixta
Sharell
Seema
Russell
Rosenda
Robena
Raymonde
Pei
Pamila
Ozell
Neida
Neely
Mistie
Micha
Merissa
Maurita
Maryln
Maryetta
Marshall
Marcell
Malena
Makeda
Maddie
Lovetta
Lourie
Lorrine
Lorilee
Lester
Laurena
Lashay
Larraine
Laree
Lacresha
Kristle
Krishna
Keva
Keira
Karole
Joie
Jinny
Jeannetta
Jama
Heidy
Gilberte
Gema
Faviola
Evelynn
Enda
Elli
Ellena
Divina
Dagny
Collene
Codi
Cindie
Chassidy
Chasidy
Catrice
Catherina
Cassey
Caroll
Carlena
Candra
Calista
Bryanna
Britteny
Beula
Bari
Audrie
Audria
Ardelia
Annelle
Angila
Alona
Allyn
JAMES
JOHN
ROBERT
MICHAEL
WILLIAM
DAVID
RICHARD
CHARLES
JOSEPH
THOMAS
CHRISTOPHER
DANIEL
PAUL
DONALD
GEORGE
KENNETH
STEVEN
EDWARD
BRIAN
RONALD
ANTHONY
KEVIN
JASON
MATTHEW
GARY
TIMOTHY
JOSE
LARRY
JEFFREY
FRANK
SCOTT
ERIC
STEPHEN
ANDREW
RAYMOND
GREGORY
JOSHUA
JERRY
DENNIS
WALTER
PATRICK
PETER
HAROLD
DOUGLAS
HENRY
CARL
ARTHUR
RYAN
ROGER
JOE
JUAN
JACK
ALBERT
JONATHAN
JUSTIN
TERRY
GERALD
KEITH
SAMUEL
WILLIE
RALPH
LAWRENCE
NICHOLAS
ROY
BENJAMIN
BRUCE
BRANDON
ADAM
HARRY
FRED
WAYNE
BILLY
STEVE
LOUIS
JEREMY
AARON
RANDY
HOWARD
EUGENE
CARLOS
RUSSELL
BOBBY
VICTOR
MARTIN
ERNEST
PHILLIP
TODD
JESSE
CRAIG
ALAN
SHAWN
CLARENCE
SEAN
PHILIP
CHRIS
JOHNNY
EARL
JIMMY
ANTONIO
DANNY
BRYAN
TONY
LUIS
MIKE
STANLEY
LEONARD
NATHAN
DALE
MANUEL
RODNEY
CURTIS
NORMAN
ALLEN
MARVIN
VINCENT
GLENN
JEFFERY
TRAVIS
JEFF
CHAD
JACOB
LEE
MELVIN
ALFRED
KYLE
FRANCIS
BRADLEY
JESUS
HERBERT
FREDERICK
RAY
JOEL
EDWIN
DON
EDDIE
RICKY
TROY
RANDALL
BARRY
ALEXANDER
BERNARD
MARIO
LEROY
FRANCISCO
MARCUS
MICHEAL
THEODORE
CLIFFORD
MIGUEL
OSCAR
JAY
JIM
TOM
CALVIN
ALEX
JON
RONNIE
LLOYD
TOMMY
LEON
DEREK
WARREN
DARRELL
JEROME
FLOYD
LEO
ALVIN
TIM
WESLEY
GORDON
DEAN
GREG
JORGE
DUSTIN
PEDRO
DERRICK
DAN
LEWIS
ZACHARY
COREY
HERMAN
MAURICE
VERNON
ROBERTO
CLYDE
GLEN
HECTOR
SHANE
RICARDO
SAM
RICK
LESTER
BRENT
RAMON
CHARLIE
TYLER
GILBERT
GENE
MARC
REGINALD
RUBEN
BRETT
ANGEL
NATHANIEL
RAFAEL
LESLIE
EDGAR
MILTON
RAUL
BEN
CHESTER
CECIL
DUANE
FRANKLIN
ANDRE
ELMER
BRAD
GABRIEL
RON
MITCHELL
ROLAND
ARNOLD
HARVEY
JARED
ADRIAN
KARL
CORY
CLAUDE
ERIK
DARRYL
JAMIE
NEIL
JESSIE
CHRISTIAN
JAVIER
FERNANDO
CLINTON
TED
MATHEW
TYRONE
DARREN
LONNIE
LANCE
CODY
JULIO
KELLY
KURT
ALLAN
NELSON
CLAYTON
HUGH
DWAYNE
DWIGHT
ARMANDO
FELIX
JIMMIE
EVERETT
JORDAN
IAN
WALLACE
KEN
BOB
JAIME
CASEY
ALFREDO
ALBERTO
DAVE
IVAN
JOHNNIE
SIDNEY
BYRON
JULIAN
ISAAC
MORRIS
CLIFTON
WILLARD
DARYL
ROSS
VIRGIL
ANDY
MARSHALL
SALVADOR
PERRY
KIRK
SERGIO
MARION
TRACY
SETH
KENT
TERRANCE
RENE
EDUARDO
TERRENCE
ENRIQUE
FREDDIE
WADE
AUSTIN
STUART
FREDRICK
ARTURO
ALEJANDRO
JACKIE
JOEY
NICK
LUTHER
WENDELL
JEREMIAH
EVAN
JULIUS
DANA
DONNIE
OTIS
SHANNON
TREVOR
OLIVER
LUKE
HOMER
GERARD
DOUG
KENNY
HUBERT
ANGELO
SHAUN
LYLE
MATT
LYNN
ALFONSO
ORLANDO
REX
CARLTON
ERNESTO
CAMERON
NEAL
PABLO
LORENZO
OMAR
WILBUR
BLAKE
GRANT
HORACE
RODERICK
KERRY
ABRAHAM
WILLIS
RICKEY
JEAN
IRA
ANDRES
CESAR
JOHNATHAN
MALCOLM
RUDOLPH
DAMON
KELVIN
RUDY
PRESTON
ALTON
ARCHIE
MARCO
WM
PETE
RANDOLPH
GARRY
GEOFFREY
JONATHON
FELIPE
BENNIE
GERARDO
ED
DOMINIC
ROBIN
LOREN
DELBERT
COLIN
GUILLERMO
EARNEST
LUCAS
BENNY
NOEL
SPENCER
RODOLFO
MYRON
EDMUND
GARRETT
SALVATORE
CEDRIC
LOWELL
GREGG
SHERMAN
WILSON
DEVIN
SYLVESTER
KIM
ROOSEVELT
ISRAEL
JERMAINE
FORREST
WILBERT
LELAND
SIMON
GUADALUPE
CLARK
IRVING
CARROLL
BRYANT
OWEN
RUFUS
WOODROW
SAMMY
KRISTOPHER
MACK
LEVI
MARCOS
GUSTAVO
JAKE
LIONEL
MARTY
TAYLOR
ELLIS
DALLAS
GILBERTO
CLINT
NICOLAS
LAURENCE
ISMAEL
ORVILLE
DREW
JODY
ERVIN
DEWEY
WILFRED
JOSH
HUGO
IGNACIO
CALEB
TOMAS
SHELDON
ERICK
FRANKIE
STEWART
DOYLE
DARREL
ROGELIO
TERENCE
SANTIAGO
ALONZO
ELIAS
BERT
ELBERT
RAMIRO
CONRAD
PAT
NOAH
GRADY
PHIL
CORNELIUS
LAMAR
ROLANDO
CLAY
PERCY
DEXTER
BRADFORD
MERLE
DARIN
AMOS
TERRELL
MOSES
IRVIN
SAUL
ROMAN
DARNELL
RANDAL
TOMMIE
TIMMY
DARRIN
WINSTON
BRENDAN
TOBY
VAN
ABEL
DOMINICK
BOYD
COURTNEY
JAN
EMILIO
ELIJAH
CARY
DOMINGO
SANTOS
AUBREY
EMMETT
MARLON
EMANUEL
JERALD
EDMOND
EMIL
DEWAYNE
OTTO
TEDDY
REYNALDO
BRET
MORGAN
JESS
TRENT
HUMBERTO
EMMANUEL
STEPHAN
LOUIE
VICENTE
LAMONT
STACY
GARLAND
MICAH
EFRAIN
BILLIE
LOGAN
HEATH
RODGER
HARLEY
DEMETRIUS
ETHAN
ELDON
ROCKY
PIERRE
FREDDY
ELI
BRYCE
ANTOINE
ROBBIE
KENDALL
ROYCE
STERLING
MICKEY
CHASE
GROVER
ELTON
CLEVELAND
DYLAN
CHUCK
DAMIAN
REUBEN
STAN
AUGUST
LEONARDO
JASPER
RUSSEL
ERWIN
BENITO
HANS
MONTE
BLAINE
ERNIE
CURT
QUENTIN
AGUSTIN
MURRAY
JAMAL
DEVON
ADOLFO
HARRISON
TYSON
BURTON
BRADY
ELLIOTT
WILFREDO
BART
JARROD
VANCE
DENIS
DAMIEN
JOAQUIN
HARLAN
DESMOND
ELLIOT
DARWIN
ASHLEY
GREGORIO
BUDDY
XAVIER
KERMIT
ROSCOE
ESTEBAN
ANTON
SOLOMON
SCOTTY
NORBERT
ELVIN
WILLIAMS
NOLAN
CAREY
ROD
QUINTON
HAL
BRAIN
ROB
ELWOOD
KENDRICK
DARIUS
MOISES
SON
MARLIN
FIDEL
THADDEUS
CLIFF
MARCEL
ALI
JACKSON
RAPHAEL
BRYON
ARMAND
ALVARO
JEFFRY
DANE
JOESPH
THURMAN
NED
SAMMIE
RUSTY
MICHEL
MONTY
RORY
FABIAN
REGGIE
MASON
GRAHAM
KRIS
ISAIAH
VAUGHN
GUS
AVERY
LOYD
DIEGO
ALEXIS
ADOLPH
NORRIS
MILLARD
ROCCO
GONZALO
DERICK
RODRIGO
GERRY
STACEY
CARMEN
WILEY
RIGOBERTO
ALPHONSO
TY
SHELBY
RICKIE
NOE
VERN
BOBBIE
REED
JEFFERSON
ELVIS
BERNARDO
MAURICIO
HIRAM
DONOVAN
BASIL
RILEY
OLLIE
NICKOLAS
MAYNARD
SCOT
VINCE
QUINCY
EDDY
SEBASTIAN
FEDERICO
ULYSSES
HERIBERTO
DONNELL
COLE
DENNY
DAVIS
GAVIN
EMERY
WARD
ROMEO
JAYSON
DION
DANTE
CLEMENT
COY
ODELL
MAXWELL
JARVIS
BRUNO
ISSAC
MARY
DUDLEY
BROCK
SANFORD
COLBY
CARMELO
BARNEY
NESTOR
HOLLIS
STEFAN
DONNY
LINWOOD
BEAU
WELDON
GALEN
ISIDRO
TRUMAN
DELMAR
JOHNATHON
SILAS
FREDERIC
DICK
KIRBY
IRWIN
CRUZ
MERLIN
MERRILL
CHARLEY
MARCELINO
HARRIS
CLEO
CARLO
TRENTON
KURTIS
HUNTER
AURELIO
WINFRED
VITO
COLLIN
DENVER
CARTER
LEONEL
EMORY
PASQUALE
MOHAMMAD
MARIANO
DANIAL
BLAIR
LANDON
DIRK
BRANDEN
ADAN
CLAIR
BUFORD
GERMAN
BERNIE
WILMER
JOAN
EMERSON
ZACHERY
FLETCHER
JACQUES
ERROL
DALTON
MONROE
JOSUE
DOMINIQUE
EDWARDO
BOOKER
WILFORD
SONNY
SHELTON
CARSON
THERON
RAYMUNDO
DAREN
TRISTAN
HOUSTON
ROBBY
LINCOLN
JAME
GENARO
GALE
BENNETT
OCTAVIO
CORNELL
LAVERNE
HUNG
ARRON
ANTONY
HERSCHEL
ALVA
GIOVANNI
GARTH
CYRUS
CYRIL
RONNY
STEVIE
LON
FREEMAN
ERIN
DUNCAN
KENNITH
CARMINE
AUGUSTINE
ERICH
CHADWICK
WILBURN
RUSS
REID
MYLES
ANDERSON
MORTON
JONAS
FOREST
MITCHEL
MERVIN
ZANE
JAMEL
LAZARO
ALPHONSE
RANDELL
JOHNIE
JARRETT
BROOKS
ARIEL
ABDUL
DUSTY
LUCIANO
LINDSEY
TRACEY
SEYMOUR
SCOTTIE
EUGENIO
MOHAMMED
SANDY
VALENTIN
CHANCE
ARNULFO
LUCIEN
FERDINAND
THAD
EZRA
SYDNEY
ALDO
RUBIN
MITCH
EARLE
ABE
WYATT
MARQUIS
LANNY
KAREEM
JAMAR
BORIS
ISIAH
EMILE
ELMO
ARON
LEOPOLDO
EVERETTE
JOSEF
GAIL
ELOY
DORIAN
RODRICK
REINALDO
LUCIO
JERROD
WESTON
HERSHEL
BARTON
PARKER
LEMUEL
LAVERN
BURT
JULES
GIL
ELISEO
AHMAD
NIGEL
EFREN
ANTWAN
ALDEN
MARGARITO
COLEMAN
REFUGIO
DINO
OSVALDO
LES
DEANDRE
NORMAND
KIETH
IVORY
ANDREA
TREY
NORBERTO
NAPOLEON
JEROLD
FRITZ
ROSENDO
MILFORD
SANG
DEON
CHRISTOPER
ALFONZO
LYMAN
JOSIAH
BRANT
WILTON
RICO
JAMAAL
DEWITT
CAROL
BRENTON
YONG
OLIN
FAUSTINO
CLAUDIO
JUDSON
GINO
EDGARDO
BERRY
ALEC
TANNER
JARRED
DONN
TRINIDAD
TAD
SHIRLEY
PRINCE
PORFIRIO
ODIS
MARIA
LENARD
CHAUNCEY
CHANG
TOD
MEL
MARCELO
KORY
AUGUSTUS
KEVEN
HILARIO
BUD
SAL
ROSARIO
ORVAL
MAURO
DANNIE
ZACHARIAH
OLEN
ANIBAL
MILO
JED
FRANCES
THANH
DILLON
AMADO
NEWTON
CONNIE
LENNY
TORY
RICHIE
LUPE
HORACIO
BRICE
MOHAMED
DELMER
DARIO
REYES
DEE
MAC
JONAH
JERROLD
ROBT
HANK
SUNG
RUPERT
ROLLAND
KENTON
DAMION
CHI
ANTONE
WALDO
FREDRIC
BRADLY
QUINN
KIP
BURL
WALKER
TYREE
JEFFEREY
AHMED
WILLY
STANFORD
OREN
NOBLE
MOSHE
MIKEL
ENOCH
BRENDON
QUINTIN
JAMISON
FLORENCIO
DARRICK
TOBIAS
MINH
HASSAN
GIUSEPPE
DEMARCUS
CLETUS
TYRELL
LYNDON
KEENAN
WERNER
THEO
GERALDO
LOU
COLUMBUS
CHET
BERTRAM
MARKUS
HUEY
HILTON
DWAIN
DONTE
TYRON
OMER
ISAIAS
HIPOLITO
FERMIN
CHUNG
ADALBERTO
VALENTINE
JAMEY
BO
BARRETT
WHITNEY
TEODORO
MCKINLEY
MAXIMO
GARFIELD
SOL
RALEIGH
LAWERENCE
ABRAM
RASHAD
EMMITT
DARON
CHONG
SAMUAL
PARIS
OTHA
MIQUEL
LACY
EUSEBIO
DONG
DOMENIC
DARRON
BUSTER
ANTONIA
WILBER
RENATO
JC
HOYT
HAYWOOD
EZEKIEL
CHAS
FLORENTINO
ELROY
CLEMENTE
ARDEN
NEVILLE
KELLEY
EDISON
DESHAWN
CARROL
SHAYNE
NATHANIAL
JORDON
DANILO
CLAUD
VAL
SHERWOOD
RAYMON
RAYFORD
CRISTOBAL
AMBROSE
TITUS
HYMAN
FELTON
EZEQUIEL
ERASMO
STANTON
LONNY
LEN
IKE
MILAN
LINO
JAROD
HERB
ANDREAS
WALTON
RHETT
PALMER
JUDE
DOUGLASS
CORDELL
OSWALDO
ELLSWORTH
VIRGILIO
TONEY
NATHANAEL
DEL
BRITT
BENEDICT
MOSE
HONG
LEIGH
JOHNSON
ISREAL
GAYLE
GARRET
FAUSTO
ASA
ARLEN
ZACK
WARNER
MODESTO
FRANCESCO
MANUAL
JAE
GAYLORD
GASTON
FILIBERTO
DEANGELO
MICHALE
GRANVILLE
WES
MALIK
ZACKARY
TUAN
NICKY
ELDRIDGE
CRISTOPHER
CORTEZ
ANTIONE
MALCOM
KOREY
JOSPEH
COLTON
WAYLON
VON
HOSEA
SHAD
SANTO
RUDOLF
ROLF
REY
RENALDO
MARCELLUS
LUCIUS
LESLEY
KRISTOFER
BOYCE
BENTONKASEY
JEWELL
HAYDEN
HARLAND
ARNOLDO
RUEBEN
LEANDRO
KRAIG
JERRELL
JEROMY
HOBERT
CEDRICK
ARLIE
WINFORD
WALLY
PATRICIA
LUIGI
KENETH
JACINTO
GRAIG
FRANKLYN
EDMUNDO
SID
PORTER
LEIF
LAUREN
JERAMY
ELISHA
BUCK
WILLIAN
VINCENZO
SHON
MICHAL
LYNWOOD
LINDSAY
JEWEL
JERE
HAI
ELDEN
DORSEY
DARELL
BRODERICK
ALONSO
MARY
PATRICIA
LINDA
BARBARA
ELIZABETH
JENNIFER
MARIA
SUSAN
MARGARET
DOROTHY
LISA
NANCY
KAREN
BETTY
HELEN
SANDRA
DONNA
CAROL
RUTH
SHARON
MICHELLE
LAURA
SARAH
KIMBERLY
DEBORAH
JESSICA
SHIRLEY
CYNTHIA
ANGELA
MELISSA
BRENDA
AMY
ANNA
REBECCA
VIRGINIA
KATHLEEN
PAMELA
MARTHA
DEBRA
AMANDA
STEPHANIE
CAROLYN
CHRISTINE
MARIE
JANET
CATHERINE
FRANCES
ANN
JOYCE
DIANE
ALICE
JULIE
HEATHER
TERESA
DORIS
GLORIA
EVELYN
JEAN
CHERYL
MILDRED
KATHERINE
JOAN
ASHLEY
JUDITH
ROSE
JANICE
KELLY
NICOLE
JUDY
CHRISTINA
KATHY
THERESA
BEVERLY
DENISE
TAMMY
IRENE
JANE
LORI
RACHEL
MARILYN
ANDREA
KATHRYN
LOUISE
SARA
ANNE
JACQUELINE
WANDA
BONNIE
JULIA
RUBY
LOIS
TINA
PHYLLIS
NORMA
PAULA
DIANA
ANNIE
LILLIAN
EMILY
ROBIN
PEGGY
CRYSTAL
GLADYS
RITA
DAWN
CONNIE
FLORENCE
TRACY
EDNA
TIFFANY
CARMEN
ROSA
CINDY
GRACE
WENDY
VICTORIA
EDITH
KIM
SHERRY
SYLVIA
JOSEPHINE
THELMA
SHANNON
SHEILA
ETHEL
ELLEN
ELAINE
MARJORIE
CARRIE
CHARLOTTE
MONICA
ESTHER
PAULINE
EMMA
JUANITA
ANITA
RHONDA
HAZEL
AMBER
EVA
DEBBIE
APRIL
LESLIE
CLARA
LUCILLE
JAMIE
JOANNE
ELEANOR
VALERIE
DANIELLE
MEGAN
ALICIA
SUZANNE
MICHELE
GAIL
BERTHA
DARLENE
VERONICA
JILL
ERIN
GERALDINE
LAUREN
CATHY
JOANN
LORRAINE
LYNN
SALLY
REGINA
ERICA
BEATRICE
DOLORES
BERNICE
AUDREY
YVONNE
ANNETTE
JUNE
SAMANTHA
MARION
DANA
STACY
ANA
RENEE
IDA
VIVIAN
ROBERTA
HOLLY
BRITTANY
MELANIE
LORETTA
YOLANDA
JEANETTE
LAURIE
KATIE
KRISTEN
VANESSA
ALMA
SUE
ELSIE
BETH
JEANNE
VICKI
CARLA
TARA
ROSEMARY
EILEEN
TERRI
GERTRUDE
LUCY
TONYA
ELLA
STACEY
WILMA
GINA
KRISTIN
JESSIE
NATALIE
AGNES
VERA
WILLIE
CHARLENE
BESSIE
DELORES
MELINDA
ARLENE
MAUREEN
COLLEEN
ALLISON
TAMARA
JOY
GEORGIA
CONSTANCE
LILLIE
CLAUDIA
JACKIE
MARCIA
TANYA
NELLIE
MINNIE
MARLENE
HEIDI
GLENDA
LYDIA
VIOLA
COURTNEY
MARIAN
STELLA
CAROLINE
DORA
JO
VICKIE
MATTIE
TERRY
MAXINE
IRMA
MABEL
MARSHA
MYRTLE
LENA
CHRISTY
DEANNA
PATSY
HILDA
GWENDOLYN
JENNIE
NORA
MARGIE
NINA
CASSANDRA
LEAH
KAY
PRISCILLA
NAOMI
CAROLE
BRANDY
OLGA
BILLIE
DIANNE
TRACEY
LEONA
JENNY
FELICIA
SONIA
MIRIAM
VELMA
BECKY
BOBBIE
VIOLET
KRISTINA
TONI
MISTY
MAE
SHELLY
DAISY
RAMONA
SHERRI
ERIKA
KATRINA
CLAIRE
LINDSEY
LINDSAY
GENEVA
GUADALUPE
BELINDA
MARGARITA
SHERYL
CORA
FAYE
ADA
NATASHA
SABRINA
ISABEL
MARGUERITE
HATTIE
HARRIET
MOLLY
CECILIA
KRISTI
BRANDI
BLANCHE
SANDY
ROSIE
JOANNA
IRIS
EUNICE
ANGIE
INEZ
LYNDA
MADELINE
AMELIA
ALBERTA
GENEVIEVE
MONIQUE
JODI
JANIE
MAGGIE
KAYLA
SONYA
JAN
LEE
KRISTINE
CANDACE
FANNIE
MARYANN
OPAL
ALISON
YVETTE
MELODY
LUZ
SUSIE
OLIVIA
FLORA
SHELLEY
KRISTY
MAMIE
LULA
LOLA
VERNA
BEULAH
ANTOINETTE
CANDICE
JUANA
JEANNETTE
PAM
KELLI
HANNAH
WHITNEY
BRIDGET
KARLA
CELIA
LATOYA
PATTY
SHELIA
GAYLE
DELLA
VICKY
LYNNE
SHERI
MARIANNE
KARA
JACQUELYN
ERMA
BLANCA
MYRA
LETICIA
PAT
KRISTA
ROXANNE
ANGELICA
JOHNNIE
ROBYN
FRANCIS
ADRIENNE
ROSALIE
ALEXANDRA
BROOKE
BETHANY
SADIE
BERNADETTE
TRACI
JODY
KENDRA
JASMINE
NICHOLE
RACHAEL
CHELSEA
MABLE
ERNESTINE
MURIEL
MARCELLA
ELENA
KRYSTAL
ANGELINA
NADINE
KARI
ESTELLE
DIANNA
PAULETTE
LORA
MONA
DOREEN
ROSEMARIE
ANGEL
DESIREE
ANTONIA
HOPE
GINGER
JANIS
BETSY
CHRISTIE
FREDA
MERCEDES
MEREDITH
LYNETTE
TERI
CRISTINA
EULA
LEIGH
MEGHAN
SOPHIA
ELOISE
ROCHELLE
GRETCHEN
CECELIA
RAQUEL
HENRIETTA
ALYSSA
JANA
KELLEY
GWEN
KERRY
JENNA
TRICIA
LAVERNE
OLIVE
ALEXIS
TASHA
SILVIA
ELVIRA
CASEY
DELIA
SOPHIE
KATE
PATTI
LORENA
KELLIE
SONJA
LILA
LANA
DARLA
MAY
MINDY
ESSIE
MANDY
LORENE
ELSA
JOSEFINA
JEANNIE
MIRANDA
DIXIE
LUCIA
MARTA
FAITH
LELA
JOHANNA
SHARI
CAMILLE
TAMI
SHAWNA
ELISA
EBONY
MELBA
ORA
NETTIE
TABITHA
OLLIE
JAIME
WINIFRED
KRISTIE
MARINA
ALISHA
AIMEE
RENA
MYRNA
MARLA
TAMMIE
LATASHA
BONITA
PATRICE
RONDA
SHERRIE
ADDIE
FRANCINE
DELORIS
STACIE
ADRIANA
CHERI
SHELBY
ABIGAIL
CELESTE
JEWEL
CARA
ADELE
REBEKAH
LUCINDA
DORTHY
CHRIS
EFFIE
TRINA
REBA
SHAWN
SALLIE
AURORA
LENORA
ETTA
LOTTIE
KERRI
TRISHA
NIKKI
ESTELLA
FRANCISCA
JOSIE
TRACIE
MARISSA
KARIN
BRITTNEY
JANELLE
LOURDES
LAUREL
HELENE
FERN
ELVA
CORINNE
KELSEY
INA
BETTIE
ELISABETH
AIDA
CAITLIN
INGRID
IVA
EUGENIA
CHRISTA
GOLDIE
CASSIE
MAUDE
JENIFER
THERESE
FRANKIE
DENA
LORNA
JANETTE
LATONYA
CANDY
MORGAN
CONSUELO
TAMIKA
ROSETTA
DEBORA
CHERIE
POLLY
DINA
JEWELL
FAY
JILLIAN
DOROTHEA
NELL
TRUDY
ESPERANZA
PATRICA
KIMBERLEY
SHANNA
HELENA
CAROLINA
CLEO
STEFANIE
ROSARIO
OLA
JANINE
MOLLIE
LUPE
ALISA
LOU
MARIBEL
SUSANNE
BETTE
SUSANA
ELISE
CECILE
ISABELLE
LESLEY
JOCELYN
PAIGE
JONI
RACHELLE
LEOLA
DAPHNE
ALTA
ESTER
PETRA
GRACIELA
IMOGENE
JOLENE
KEISHA
LACEY
GLENNA
GABRIELA
KERI
URSULA
LIZZIE
KIRSTEN
SHANA
ADELINE
MAYRA
JAYNE
JACLYN
GRACIE
SONDRA
CARMELA
MARISA
ROSALIND
CHARITY
TONIA
BEATRIZ
MARISOL
CLARICE
JEANINE
SHEENA
ANGELINE
FRIEDA
LILY
ROBBIE
SHAUNA
MILLIE
CLAUDETTE
CATHLEEN
ANGELIA
GABRIELLE
AUTUMN
KATHARINE
SUMMER
JODIE
STACI
LEA
CHRISTI
JIMMIE
JUSTINE
ELMA
LUELLA
MARGRET
DOMINIQUE
SOCORRO
RENE
MARTINA
MARGO
MAVIS
CALLIE
BOBBI
MARITZA
LUCILE
LEANNE
JEANNINE
DEANA
AILEEN
LORIE
LADONNA
WILLA
MANUELA
GALE
SELMA
DOLLY
SYBIL
ABBY
LARA
DALE
IVY
DEE
WINNIE
MARCY
LUISA
JERI
MAGDALENA
OFELIA
MEAGAN
AUDRA
MATILDA
LEILA
CORNELIA
BIANCA
SIMONE
BETTYE
RANDI
VIRGIE
LATISHA
BARBRA
GEORGINA
ELIZA
LEANN
BRIDGETTE
RHODA
HALEY
ADELA
NOLA
BERNADINE
FLOSSIE
ILA
GRETA
RUTHIE
NELDA
MINERVA
LILLY
TERRIE
LETHA
HILARY
ESTELA
VALARIE
BRIANNA
ROSALYN
EARLINE
CATALINA
AVA
MIA
CLARISSA
LIDIA
CORRINE
ALEXANDRIA
CONCEPCION
TIA
SHARRON
RAE
DONA
ERICKA
JAMI
ELNORA
CHANDRA
LENORE
NEVA
MARYLOU
MELISA
TABATHA
SERENA
AVIS
ALLIE
SOFIA
JEANIE
ODESSA
NANNIE
HARRIETT
LORAINE
PENELOPE
MILAGROS
EMILIA
BENITA
ALLYSON
ASHLEE
TANIA
TOMMIE
ESMERALDA
KARINA
EVE
PEARLIE
ZELMA
MALINDA
NOREEN
TAMEKA
SAUNDRA
HILLARY
AMIE
ALTHEA
ROSALINDA
JORDAN
LILIA
ALANA
GAY
CLARE
ALEJANDRA
ELINOR
MICHAEL
LORRIE
JERRI
DARCY
EARNESTINE
CARMELLA
TAYLOR
NOEMI
MARCIE
LIZA
ANNABELLE
LOUISA
EARLENE
MALLORY
CARLENE
NITA
SELENA
TANISHA
KATY
JULIANNE
JOHN
LAKISHA
EDWINA
MARICELA
MARGERY
KENYA
DOLLIE
ROXIE
ROSLYN
KATHRINE
NANETTE
CHARMAINE
LAVONNE
ILENE
KRIS
TAMMI
SUZETTE
CORINE
KAYE
JERRY
MERLE
CHRYSTAL
LINA
DEANNE
LILIAN
JULIANA
ALINE
LUANN
KASEY
MARYANNE
EVANGELINE
COLETTE
MELVA
LAWANDA
YESENIA
NADIA
MADGE
KATHIE
EDDIE
OPHELIA
VALERIA
NONA
MITZI
MARI
GEORGETTE
CLAUDINE
FRAN
ALISSA
ROSEANN
LAKEISHA
SUSANNA
REVA
DEIDRE
CHASITY
SHEREE
CARLY
JAMES
ELVIA
ALYCE
DEIRDRE
GENA
BRIANA
ARACELI
KATELYN
ROSANNE
WENDI
TESSA
BERTA
MARVA
IMELDA
MARIETTA
MARCI
LEONOR
ARLINE
SASHA
MADELYN
JANNA
JULIETTE
DEENA
AURELIA
JOSEFA
AUGUSTA
LILIANA
YOUNG
CHRISTIAN
LESSIE
AMALIA
SAVANNAH
ANASTASIA
VILMA
NATALIA
ROSELLA
LYNNETTE
CORINA
ALFREDA
LEANNA
CAREY
AMPARO
COLEEN
TAMRA
AISHA
WILDA
KARYN
CHERRY
MAURA
MAI
EVANGELINA
ROSANNA
HALLIE
ERNA
ENID
MARIANA
LACY
JULIET
JACKLYN
FREIDA
MADELEINE
MARA
HESTER
CATHRYN
LELIA
CASANDRA
BRIDGETT
ANGELITA
JANNIE
DIONNE
ANNMARIE
KATINA
BERYL
PHOEBE
MILLICENT
KATHERYN
DIANN
CARISSA
MARYELLEN
LIZ
LAURI
HELGA
GILDA
ADRIAN
RHEA
MARQUITA
HOLLIE
TISHA
TAMERA
ANGELIQUE
FRANCESCA
BRITNEY
KAITLIN
LOLITA
FLORINE
ROWENA
REYNA
TWILA
FANNY
JANELL
INES
CONCETTA
BERTIE
ALBA
BRIGITTE
ALYSON
VONDA
PANSY
ELBA
NOELLE
LETITIA
KITTY
DEANN
BRANDIE
LOUELLA
LETA
FELECIA
SHARLENE
LESA
BEVERLEY
ROBERT
ISABELLA
HERMINIA
TERRA
CELINA
TORI
OCTAVIA
JADE
DENICE
GERMAINE
SIERRA
MICHELL
CORTNEY
NELLY
DORETHA
SYDNEY
DEIDRA
MONIKA
LASHONDA
JUDI
CHELSEY
ANTIONETTE
MARGOT
BOBBY
ADELAIDE
NAN
LEEANN
ELISHA
DESSIE
LIBBY
KATHI
GAYLA
LATANYA
MINA
MELLISA
KIMBERLEE
JASMIN
RENAE
ZELDA
ELDA
MA
JUSTINA
GUSSIE
EMILIE
CAMILLA
ABBIE
ROCIO
KAITLYN
JESSE
EDYTHE
ASHLEIGH
SELINA
LAKESHA
GERI
ALLENE
PAMALA
MICHAELA
DAYNA
CARYN
ROSALIA
JACQULINE
REBECA
MARYBETH
KRYSTLE
IOLA
DOTTIE
BENNIE
BELLE
AUBREY
GRISELDA
ERNESTINA
ELIDA
ADRIANNE
DEMETRIA
DELMA
CHONG
JAQUELINE
DESTINY
ARLEEN
VIRGINA
RETHA
FATIMA
TILLIE
ELEANORE
CARI
TREVA
BIRDIE
WILHELMINA
ROSALEE
MAURINE
LATRICE
YONG
JENA
TARYN
ELIA
DEBBY
MAUDIE
JEANNA
DELILAH
CATRINA
SHONDA
HORTENCIA
THEODORA
TERESITA
ROBBIN
DANETTE
MARYJANE
FREDDIE
DELPHINE
BRIANNE
NILDA
DANNA
CINDI
BESS
IONA
HANNA
ARIEL
WINONA
VIDA
ROSITA
MARIANNA
WILLIAM
RACHEAL
GUILLERMINA
ELOISA
CELESTINE
CAREN
MALISSA
LONA
CHANTEL
SHELLIE
MARISELA
LEORA
AGATHA
SOLEDAD
MIGDALIA
IVETTE
CHRISTEN
ATHENA
JANEL
CHLOE
VEDA
PATTIE
TESSIE
TERA
MARILYNN
LUCRETIA
KARRIE
DINAH
DANIELA
ALECIA
ADELINA
VERNICE
SHIELA
PORTIA
MERRY
LASHAWN
DEVON
DARA
TAWANA
OMA
VERDA
CHRISTIN
ALENE
ZELLA
SANDI
RAFAELA
MAYA
KIRA
CANDIDA
ALVINA
SUZAN
SHAYLA
LYN
LETTIE
ALVA
SAMATHA
ORALIA
MATILDE
MADONNA
LARISSA
VESTA
RENITA
INDIA
DELOIS
SHANDA
PHILLIS
LORRI
ERLINDA
CRUZ
CATHRINE
BARB
ZOE
ISABELL
IONE
GISELA
CHARLIE
VALENCIA
ROXANNA
MAYME
KISHA
ELLIE
MELLISSA
DORRIS
DALIA
BELLA
ANNETTA
ZOILA
RETA
REINA
LAURETTA
KYLIE
CHRISTAL
PILAR
CHARLA
ELISSA
TIFFANI
TANA
PAULINA
LEOTA
BREANNA
JAYME
CARMEL
VERNELL
TOMASA
MANDI
DOMINGA
SANTA
MELODIE
LURA
ALEXA
TAMELA
RYAN
MIRNA
KERRIE
VENUS
NOEL
FELICITA
CRISTY
CARMELITA
BERNIECE
ANNEMARIE
TIARA
ROSEANNE
MISSY
CORI
ROXANA
PRICILLA
KRISTAL
JUNG
ELYSE
HAYDEE
ALETHA
BETTINA
MARGE
GILLIAN
FILOMENA
CHARLES
ZENAIDA
HARRIETTE
CARIDAD
VADA
UNA
ARETHA
PEARLINE
MARJORY
MARCELA
FLOR
EVETTE
ELOUISE
ALINA
TRINIDAD
DAVID
DAMARIS
CATHARINE
CARROLL
BELVA
NAKIA
MARLENA
LUANNE
LORINE
KARON
DORENE
DANITA
BRENNA
TATIANA
SAMMIE
LOUANN
LOREN
JULIANNA
ANDRIA
PHILOMENA
LUCILA
LEONORA
DOVIE
ROMONA
MIMI
JACQUELIN
GAYE
TONJA
MISTI
JOE
GENE
CHASTITY
STACIA
ROXANN
MICAELA
NIKITA
MEI
VELDA
MARLYS
JOHNNA
AURA
LAVERN
IVONNE
HAYLEY
NICKI
MAJORIE
HERLINDA
GEORGE
ALPHA
YADIRA
PERLA
GREGORIA
DANIEL
ANTONETTE
SHELLI
MOZELLE
MARIAH
JOELLE
CORDELIA
JOSETTE
CHIQUITA
TRISTA
LOUIS
LAQUITA
GEORGIANA
CANDI
SHANON
LONNIE
HILDEGARD
CECIL
VALENTINA
STEPHANY
MAGDA
KAROL
GERRY
GABRIELLA
TIANA
ROMA
RICHELLE
RAY
PRINCESS
OLETA
JACQUE
IDELLA
ALAINA
SUZANNA
JOVITA
BLAIR
TOSHA
RAVEN
NEREIDA
MARLYN
KYLA
JOSEPH
DELFINA
TENA
STEPHENIE
SABINA
NATHALIE
MARCELLE
GERTIE
DARLEEN
THEA
SHARONDA
SHANTEL
BELEN
VENESSA
ROSALINA
ONA
GENOVEVA
COREY
CLEMENTINE
ROSALBA
RENATE
RENATA
MI
IVORY
GEORGIANNA
FLOY
DORCAS
ARIANA
TYRA
THEDA
MARIAM
JULI
JESICA
DONNIE
VIKKI
VERLA
ROSELYN
MELVINA
JANNETTE
GINNY
DEBRAH
CORRIE
ASIA
VIOLETA
MYRTIS
LATRICIA
COLLETTE
CHARLEEN
ANISSA
VIVIANA
TWYLA
NEDRA
LATONIA
LAN
HELLEN
FABIOLA
ANNAMARIE
ADELL
SHARYN
CHANTAL
NIKI
MAUD
LIZETTE
LINDY
KIA
KESHA
JEANA
DANELLE
CHARLINE
CHANEL
CARROL
VALORIE
LIA
DORTHA
CRISTAL
LEONE
LEILANI
GERRI
DEBI
ANDRA
KESHIA
IMA
EULALIA
EASTER
DULCE
NATIVIDAD
LINNIE
KAMI
GEORGIE
CATINA
BROOK
ALDA
WINNIFRED
SHARLA
RUTHANN
MEAGHAN
MAGDALENE
LISSETTE
ADELAIDA
VENITA
TRENA
SHIRLENE
SHAMEKA
ELIZEBETH
DIAN
SHANTA
MICKEY
LATOSHA
CARLOTTA
WINDY
ROSINA
MARIANN
LEISA
JONNIE
DAWNA
CATHIE
BILLY
ASTRID
SIDNEY
LAUREEN
JANEEN
HOLLI
FAWN
VICKEY
TERESSA
SHANTE
RUBYE
MARCELINA
CHANDA
CARY
TERESE
SCARLETT
MARTY
MARNIE
LULU
LISETTE
JENIFFER
ELENOR
DORINDA
DONITA
CARMAN
BERNITA
ALTAGRACIA
ALETA
ADRIANNA
ZORAIDA
RONNIE
NICOLA
LYNDSEY
KENDALL
JANINA
CHRISSY
AMI
STARLA
PHYLIS
PHUONG
KYRA
CHARISSE
BLANCH
SANJUANITA
RONA
NANCI
MARILEE
MARANDA
CORY
BRIGETTE
SANJUANA
MARITA
KASSANDRA
JOYCELYN
IRA
FELIPA
CHELSIE
BONNY
MIREYA
LORENZA
KYONG
ILEANA
CANDELARIA
TONY
TOBY
SHERIE
MARK
LUCIE
LEATRICE
LAKESHIA
GERDA
EDIE
BAMBI
MARYLIN
LAVON
HORTENSE
GARNET
EVIE
TRESSA
SHAYNA
LAVINA
KYUNG
JEANETTA
SHERRILL
SHARA
PHYLISS
MITTIE
ANABEL
ALESIA
THUY
TAWANDA
RICHARD
JOANIE
TIFFANIE
LASHANDA
KARISSA
ENRIQUETA
DARIA
DANIELLA
CORINNA
ALANNA
ABBEY
ROXANE
ROSEANNA
MAGNOLIA
LIDA
KYLE
JOELLEN
ERA
CORAL
CARLEEN
TRESA
PEGGIE
NOVELLA
NILA
MAYBELLE
JENELLE
CARINA
NOVA
MELINA
MARQUERITE
MARGARETTE
JOSEPHINA
EVONNE
DEVIN
CINTHIA
ALBINA
TOYA
TAWNYA
SHERITA
SANTOS
MYRIAM
LIZABETH
LISE
KEELY
JENNI
GISELLE
CHERYLE
ARDITH
ARDIS
ALESHA
ADRIANE
SHAINA
LINNEA
KAROLYN
HONG
FLORIDA
FELISHA
DORI
DARCI
ARTIE
ARMIDA
ZOLA
XIOMARA
VERGIE
SHAMIKA
NENA
NANNETTE
MAXIE
LOVIE
JEANE
JAIMIE
INGE
FARRAH
ELAINA
CAITLYN
STARR
FELICITAS
CHERLY
CARYL
YOLONDA
YASMIN
TEENA
PRUDENCE
PENNIE
NYDIA
MACKENZIE
ORPHA
MARVEL
LIZBETH
LAURETTE
JERRIE
HERMELINDA
CAROLEE
TIERRA
MIRIAN
META
MELONY
KORI
JENNETTE
JAMILA
ENA
ANH
YOSHIKO
SUSANNAH
SALINA
RHIANNON
JOLEEN
CRISTINE
ASHTON
ARACELY
TOMEKA
SHALONDA
MARTI
LACIE
KALA
JADA
ILSE
HAILEY
BRITTANI
ZONA
SYBLE
SHERRYL
RANDY
NIDIA
MARLO
KANDICE
KANDI
DEB
DEAN
AMERICA
ALYCIA
TOMMY
RONNA
NORENE
MERCY
JOSE
INGEBORG
GIOVANNA
GEMMA
CHRISTEL
AUDRY
ZORA
VITA
VAN
TRISH
STEPHAINE
SHIRLEE
SHANIKA
MELONIE
MAZIE
JAZMIN
INGA
HOA
HETTIE
GERALYN
FONDA
ESTRELLA
ADELLA
SU
SARITA
RINA
MILISSA
MARIBETH
GOLDA
EVON
ETHELYN
ENEDINA
CHERISE
CHANA
VELVA
TAWANNA
SADE
MIRTA
LI
KARIE
JACINTA
ELNA
DAVINA
CIERRA
ASHLIE
ALBERTHA
TANESHA
STEPHANI
NELLE
MINDI
LU
LORINDA
LARUE
FLORENE
DEMETRA
DEDRA
CIARA
CHANTELLE
ASHLY
SUZY
ROSALVA
NOELIA
LYDA
LEATHA
KRYSTYNA
KRISTAN
KARRI
DARLINE
DARCIE
CINDA
CHEYENNE
CHERRIE
AWILDA
ALMEDA
ROLANDA
LANETTE
JERILYN
GISELE
EVALYN
CYNDI
CLETA
CARIN
ZINA
ZENA
VELIA
TANIKA
PAUL
CHARISSA
THOMAS
TALIA
MARGARETE
LAVONDA
KAYLEE
KATHLENE
JONNA
IRENA
ILONA
IDALIA
CANDIS
CANDANCE
BRANDEE
ANITRA
ALIDA
SIGRID
NICOLETTE
MARYJO
LINETTE
HEDWIG
CHRISTIANA
CASSIDY
ALEXIA
TRESSIE
MODESTA
LUPITA
LITA
GLADIS
EVELIA
DAVIDA
CHERRI
CECILY
ASHELY
ANNABEL
AGUSTINA
WANITA
SHIRLY
ROSAURA
HULDA
EUN
BAILEY
YETTA
VERONA
THOMASINA
SIBYL
SHANNAN
MECHELLE
LUE
LEANDRA
LANI
KYLEE
KANDY
JOLYNN
FERNE
EBONI
CORENE
ALYSIA
ZULA
NADA
MOIRA
LYNDSAY
LORRETTA
JUAN
JAMMIE
HORTENSIA
GAYNELL
CAMERON
ADRIA
VINA
VICENTA
TANGELA
STEPHINE
NORINE
NELLA
LIANA
LESLEE
KIMBERELY
ILIANA
GLORY
FELICA
EMOGENE
ELFRIEDE
EDEN
EARTHA
CARMA
BEA
OCIE
MARRY
LENNIE
KIARA
JACALYN
CARLOTA
ARIELLE
YU
STAR
OTILIA
KIRSTIN
KACEY
JOHNETTA
JOEY
JOETTA
JERALDINE
JAUNITA
ELANA
DORTHEA
CAMI
AMADA
ADELIA
VERNITA
TAMAR
SIOBHAN
RENEA
RASHIDA
OUIDA
ODELL
NILSA
MERYL
KRISTYN
JULIETA
DANICA
BREANNE
AUREA
ANGLEA
SHERRON
ODETTE
MALIA
LORELEI
LIN
LEESA
KENNA
KATHLYN
FIONA
CHARLETTE
SUZIE
SHANTELL
SABRA
RACQUEL
MYONG
MIRA
MARTINE
LUCIENNE
LAVADA
JULIANN
JOHNIE
ELVERA
DELPHIA
CLAIR
CHRISTIANE
CHAROLETTE
CARRI
AUGUSTINE
ASHA
ANGELLA
PAOLA
NINFA
LEDA
LAI
EDA
STEFANI
SHANELL
PALMA
MACHELLE
LISSA
KECIA
KATHRYNE
KARLENE
JULISSA
JETTIE
JENNIFFER
HUI
CORRINA
CHRISTOPHER
CAROLANN
ALENA
TESS
ROSARIA
MYRTICE
MARYLEE
LIANE
KENYATTA
JUDIE
JANEY
ELMIRA
ELDORA
DENNA
CRISTI
CATHI
ZAIDA
VONNIE
VIVA
VERNIE
ROSALINE
MARIELA
LUCIANA
LESLI
KARAN
FELICE
DENEEN
ADINA
WYNONA
TARSHA
SHERON
SHASTA
SHANITA
SHANI
SHANDRA
RANDA
PINKIE
PARIS
NELIDA
MARILOU
LYLA
LAURENE
LACI
JOI
JANENE
DOROTHA
DANIELE
DANI
CAROLYNN
CARLYN
BERENICE
AYESHA
ANNELIESE
ALETHEA
THERSA
TAMIKO
RUFINA
OLIVA
MOZELL
MARYLYN
MADISON
KRISTIAN
KATHYRN
KASANDRA
KANDACE
JANAE
GABRIEL
DOMENICA
DEBBRA
DANNIELLE
CHUN
BUFFY
BARBIE
ARCELIA
AJA
ZENOBIA
SHAREN
SHAREE
PATRICK
LAVINIA
KUM
KACIE
JACKELINE
HUONG
FELISA
EMELIA
ELEANORA
CYTHIA
CRISTIN
CLYDE
CLARIBEL
CARON
ANASTACIA
ZULMA
ZANDRA
YOKO
TENISHA
SUSANN
SHERILYN
SHAY
SHAWANDA
SABINE
ROMANA
MATHILDA
LINSEY
KEIKO
JOANA
ISELA
GRETTA
GEORGETTA
EUGENIE
DUSTY
DESIRAE
DELORA
CORAZON
ANTONINA
ANIKA
WILLENE
TRACEE
TAMATHA
REGAN
NICHELLE
MICKIE
MAEGAN
LUANA
LANITA
KELSIE
EDELMIRA
BREE
AFTON
TEODORA
TAMIE
SHENA
MEG
LINH
KELI
KACI
DANYELLE
BRITT
ARLETTE
ALBERTINE
ADELLE
TIFFINY
STORMY
SIMONA
NICOLASA
NICHOL
NIA
NAKISHA
MEE
MAIRA
LOREEN
KIZZY
JOHNNY
JAY
FALLON
CHRISTENE
BOBBYE
ANTHONY
YING
VINCENZA
TANJA
RUBIE
RONI
QUEENIE
MARGARETT
KIMBERLI
IRMGARD
IDELL
HILMA
EVELINA
ESTA
EMILEE
DENNISE
DANIA
CARL
CARIE
ANTONIO
WAI
SANG
RISA
RIKKI
PARTICIA
MUI
MASAKO
MARIO
LUVENIA
LOREE
LONI
LIEN
KEVIN
GIGI
FLORENCIA
DORIAN
DENITA
DALLAS
CHI
BILLYE
ALEXANDER
TOMIKA
SHARITA
RANA
NIKOLE
NEOMA
MARGARITE
MADALYN
LUCINA
LAILA
KALI
JENETTE
GABRIELE
EVELYNE
ELENORA
CLEMENTINA
ALEJANDRINA
ZULEMA
VIOLETTE
VANNESSA
THRESA
RETTA
PIA
PATIENCE
NOELLA
NICKIE
JONELL
DELTA
CHUNG
CHAYA
CAMELIA
BETHEL
ANYA
ANDREW
THANH
SUZANN
SPRING
SHU
MILA
LILLA
LAVERNA
KEESHA
KATTIE
GIA
GEORGENE
EVELINE
ESTELL
ELIZBETH
VIVIENNE
VALLIE
TRUDIE
STEPHANE
MICHEL
MAGALY
MADIE
KENYETTA
KARREN
JANETTA
HERMINE
HARMONY
DRUCILLA
DEBBI
CELESTINA
CANDIE
BRITNI
BECKIE
AMINA
ZITA
YUN
YOLANDE
VIVIEN
VERNETTA
TRUDI
SOMMER
PEARLE
PATRINA
OSSIE
NICOLLE
LOYCE
LETTY
LARISA
KATHARINA
JOSELYN
JONELLE
JENELL
IESHA
HEIDE
FLORINDA
FLORENTINA
FLO
ELODIA
DORINE
BRUNILDA
BRIGID
ASHLI
ARDELLA
TWANA
TARAH
SUNG
SHEA
SHAVON
SHANE
SERINA
RAYNA
RAMONITA
NGA
MARGURITE
LUCRECIA
KOURTNEY
KATI
JESUS
JESENIA
CRISTA
AYANA
ALICA
ALIA
VINNIE
SUELLEN
ROMELIA
RACHELL
PIPER
OLYMPIA
MICHIKO
KATHALEEN
JOLIE
JESSI
JANESSA
HANA
HA
ELEASE
CARLETTA
BRITANY
SHONA
SALOME
ROSAMOND
REGENA
RAINA
NGOC
NELIA
LOUVENIA
LESIA
LATRINA
LATICIA
LARHONDA
JINA
JACKI
HOLLIS
HOLLEY
EMMY
DEEANN
CORETTA
ARNETTA
VELVET
THALIA
SHANICE
NETA
MIKKI
MICKI
LONNA
LEANA
LASHUNDA
KILEY
JOYE
JACQULYN
IGNACIA
HYUN
HIROKO
HENRY
HENRIETTE
ELAYNE
DELINDA
DARNELL
DAHLIA
COREEN
CONSUELA
CONCHITA
CELINE
BABETTE
AYANNA
ANETTE
ALBERTINA
SKYE
SHAWNEE
SHANEKA
QUIANA
PAMELIA
MERRI
MERLENE
MARGIT
KIESHA
KIERA
KAYLENE
JODEE
JENISE
ERLENE
EMMIE
DARYL
DALILA
DAISEY
CODY
CASIE
BELIA
BABARA
VERSIE
VANESA
SHELBA
SHAWNDA
SAM
NORMAN
NIKIA
NAOMA
MARNA
MARGERET
MADALINE
LAWANA
KINDRA
JUTTA
JAZMINE
JANETT
HANNELORE
GLENDORA
GERTRUD
GARNETT
FREEDA
FREDERICA
FLORANCE
FLAVIA
DENNIS
CARLINE
BEVERLEE
ANJANETTE
VALDA
TRINITY
TAMALA
STEVIE
SHONNA
SHA
SARINA
ONEIDA
MICAH
MERILYN
MARLEEN
LURLINE
LENNA
KATHERIN
JIN
JENI
HAE
GRACIA
GLADY
FARAH
ERIC
ENOLA
EMA
DOMINQUE
DEVONA
DELANA
CECILA
CAPRICE
ALYSHA
ALI
ALETHIA
VENA
THERESIA
TAWNY
SHAKIRA
SAMARA
SACHIKO
RACHELE
PAMELLA
NICKY
MARNI
MARIEL
MAREN
MALISA
LIGIA
LERA
LATORIA
LARAE
KIMBER
KATHERN
KAREY
JENNEFER
JANETH
HALINA
FREDIA
DELISA
DEBROAH
CIERA
CHIN
ANGELIKA
ANDREE
ALTHA
YEN
VIVAN
TERRESA
TANNA
SUK
SUDIE
SOO
SIGNE
SALENA
RONNI
REBBECCA
MYRTIE
MCKENZIE
MALIKA
MAIDA
LEONARDA
KAYLEIGH
FRANCE
ETHYL
ELLYN
DAYLE
CAMMIE
BRITTNI
BIRGIT
AVELINA
ASUNCION
ARIANNA
AKIKO
VENICE
TYESHA
TONIE
TIESHA
TAKISHA
STEFFANIE
SINDY
SANTANA
MEGHANN
MANDA
MACIE
LADY
KELLYE
KELLEE
JOSLYN
JASON
INGER
INDIRA
GLINDA
GLENNIS
FERNANDA
FAUSTINA
ENEIDA
ELICIA
DOT
DIGNA
DELL
ARLETTA
ANDRE
WILLIA
TAMMARA
TABETHA
SHERRELL
SARI
REFUGIO
REBBECA
PAULETTA
NIEVES
NATOSHA
NAKITA
MAMMIE
KENISHA
KAZUKO
KASSIE
GARY
EARLEAN
DAPHINE
CORLISS
CLOTILDE
CAROLYNE
BERNETTA
AUGUSTINA
AUDREA
ANNIS
ANNABELL
YAN
TENNILLE
TAMICA
SELENE
SEAN
ROSANA
REGENIA
QIANA
MARKITA
MACY
LEEANNE
LAURINE
KYM
JESSENIA
JANITA
GEORGINE
GENIE
EMIKO
ELVIE
DEANDRA
DAGMAR
CORIE
COLLEN
CHERISH
ROMAINE
PORSHA
PEARLENE
MICHELINE
MERNA
MARGORIE
MARGARETTA
LORE
KENNETH
JENINE
HERMINA
FREDERICKA
ELKE
DRUSILLA
DORATHY
DIONE
CELENA
BRIGIDA
ANGELES
ALLEGRA
THEO
TAMEKIA
SYNTHIA
STEPHEN
SOOK
SLYVIA
ROSANN
REATHA
RAYE
MARQUETTA
MARGART
LING
LAYLA
KYMBERLY
KIANA
KAYLEEN
KATLYN
KARMEN
JOELLA
IRINA
EMELDA
ELENI
DETRA
CLEMMIE
CHERYLL
CHANTELL
CATHEY
ARNITA
ARLA
ANGELIC
ALYSE
ZOFIA
THOMASINE
TENNIE
SON
SHERLY
SHERLEY
SHARYL
REMEDIOS
PETRINA
NICKOLE
MYUNG
MYRLE
MOZELLA
LOUANNE
LISHA
LATIA
KRYSTA
JULIENNE
JOEL
JEANENE
JACQUALINE
ISAURA
GWENDA
EARLEEN
DONALD
CLEOPATRA
CARLIE
AUDIE
ANTONIETTA
ALISE
ALEX
VERDELL
VAL
TYLER
TOMOKO
THAO
TALISHA
STEVEN
SHEMIKA
SHAUN
SCARLET
SAVANNA
SANTINA
ROSIA
RAEANN
ODILIA
NANA
MINNA
MAGAN
LYNELLE
LE
KARMA
JOEANN
IVANA
INELL
ILANA
HYE
HONEY
HEE
GUDRUN
FRANK
DREAMA
CRISSY
CHANTE
CARMELINA
ARVILLA
ARTHUR
ANNAMAE
ALVERA
ALEIDA
AARON
YEE
YANIRA
VANDA
TIANNA
TAM
STEFANIA
SHIRA
PERRY
NICOL
NANCIE
MONSERRATE
MINH
MELYNDA
MELANY
MATTHEW
LOVELLA
LAURE
KIRBY
KACY
JACQUELYNN
HYON
GERTHA
FRANCISCO
ELIANA
CHRISTENA
CHRISTEEN
CHARISE
CATERINA
CARLEY
CANDYCE
ARLENA
AMMIE
YANG
WILLETTE
VANITA
TUYET
SYREETA
SILVA
SCOTT
RONALD
PENNEY
NYLA
MICHAL
MAURICE
MARYAM
MARYA
MAGEN
LUDIE
LOMA
LIVIA
LANELL
KIMBERLIE
JULEE
DONETTA
DIEDRA
DENISHA
DEANE
DAWNE
CLARINE
CHERRYL
BRONWYN
BRANDON
ALLA
VALERY
TONDA
SUEANN
SORAYA
SHOSHANA
SHELA
SHARLEEN
SHANELLE
NERISSA
MICHEAL
MERIDITH
MELLIE
MAYE
MAPLE
MAGARET
LUIS
LILI
LEONILA
LEONIE
LEEANNA
LAVONIA
LAVERA
KRISTEL
KATHEY
KATHE
JUSTIN
JULIAN
JIMMY
JANN
ILDA
HILDRED
HILDEGARDE
GENIA
FUMIKO
EVELIN
ERMELINDA
ELLY
DUNG
DOLORIS
DIONNA
DANAE
BERNEICE
ANNICE
ALIX
VERENA
VERDIE
TRISTAN
SHAWNNA
SHAWANA
SHAUNNA
ROZELLA
RANDEE
RANAE
MILAGRO
LYNELL
LUISE
LOUIE
LOIDA
LISBETH
KARLEEN
JUNITA
JONA
ISIS
HYACINTH
HEDY
GWENN
ETHELENE
ERLINE
EDWARD
DONYA
DOMONIQUE
DELICIA
DANNETTE
CICELY
BRANDA
BLYTHE
BETHANN
ASHLYN
ANNALEE
ALLINE
YUKO
VELLA
TRANG
TOWANDA
TESHA
SHERLYN
NARCISA
MIGUELINA
MERI
MAYBELL
MARLANA
MARGUERITA
MADLYN
LUNA
LORY
LORIANN
LIBERTY
LEONORE
LEIGHANN
LAURICE
LATESHA
LARONDA
KATRICE
KASIE
KARL
KALEY
JADWIGA
GLENNIE
GEARLDINE
FRANCINA
EPIFANIA
DYAN
DORIE
DIEDRE
DENESE
DEMETRICE
DELENA
DARBY
CRISTIE
CLEORA
CATARINA
CARISA
BERNIE
BARBERA
ALMETA
TRULA
TEREASA
SOLANGE
SHEILAH
SHAVONNE
SANORA
ROCHELL
MATHILDE
MARGARETA
MAIA
LYNSEY
LAWANNA
LAUNA
KENA
KEENA
KATIA
JAMEY
GLYNDA
GAYLENE
ELVINA
ELANOR
DANUTA
DANIKA
CRISTEN
CORDIE
COLETTA
CLARITA
CARMON
BRYNN
AZUCENA
AUNDREA
ANGELE
YI
WALTER
VERLIE
VERLENE
TAMESHA
SILVANA
SEBRINA
SAMIRA
REDA
RAYLENE
PENNI
PANDORA
NORAH
NOMA
MIREILLE
MELISSIA
MARYALICE
LARAINE
KIMBERY
KARYL
KARINE
KAM
JOLANDA
JOHANA
JESUSA
JALEESA
JAE
JACQUELYNE
IRISH
ILUMINADA
HILARIA
HANH
GENNIE
FRANCIE
FLORETTA
EXIE
EDDA
DREMA
DELPHA
BEV
BARBAR
ASSUNTA
ARDELL
ANNALISA
ALISIA
YUKIKO
YOLANDO
WONDA
WEI
WALTRAUD
VETA
TEQUILA
TEMEKA
TAMEIKA
SHIRLEEN
SHENITA
PIEDAD
OZELLA
MIRTHA
MARILU
KIMIKO
JULIANE
JENICE
JEN
JANAY
JACQUILINE
HILDE
FE
FAE
EVAN
EUGENE
ELOIS
DEVORAH
CHAU
BRINDA
BETSEY
ARMINDA
ARACELIS
APRYL
ANNETT
ALISHIA
VEOLA
USHA
TOSHIKO
THEOLA
TASHIA
TALITHA
SHERY
RUDY
RENETTA
REIKO
RASHEEDA
OMEGA
OBDULIA
MIKA
MELAINE
MEGGAN
MARTIN
MARLEN
MARGET
MARCELINE
MANA
MAGDALEN
LIBRADA
LEZLIE
LEXIE
LATASHIA
LASANDRA
KELLE
ISIDRA
ISA
INOCENCIA
GWYN
FRANCOISE
ERMINIA
ERINN
DIMPLE
DEVORA
CRISELDA
ARMANDA
ARIE
ARIANE
ANGELO
ANGELENA
ALLEN
ALIZA
ADRIENE
ADALINE
XOCHITL
TWANNA
TRAN
TOMIKO
TAMISHA
TAISHA
SUSY
SIU
RUTHA
ROXY
RHONA
RAYMOND
OTHA
NORIKO
NATASHIA
MERRIE
MELVIN
MARINDA
MARIKO
MARGERT
LORIS
LIZZETTE
LEISHA
KAILA
KA
JOANNIE
JERRICA
JENE
JANNET
JANEE
JACINDA
HERTA
ELENORE
DORETTA
DELAINE
DANIELL
CLAUDIE
CHINA
BRITTA
APOLONIA
AMBERLY
ALEASE
YURI
YUK
WEN
WANETA
UTE
TOMI
SHARRI
SANDIE
ROSELLE
REYNALDA
RAGUEL
PHYLICIA
PATRIA
OLIMPIA
ODELIA
MITZIE
MITCHELL
MINDA
MIGNON
MICA
MENDY
MARIVEL
MAILE
LYNETTA
LAVETTE
LAURYN
LATRISHA
LAKIESHA
KIERSTEN
KARY
JOSPHINE
JOLYN
JETTA
JANISE
JACQUIE
IVELISSE
GLYNIS
GIANNA
GAYNELLE
EMERALD
DEMETRIUS
DANYELL
DANILLE
DACIA
CORALEE
CHER
CEOLA
BRETT
ARIANNE
ALESHIA
YUNG
WILLIEMAE
TROY
TRINH
THORA
TAI
SVETLANA
SHERIKA
SHEMEKA
SHAUNDA
ROSELINE
RICKI
MELDA
MALLIE
LAVONNA
LATINA
LARRY
LAQUANDA
LALA
LACHELLE
KLARA
KANDIS
JOHNA
JEANMARIE
JAYE
HANG
GRAYCE
GERTUDE
EMERITA
EBONIE
CLORINDA
CHING
CHERY
CAROLA
BREANN
BLOSSOM
BERNARDINE
BECKI
ARLETHA
ARGELIA
ARA
ALITA
YULANDA
YON
YESSENIA
TOBI
TASIA
SYLVIE
SHIRL
SHIRELY
SHERIDAN
SHELLA
SHANTELLE
SACHA
ROYCE
REBECKA
REAGAN
PROVIDENCIA
PAULENE
MISHA
MIKI
MARLINE
MARICA
LORITA
LATOYIA
LASONYA
KERSTIN
KENDA
KEITHA
KATHRIN
JAYMIE
JACK
GRICELDA
GINETTE
ERYN
ELINA
ELFRIEDA
DANYEL
CHEREE
CHANELLE
BARRIE
AVERY
AURORE
ANNAMARIA
ALLEEN
AILENE
AIDE
YASMINE
VASHTI
VALENTINE
TREASA
TORY
TIFFANEY
SHERYLL
SHARIE
SHANAE
SAU
RAISA
PA
NEDA
MITSUKO
MIRELLA
MILDA
MARYANNA
MARAGRET
MABELLE
LUETTA
LORINA
LETISHA
LATARSHA
LANELLE
LAJUANA
KRISSY
KARLY
KARENA
JON
JESSIKA
JERICA
JEANELLE
JANUARY
JALISA
JACELYN
IZOLA
IVEY
GREGORY
EUNA
ETHA
DREW
DOMITILA
DOMINICA
DAINA
CREOLA
CARLI
CAMIE
BUNNY
BRITTNY
ASHANTI
ANISHA
ALEEN
ADAH
YASUKO
WINTER
VIKI
VALRIE
TONA
TINISHA
THI
TERISA
TATUM
TANEKA
SIMONNE
SHALANDA
SERITA
RESSIE
REFUGIA
PAZ
OLENE
NA
MERRILL
MARGHERITA
MANDIE
MAN
MAIRE
LYNDIA
LUCI
LORRIANE
LORETA
LEONIA
LAVONA
LASHAWNDA
LAKIA
KYOKO
KRYSTINA
KRYSTEN
KENIA
KELSI
JUDE
JEANICE
ISOBEL
GEORGIANN
GENNY
FELICIDAD
EILENE
DEON
DELOISE
DEEDEE
DANNIE
CONCEPTION
CLORA
CHERILYN
CHANG
CALANDRA
BERRY
ARMANDINA
ANISA
ULA
TIMOTHY
TIERA
THERESSA
STEPHANIA
SIMA
SHYLA
SHONTA
SHERA
SHAQUITA
SHALA
SAMMY
ROSSANA
NOHEMI
NERY
MORIAH
MELITA
MELIDA
MELANI
MARYLYNN
MARISHA
MARIETTE
MALORIE
MADELENE
LUDIVINA
LORIA
LORETTE
LORALEE
LIANNE
LEON
LAVENIA
LAURINDA
LASHON
KIT
KIMI
KEILA
KATELYNN
KAI
JONE
JOANE
JI
JAYNA
JANELLA
JA
HUE
HERTHA
FRANCENE
ELINORE
DESPINA
DELSIE
DEEDRA
CLEMENCIA
CARRY
CAROLIN
CARLOS
BULAH
BRITTANIE
BOK
BLONDELL
BIBI
BEAULAH
BEATA
ANNITA
AGRIPINA
VIRGEN
VALENE
UN
TWANDA
TOMMYE
TOI
TARRA
TARI
TAMMERA
SHAKIA
SADYE
RUTHANNE
ROCHEL
RIVKA
PURA
NENITA
NATISHA
MING
MERRILEE
MELODEE
MARVIS
LUCILLA
LEENA
LAVETA
LARITA
LANIE
KEREN
ILEEN
GEORGEANN
GENNA
GENESIS
FRIDA
EWA
EUFEMIA
EMELY
ELA
EDYTH
DEONNA
DEADRA
DARLENA
CHANELL
CHAN
CATHERN
CASSONDRA
CASSAUNDRA
BERNARDA
BERNA
ARLINDA
ANAMARIA
ALBERT
WESLEY
VERTIE
VALERI
TORRI
TATYANA
STASIA
SHERISE
SHERILL
SCOTTIE
SANDA
RUTHE
ROSY
ROBERTO
ROBBI
RANEE
QUYEN
PEARLY
PALMIRA
ONITA
NISHA
NIESHA
NIDA
NEVADA
NAM
MERLYN
MAYOLA
MARYLOUISE
MARYLAND
MARX
MARTH
MARGENE
MADELAINE
LONDA
LEONTINE
LEOMA
LEIA
LAWRENCE
LAURALEE
LANORA
LAKITA
KIYOKO
KETURAH
KATELIN
KAREEN
JONIE
JOHNETTE
JENEE
JEANETT
IZETTA
HIEDI
HEIKE
HASSIE
HAROLD
GIUSEPPINA
GEORGANN
FIDELA
FERNANDE
ELWANDA
ELLAMAE
ELIZ
DUSTI
DOTTY
CYNDY
CORALIE
CELESTA
ARGENTINA
ALVERTA
XENIA
WAVA
VANETTA
TORRIE
TASHINA
TANDY
TAMBRA
TAMA
STEPANIE
SHILA
SHAUNTA
SHARAN
SHANIQUA
SHAE
SETSUKO
SERAFINA
SANDEE
ROSAMARIA
PRISCILA
OLINDA
NADENE
MUOI
MICHELINA
MERCEDEZ
MARYROSE
MARIN
MARCENE
MAO
MAGALI
MAFALDA
LOGAN
LINN
LANNIE
KAYCE
KAROLINE
KAMILAH
KAMALA
JUSTA
JOLINE
JENNINE
JACQUETTA
IRAIDA
GERALD
GEORGEANNA
FRANCHESCA
FAIRY
EMELINE
ELANE
EHTEL
EARLIE
DULCIE
DALENE
CRIS
CLASSIE
CHERE
CHARIS
CAROYLN
CARMINA
CARITA
BRIAN
BETHANIE
AYAKO
ARICA
ALYSA
ALESSANDRA
AKILAH
ADRIEN
ZETTA
YOULANDA
YELENA
YAHAIRA
XUAN
WENDOLYN
VICTOR
TIJUANA
TERRELL
TERINA
TERESIA
SUZI
SUNDAY
SHERELL
SHAVONDA
SHAUNTE
SHARDA
SHAKITA
SENA
RYANN
RUBI
RIVA
REGINIA
REA
RACHAL
PARTHENIA
PAMULA
MONNIE
MONET
MICHAELE
MELIA
MARINE
MALKA
MAISHA
LISANDRA
LEO
LEKISHA
LEAN
LAURENCE
LAKENDRA
KRYSTIN
KORTNEY
KIZZIE
KITTIE
KERA
KENDAL
KEMBERLY
KANISHA
JULENE
JULE
JOSHUA
JOHANNE
JEFFREY
JAMEE
HAN
HALLEY
GIDGET
GALINA
FREDRICKA
FLETA
FATIMAH
EUSEBIA
ELZA
ELEONORE
DORTHEY
DORIA
DONELLA
DINORAH
DELORSE
CLARETHA
CHRISTINIA
CHARLYN
BONG
BELKIS
AZZIE
ANDERA
AIKO
ADENA
YER
YAJAIRA
WAN
VANIA
ULRIKE
TOSHIA
TIFANY
STEFANY
SHIZUE
SHENIKA
SHAWANNA
SHAROLYN
SHARILYN
SHAQUANA
SHANTAY
ROZANNE
ROSELEE
RICKIE
REMONA
REANNA
RAELENE
QUINN
PHUNG
PETRONILA
NATACHA
NANCEY
MYRL
MIYOKO
MIESHA
MERIDETH
MARVELLA
MARQUITTA
MARHTA
MARCHELLE
LIZETH
LIBBIE
LAHOMA
LADAWN
KINA
KATHELEEN
KATHARYN
KARISA
KALEIGH
JUNIE
JULIEANN
JOHNSIE
JANEAN
JAIMEE
JACKQUELINE
HISAKO
HERMA
HELAINE
GWYNETH
GLENN
GITA
EUSTOLIA
EMELINA
ELIN
EDRIS
DONNETTE
DONNETTA
DIERDRE
DENAE
DARCEL
CLAUDE
CLARISA
CINDERELLA
CHIA
CHARLESETTA
CHARITA
CELSA
CASSY
CASSI
CARLEE
BRUNA
BRITTANEY
BRANDE
BILLI
BAO
ANTONETTA
ANGLA
ANGELYN
ANALISA
ALANE
WENONA
WENDIE
VERONIQUE
VANNESA
TOBIE
TEMPIE
SUMIKO
SULEMA
SPARKLE
SOMER
SHEBA
SHAYNE
SHARICE
SHANEL
SHALON
SAGE
ROY
ROSIO
ROSELIA
RENAY
REMA
REENA
PORSCHE
PING
OZIE
ORETHA
ORALEE
ODA
NU
NGAN
NAKESHA
MILLY
MARYBELLE
MARLIN
MARIS
MARGRETT
MARAGARET
MANIE
LURLENE
LILLIA
LIESELOTTE
LAVELLE
LASHAUNDA
LAKEESHA
KEITH
KAYCEE
KALYN
JOYA
JOETTE
JENAE
JANIECE
ILLA
GRISEL
GLAYDS
GENEVIE
GALA
FREDDA
FRED
ELMER
ELEONOR
DEBERA
DEANDREA
DAN
CORRINNE
CORDIA
CONTESSA
COLENE
CLEOTILDE
CHARLOTT
CHANTAY
CECILLE
BEATRIS
AZALEE
ARLEAN
ARDATH
ANJELICA
ANJA
ALFREDIA
ALEISHA
ADAM
ZADA
YUONNE
XIAO
WILLODEAN
WHITLEY
VENNIE
VANNA
TYISHA
TOVA
TORIE
TONISHA
TILDA
TIEN
TEMPLE
SIRENA
SHERRIL
SHANTI
SHAN
SENAIDA
SAMELLA
ROBBYN
RENDA
REITA
PHEBE
PAULITA
NOBUKO
NGUYET
NEOMI
MIKAELA
MELANIA
MAXIMINA
MARG
MAISIE
LYNNA
LILLI
LAYNE
LASHAUN
LAKENYA
LAEL
KIRSTIE
KATHLINE
KASHA
KARLYN
KARIMA
JOVAN
JOSEFINE
JENNELL
JACQUI
JACKELYN
HYO
HIEN
GRAZYNA
FLORRIE
FLORIA
ELEONORA
DWANA
DORLA
DONG
DELMY
DEJA
DEDE
DANN
CRYSTA
CLELIA
CLARIS
CLARENCE
CHIEKO
CHERLYN
CHERELLE
CHARMAIN
CHARA
CAMMY
BEE
ARNETTE
ARDELLE
ANNIKA
AMIEE
AMEE
ALLENA
YVONE
YUKI
YOSHIE
YEVETTE
YAEL
WILLETTA
VONCILE
VENETTA
TULA
TONETTE
TIMIKA
TEMIKA
TELMA
TEISHA
TAREN
TA
STACEE
SHIN
SHAWNTA
SATURNINA
RICARDA
POK
ONIE
NUBIA
MORA
MIKE
MARIELLE
MARIELLA
MARIANELA
MARDELL
LUANNA
LOISE
LISABETH
LINDSY
LILLIANA
LILLIAM
LELAH
LEIGHA
LEANORA
LANG
KRISTEEN
KHALILAH
KEELEY
KANDRA
JUNKO
JOAQUINA
JERLENE
JANI
JAMIKA
JAME
HSIU
HERMILA
GENEVIVE
EVIA
EUGENA
EMMALINE
ELFREDA
ELENE
DONETTE
DELCIE
DEEANNA
DARCEY
CUC
CLARINDA
CIRA
CHAE
CELINDA
CATHERYN
CATHERIN
CASIMIRA
CARMELIA
CAMELLIA
BREANA
BOBETTE
BERNARDINA
BEBE
BASILIA
ARLYNE
AMAL
ALAYNA
ZONIA
ZENIA
YURIKO
YAEKO
WYNELL
WILLOW
WILLENA
VERNIA
TU
TRAVIS
TORA
TERRILYN
TERICA
TENESHA
TAWNA
TAJUANA
TAINA
STEPHNIE
SONA
SOL
SINA
SHONDRA
SHIZUKO
SHERLENE
SHERICE
SHARIKA
ROSSIE
ROSENA
RORY
RIMA
RIA
RHEBA
RENNA
PETER
NATALYA
NANCEE
MELODI
MEDA
MAXIMA
MATHA
MARKETTA
MARICRUZ
MARCELENE
MALVINA
LUBA
LOUETTA
LEIDA
LECIA
LAURAN
LASHAWNA
LAINE
KHADIJAH
KATERINE
KASI
KALLIE
JULIETTA
JESUSITA
JESTINE
JESSIA
JEREMY
JEFFIE
JANYCE
ISADORA
GEORGIANNE
FIDELIA
EVITA
EURA
EULAH
ESTEFANA
ELSY
ELIZABET
ELADIA
DODIE
DION
DIA
DENISSE
DELORAS
DELILA
DAYSI
DAKOTA
CURTIS
CRYSTLE
CONCHA
COLBY
CLARETTA
CHU
CHRISTIA
CHARLSIE
CHARLENA
CARYLON
BETTYANN
ASLEY
ASHLEA
AMIRA
AI
AGUEDA
AGNUS
YUETTE
VINITA
VICTORINA
TYNISHA
TREENA
TOCCARA
TISH
THOMASENA
TEGAN
SOILA
SHILOH
SHENNA
SHARMAINE
SHANTAE
SHANDI
SEPTEMBER
SARAN
SARAI
SANA
SAMUEL
SALLEY
ROSETTE
ROLANDE
REGINE
OTELIA
OSCAR
OLEVIA
NICHOLLE
NECOLE
NAIDA
MYRTA
MYESHA
MITSUE
MINTA
MERTIE
MARGY
MAHALIA
MADALENE
LOURA
LOREAN
LEWIS
LESHA
LEONIDA
LENITA
LAVONE
LASHELL
LASHANDRA
LAMONICA
KIMBRA
KATHERINA
KARRY
KANESHA
JULIO
JONG
JENEVA
JAQUELYN
HWA
GILMA
GHISLAINE
GERTRUDIS
FRANSISCA
FERMINA
ETTIE
ETSUKO
ELLIS
ELLAN
ELIDIA
EDRA
DORETHEA
DOREATHA
DENYSE
DENNY
DEETTA
DAINE
CYRSTAL
CORRIN
CAYLA
CARLITA
CAMILA
BURMA
BULA
BUENA
BLAKE
BARABARA
AVRIL
AUSTIN
ALAINE
ZANA
WILHEMINA
WANETTA
VIRGIL
VI
VERONIKA
VERNON
VERLINE
VASILIKI
TONITA
TISA
TEOFILA
TAYNA
TAUNYA
TANDRA
TAKAKO
SUNNI
SUANNE
SIXTA
SHARELL
SEEMA
RUSSELL
ROSENDA
ROBENA
RAYMONDE
PEI
PAMILA
OZELL
NEIDA
NEELY
MISTIE
MICHA
MERISSA
MAURITA
MARYLN
MARYETTA
MARSHALL
MARCELL
MALENA
MAKEDA
MADDIE
LOVETTA
LOURIE
LORRINE
LORILEE
LESTER
LAURENA
LASHAY
LARRAINE
LAREE
LACRESHA
KRISTLE
KRISHNA
KEVA
KEIRA
KAROLE
JOIE
JINNY
JEANNETTA
JAMA
HEIDY
GILBERTE
GEMA
FAVIOLA
EVELYNN
ENDA
ELLI
ELLENA
DIVINA
DAGNY
COLLENE
CODI
CINDIE
CHASSIDY
CHASIDY
CATRICE
CATHERINA
CASSEY
CAROLL
CARLENA
CANDRA
CALISTA
BRYANNA
BRITTENY
BEULA
BARI
AUDRIE
AUDRIA
ARDELIA
ANNELLE
ANGILA
ALONA
ALLYN