Afghan
Albanian
Algerian
American
American Samoan
Andorran
Angolan
Anguillan
Antarctican
Antigua and Barbuda national
Antillean
Argentinian
Armenian
Aruban
Australian
Austrian
Azerbaijani
Bahamian
Bahraini
Bangladeshi
Barbadian
Basotho
Belarusian
Belgian
Belizean
Beninese
Bermudian
Bhutanese
Bolivian
Bosnia and Herzegovina national
Botswanan
Bouvet Island
Brazilian
British Indian Ocean Territory
British Virgin Islander
Briton
Bruneian
Bulgarian
Burkinabe
Burmese
Burundian
Cambodian
Cameroonian
Canadian
Cape Verdean
Caymanian
Central African
Chadian
Chilean
Chinese
Christmas Islander
Cocos Islander
Colombian
Comorian
Congolese
Congolese
Cook Islander
Costa Rican
Croat
Cuban
Cypriot
Czech
Dane
Djiboutian
Dominican
Dominican
East Timorese
Ecuadorian
Egyptian
Emirian
Equatorial Guinean
Eritrean
Estonian
Ethiopian
Faeroese
Falkland Islander
Fiji Islander
Filipino
Finn
French
French Southern Territories
Gabonese
Gambian
Georgian
German
Ghanaian
Gibraltarian
Greek
Greenlander
Grenadian
Guadeloupean
Guamanian
Guatemalan
Guianese
Guinea-Bissau national
Guinean
Guyanese
Haitian
Heard Island and McDonald Islands
Honduran
Hong Kong Chinese
Hungarian
Icelander
Indian
Indonesian
Iranian
Iraqi
Irish
Israeli
Italian
Ivorian
Jamaican
Japanese
Jordanian
Kazakh
Kenyan
Kiribatian
Kuwaiti
Kyrgyz
Lao
Latvian
Lebanese
Liberian
Libyan
Liechtensteiner
Lithuanian
Luxembourger
Macanese
Macedonian
Mahorais
Malagasy
Malawian
Malaysian
Maldivian
Malian
Maltese
Marshallese
Martinican
Mauritanian
Mauritian
Mexican
Micronesian
Moldovan
Monegasque
Mongolian
Montenegrian
Montserratian
Moroccan
Mozambican
Namibian
Nauruan
Nepalese
Netherlander
New Caledonian
New Zealander
Nicaraguan
Nigerian
Nigerien
Niuean
Norfolk Islander
North Korean
Northern Mariana Islander
Norwegian
Omani
Pakistani
Palauan
Panamanian
Papua New Guinean
Paraguayan
Peruvian
Pitcairner
Pole
Polynesian
Portuguese
Puerto Rican
Qatari
Reunionese
Romanian
Russian
Rwandan
Sahrawi
Saint Helenian
Saint Kitts and Nevis national
Saint Lucian
Saint Pierre and Miquelon national
Salvadorian
Samoan
San Marinese
São Toméan
Saudi Arabian
Senegalese
Serbian
Seychellois
Sierra Leonean
Singaporean
Slovak
Slovene
Solomon Islander
Somali
South African
South Georgia and the South Sandwich Islands
South Korean
Spaniard
Sri Lankan
Sudanese
Surinamer
Svalbard and Jan Mayen
Swazi
Swede
Swiss
Syrian
Taiwanese
Tajik
Tanzanian
Thai
Togolese
Tokelauan
Tongan
Trinidad and Tobago national
Tunisian
Turk
Turkmen
Turks and Caicos Islander
Tuvaluan
Ugandan
Ukrainian
United States Minor Outlying Islands
Uruguayan
US Virgin Islander
Uzbek
Vanuatuan
Vatican
Venezuelan
Vietnamese
Vincentian
Wallis and Futuna Islander
Yemeni
Zambian
Zimbabwean
Åland Islander
